Archive member included to satisfy reference by file (symbol)

C:/ST/STM32CubeIDE_1.17.0/STM32CubeIDE/plugins/com.st.stm32cube.ide.mcu.externaltools.gnu-tools-for-stm32.14.3.rel1.win32_1.0.100.202602081740/tools/bin/../lib/gcc/arm-none-eabi/14.3.1/../../../../arm-none-eabi/lib/thumb/v7e-m+dp/hard\libstdc++_nano.a(del_ops.o)
                              Core\Src\fmc-display\rpiDisplaySceneBuilder.o (operator delete(void*, unsigned int))
C:/ST/STM32CubeIDE_1.17.0/STM32CubeIDE/plugins/com.st.stm32cube.ide.mcu.externaltools.gnu-tools-for-stm32.14.3.rel1.win32_1.0.100.202602081740/tools/bin/../lib/gcc/arm-none-eabi/14.3.1/../../../../arm-none-eabi/lib/thumb/v7e-m+dp/hard\libstdc++_nano.a(new_op.o)
                              Core\Src\fmc-display\rpiSceneBuilderUser.o (operator new(unsigned int))
C:/ST/STM32CubeIDE_1.17.0/STM32CubeIDE/plugins/com.st.stm32cube.ide.mcu.externaltools.gnu-tools-for-stm32.14.3.rel1.win32_1.0.100.202602081740/tools/bin/../lib/gcc/arm-none-eabi/14.3.1/../../../../arm-none-eabi/lib/thumb/v7e-m+dp/hard\libstdc++_nano.a(del_op.o)
                              C:/ST/STM32CubeIDE_1.17.0/STM32CubeIDE/plugins/com.st.stm32cube.ide.mcu.externaltools.gnu-tools-for-stm32.14.3.rel1.win32_1.0.100.202602081740/tools/bin/../lib/gcc/arm-none-eabi/14.3.1/../../../../arm-none-eabi/lib/thumb/v7e-m+dp/hard\libstdc++_nano.a(del_ops.o) (operator delete(void*))
C:/ST/STM32CubeIDE_1.17.0/STM32CubeIDE/plugins/com.st.stm32cube.ide.mcu.externaltools.gnu-tools-for-stm32.14.3.rel1.win32_1.0.100.202602081740/tools/bin/../lib/gcc/arm-none-eabi/14.3.1/../../../../arm-none-eabi/lib/thumb/v7e-m+dp/hard\libstdc++_nano.a(new_handler.o)
                              C:/ST/STM32CubeIDE_1.17.0/STM32CubeIDE/plugins/com.st.stm32cube.ide.mcu.externaltools.gnu-tools-for-stm32.14.3.rel1.win32_1.0.100.202602081740/tools/bin/../lib/gcc/arm-none-eabi/14.3.1/../../../../arm-none-eabi/lib/thumb/v7e-m+dp/hard\libstdc++_nano.a(new_op.o) (std::get_new_handler())
C:/ST/STM32CubeIDE_1.17.0/STM32CubeIDE/plugins/com.st.stm32cube.ide.mcu.externaltools.gnu-tools-for-stm32.14.3.rel1.win32_1.0.100.202602081740/tools/bin/../lib/gcc/arm-none-eabi/14.3.1/../../../../arm-none-eabi/lib/thumb/v7e-m+dp/hard\libc_nano.a(libc_a-abort.o)
                              C:/ST/STM32CubeIDE_1.17.0/STM32CubeIDE/plugins/com.st.stm32cube.ide.mcu.externaltools.gnu-tools-for-stm32.14.3.rel1.win32_1.0.100.202602081740/tools/bin/../lib/gcc/arm-none-eabi/14.3.1/../../../../arm-none-eabi/lib/thumb/v7e-m+dp/hard\libstdc++_nano.a(new_op.o) (abort)
C:/ST/STM32CubeIDE_1.17.0/STM32CubeIDE/plugins/com.st.stm32cube.ide.mcu.externaltools.gnu-tools-for-stm32.14.3.rel1.win32_1.0.100.202602081740/tools/bin/../lib/gcc/arm-none-eabi/14.3.1/../../../../arm-none-eabi/lib/thumb/v7e-m+dp/hard\libc_nano.a(libc_a-exit.o)
                              C:/ST/STM32CubeIDE_1.17.0/STM32CubeIDE/plugins/com.st.stm32cube.ide.mcu.externaltools.gnu-tools-for-stm32.14.3.rel1.win32_1.0.100.202602081740/tools/bin/../lib/gcc/arm-none-eabi/14.3.1/../../../../arm-none-eabi/lib/thumb/v7e-m+dp/hard/crt0.o (exit)
C:/ST/STM32CubeIDE_1.17.0/STM32CubeIDE/plugins/com.st.stm32cube.ide.mcu.externaltools.gnu-tools-for-stm32.14.3.rel1.win32_1.0.100.202602081740/tools/bin/../lib/gcc/arm-none-eabi/14.3.1/../../../../arm-none-eabi/lib/thumb/v7e-m+dp/hard\libc_nano.a(libc_a-itoa.o)
                              Core\Src\data.o (itoa)
C:/ST/STM32CubeIDE_1.17.0/STM32CubeIDE/plugins/com.st.stm32cube.ide.mcu.externaltools.gnu-tools-for-stm32.14.3.rel1.win32_1.0.100.202602081740/tools/bin/../lib/gcc/arm-none-eabi/14.3.1/../../../../arm-none-eabi/lib/thumb/v7e-m+dp/hard\libc_nano.a(libc_a-malloc.o)
                              C:/ST/STM32CubeIDE_1.17.0/STM32CubeIDE/plugins/com.st.stm32cube.ide.mcu.externaltools.gnu-tools-for-stm32.14.3.rel1.win32_1.0.100.202602081740/tools/bin/../lib/gcc/arm-none-eabi/14.3.1/../../../../arm-none-eabi/lib/thumb/v7e-m+dp/hard\libstdc++_nano.a(new_op.o) (malloc)
C:/ST/STM32CubeIDE_1.17.0/STM32CubeIDE/plugins/com.st.stm32cube.ide.mcu.externaltools.gnu-tools-for-stm32.14.3.rel1.win32_1.0.100.202602081740/tools/bin/../lib/gcc/arm-none-eabi/14.3.1/../../../../arm-none-eabi/lib/thumb/v7e-m+dp/hard\libc_nano.a(libc_a-mallocr.o)
                              C:/ST/STM32CubeIDE_1.17.0/STM32CubeIDE/plugins/com.st.stm32cube.ide.mcu.externaltools.gnu-tools-for-stm32.14.3.rel1.win32_1.0.100.202602081740/tools/bin/../lib/gcc/arm-none-eabi/14.3.1/../../../../arm-none-eabi/lib/thumb/v7e-m+dp/hard\libc_nano.a(libc_a-malloc.o) (_malloc_r)
C:/ST/STM32CubeIDE_1.17.0/STM32CubeIDE/plugins/com.st.stm32cube.ide.mcu.externaltools.gnu-tools-for-stm32.14.3.rel1.win32_1.0.100.202602081740/tools/bin/../lib/gcc/arm-none-eabi/14.3.1/../../../../arm-none-eabi/lib/thumb/v7e-m+dp/hard\libc_nano.a(libc_a-mlock.o)
[...]
Memory Configuration

Name             Origin             Length             Attributes
FLASH            0x08000000         0x00200000         xr
DTCMRAM          0x20000000         0x00020000         xrw
RAM_D1           0x24000000         0x00080000         xrw
RAM_D2           0x30000000         0x00048000         xrw
RAM_D3           0x38000000         0x00010000         xrw
ITCMRAM          0x00000000         0x00010000         xrw
*default*        0x00000000         0xffffffff

Linker script and memory map

LOAD C:/ST/STM32CubeIDE_1.17.0/STM32CubeIDE/plugins/com.st.stm32cube.ide.mcu.externaltools.gnu-tools-for-stm32.14.3.rel1.win32_1.0.100.202602081740/tools/bin/../lib/gcc/arm-none-eabi/14.3.1/thumb/v7e-m+dp/hard/crti.o
LOAD C:/ST/STM32CubeIDE_1.17.0/STM32CubeIDE/plugins/com.st.stm32cube.ide.mcu.externaltools.gnu-tools-for-stm32.14.3.rel1.win32_1.0.100.202602081740/tools/bin/../lib/gcc/arm-none-eabi/14.3.1/thumb/v7e-m+dp/hard/crtbegin.o
LOAD C:/ST/STM32CubeIDE_1.17.0/STM32CubeIDE/plugins/com.st.stm32cube.ide.mcu.externaltools.gnu-tools-for-stm32.14.3.rel1.win32_1.0.100.202602081740/tools/bin/../lib/gcc/arm-none-eabi/14.3.1/../../../../arm-none-eabi/lib/thumb/v7e-m+dp/hard/crt0.o
LOAD Core\Src\data.o
LOAD Core\Src\easyusbprintln\easyusbprintln.o
LOAD Core\Src\fmc-display\lcd_io.o
LOAD Core\Src\fmc-display\rpiDisplaySceneBuilder.o
LOAD Core\Src\fmc-display\rpiDisplayShapes.o
LOAD Core\Src\fmc-display\rpiSceneBuilderUser.o
LOAD Core\Src\main.o
LOAD Core\Src\shiftLights.o
LOAD Core\Src\stm32h7xx_hal_msp.o
LOAD Core\Src\stm32h7xx_it.o
LOAD Core\Src\syscalls.o
LOAD Core\Src\sysmem.o
LOAD Core\Src\system_stm32h7xx.o
LOAD Core\Startup\startup_stm32h743vitx.o
LOAD Drivers\STM32H7xx_HAL_Driver\Src\stm32h7xx_hal.o
LOAD Drivers\STM32H7xx_HAL_Driver\Src\stm32h7xx_hal_cortex.o
LOAD Drivers\STM32H7xx_HAL_Driver\Src\stm32h7xx_hal_dma.o
LOAD Drivers\STM32H7xx_HAL_Driver\Src\stm32h7xx_hal_dma2d.o
LOAD Drivers\STM32H7xx_HAL_Driver\Src\stm32h7xx_hal_dma_ex.o
LOAD Drivers\STM32H7xx_HAL_Driver\Src\stm32h7xx_hal_exti.o
LOAD Drivers\STM32H7xx_HAL_Driver\Src\stm32h7xx_hal_fdcan.o
LOAD Drivers\STM32H7xx_HAL_Driver\Src\stm32h7xx_hal_flash.o
LOAD Drivers\STM32H7xx_HAL_Driver\Src\stm32h7xx_hal_flash_ex.o
LOAD Drivers\STM32H7xx_HAL_Driver\Src\stm32h7xx_hal_gpio.o
LOAD Drivers\STM32H7xx_HAL_Driver\Src\stm32h7xx_hal_hsem.o
LOAD Drivers\STM32H7xx_HAL_Driver\Src\stm32h7xx_hal_i2c.o
LOAD Drivers\STM32H7xx_HAL_Driver\Src\stm32h7xx_hal_i2c_ex.o
LOAD Drivers\STM32H7xx_HAL_Driver\Src\stm32h7xx_hal_iwdg.o
LOAD Drivers\STM32H7xx_HAL_Driver\Src\stm32h7xx_hal_mdma.o
LOAD Drivers\STM32H7xx_HAL_Driver\Src\stm32h7xx_hal_nand.o
LOAD Drivers\STM32H7xx_HAL_Driver\Src\stm32h7xx_hal_nor.o
LOAD Drivers\STM32H7xx_HAL_Driver\Src\stm32h7xx_hal_pcd.o
LOAD Drivers\STM32H7xx_HAL_Driver\Src\stm32h7xx_hal_pcd_ex.o
LOAD Drivers\STM32H7xx_HAL_Driver\Src\stm32h7xx_hal_pwr.o
LOAD Drivers\STM32H7xx_HAL_Driver\Src\stm32h7xx_hal_pwr_ex.o
LOAD Drivers\STM32H7xx_HAL_Driver\Src\stm32h7xx_hal_rcc.o
LOAD Drivers\STM32H7xx_HAL_Driver\Src\stm32h7xx_hal_rcc_ex.o
LOAD Drivers\STM32H7xx_HAL_Driver\Src\stm32h7xx_hal_sdram.o
LOAD Drivers\STM32H7xx_HAL_Driver\Src\stm32h7xx_hal_sram.o
LOAD Drivers\STM32H7xx_HAL_Driver\Src\stm32h7xx_hal_tim.o
LOAD Drivers\STM32H7xx_HAL_Driver\Src\stm32h7xx_hal_tim_ex.o
LOAD Drivers\STM32H7xx_HAL_Driver\Src\stm32h7xx_ll_fmc.o
LOAD Drivers\STM32H7xx_HAL_Driver\Src\stm32h7xx_ll_usb.o
LOAD Middlewares\ST\STM32_USB_Device_Library\Class\CDC\Src\usbd_cdc.o
LOAD Middlewares\ST\STM32_USB_Device_Library\Core\Src\usbd_core.o
LOAD Middlewares\ST\STM32_USB_Device_Library\Core\Src\usbd_ctlreq.o
LOAD Middlewares\ST\STM32_USB_Device_Library\Core\Src\usbd_ioreq.o
LOAD USB_DEVICE\App\usb_device.o
LOAD USB_DEVICE\App\usbd_cdc_if.o
LOAD USB_DEVICE\App\usbd_desc.o
LOAD USB_DEVICE\Target\usbd_conf.o
START GROUP
LOAD C:/ST/STM32CubeIDE_1.17.0/STM32CubeIDE/plugins/com.st.stm32cube.ide.mcu.externaltools.gnu-tools-for-stm32.14.3.rel1.win32_1.0.100.202602081740/tools/bin/../lib/gcc/arm-none-eabi/14.3.1/../../../../arm-none-eabi/lib/thumb/v7e-m+dp/hard\libstdc++_nano.a
LOAD C:/ST/STM32CubeIDE_1.17.0/STM32CubeIDE/plugins/com.st.stm32cube.ide.mcu.externaltools.gnu-tools-for-stm32.14.3.rel1.win32_1.0.100.202602081740/tools/bin/../lib/gcc/arm-none-eabi/14.3.1/../../../../arm-none-eabi/lib/thumb/v7e-m+dp/hard\libsupc++_nano.a
END GROUP
LOAD C:/ST/STM32CubeIDE_1.17.0/STM32CubeIDE/plugins/com.st.stm32cube.ide.mcu.externaltools.gnu-tools-for-stm32.14.3.rel1.win32_1.0.100.202602081740/tools/bin/../lib/gcc/arm-none-eabi/14.3.1/../../../../arm-none-eabi/lib/thumb/v7e-m+dp/hard\libstdc++_nano.a
LOAD C:/ST/STM32CubeIDE_1.17.0/STM32CubeIDE/plugins/com.st.stm32cube.ide.mcu.externaltools.gnu-tools-for-stm32.14.3.rel1.win32_1.0.100.202602081740/tools/bin/../lib/gcc/arm-none-eabi/14.3.1/../../../../arm-none-eabi/lib/thumb/v7e-m+dp/hard\libm.a
LOAD C:/ST/STM32CubeIDE_1.17.0/STM32CubeIDE/plugins/com.st.stm32cube.ide.mcu.externaltools.gnu-tools-for-stm32.14.3.rel1.win32_1.0.100.202602081740/tools/bin/../lib/gcc/arm-none-eabi/14.3.1/../../../../arm-none-eabi/lib/thumb/v7e-m+dp/hard\libc_nano.a
START GROUP
LOAD C:/ST/STM32CubeIDE_1.17.0/STM32CubeIDE/plugins/com.st.stm32cube.ide.mcu.externaltools.gnu-tools-for-stm32.14.3.rel1.win32_1.0.100.202602081740/tools/bin/../lib/gcc/arm-none-eabi/14.3.1/thumb/v7e-m+dp/hard\libgcc.a
LOAD C:/ST/STM32CubeIDE_1.17.0/STM32CubeIDE/plugins/com.st.stm32cube.ide.mcu.externaltools.gnu-tools-for-stm32.14.3.rel1.win32_1.0.100.202602081740/tools/bin/../lib/gcc/arm-none-eabi/14.3.1/../../../../arm-none-eabi/lib/thumb/v7e-m+dp/hard\libc_nano.a
END GROUP
START GROUP
LOAD C:/ST/STM32CubeIDE_1.17.0/STM32CubeIDE/plugins/com.st.stm32cube.ide.mcu.externaltools.gnu-tools-for-stm32.14.3.rel1.win32_1.0.100.202602081740/tools/bin/../lib/gcc/arm-none-eabi/14.3.1/thumb/v7e-m+dp/hard\libgcc.a
LOAD C:/ST/STM32CubeIDE_1.17.0/STM32CubeIDE/plugins/com.st.stm32cube.ide.mcu.externaltools.gnu-tools-for-stm32.14.3.rel1.win32_1.0.100.202602081740/tools/bin/../lib/gcc/arm-none-eabi/14.3.1/../../../../arm-none-eabi/lib/thumb/v7e-m+dp/hard\libc_nano.a
END GROUP
LOAD C:/ST/STM32CubeIDE_1.17.0/STM32CubeIDE/plugins/com.st.stm32cube.ide.mcu.externaltools.gnu-tools-for-stm32.14.3.rel1.win32_1.0.100.202602081740/tools/bin/../lib/gcc/arm-none-eabi/14.3.1/thumb/v7e-m+dp/hard/crtend.o
LOAD C:/ST/STM32CubeIDE_1.17.0/STM32CubeIDE/plugins/com.st.stm32cube.ide.mcu.externaltools.gnu-tools-for-stm32.14.3.rel1.win32_1.0.100.202602081740/tools/bin/../lib/gcc/arm-none-eabi/14.3.1/thumb/v7e-m+dp/hard/crtn.o
                0x24080000                        _estack = (ORIGIN (RAM_D1) + LENGTH (RAM_D1))
                0x00000200                        _Min_Heap_Size = 0x200
                0x00000400                        _Min_Stack_Size = 0x400

.isr_vector     0x08000000      0x298
                0x08000000                        . = ALIGN (0x4)
 *(.isr_vector)
 .isr_vector    0x08000000      0x298 Core\Startup\startup_stm32h743vitx.o
                0x08000000                g_pfnVectors
                0x08000298                        . = ALIGN (0x4)

.text           0x08000298    0x118d4
                0x08000298                        . = ALIGN (0x4)
 *(.text)
 .text          0x08000298       0x40 C:/ST/STM32CubeIDE_1.17.0/STM32CubeIDE/plugins/com.st.stm32cube.ide.mcu.externaltools.gnu-tools-for-stm32.14.3.rel1.win32_1.0.100.202602081740/tools/bin/../lib/gcc/arm-none-eabi/14.3.1/thumb/v7e-m+dp/hard/crtbegin.o
 .text          0x080002d8       0x10 C:/ST/STM32CubeIDE_1.17.0/STM32CubeIDE/plugins/com.st.stm32cube.ide.mcu.externaltools.gnu-tools-for-stm32.14.3.rel1.win32_1.0.100.202602081740/tools/bin/../lib/gcc/arm-none-eabi/14.3.1/../../../../arm-none-eabi/lib/thumb/v7e-m+dp/hard\libc_nano.a(libc_a-strlen.o)
                0x080002d8                strlen
 *(.text*)
 .text.lcdInit  0x080002e8       0x5c Core\Src\data.o
                0x080002e8                lcdInit
 .text.processCAN
                0x08000344      0x378 Core\Src\data.o
                0x08000344                processCAN
 .text.calculateGear
                0x080006bc       0xb6 Core\Src\data.o
                0x080006bc                calculateGear
 *fill*         0x08000772        0x2 
 .text.commandAndData
                0x08000774       0x50 Core\Src\fmc-display\lcd_io.o
                0x08000774                commandAndData
 .text.LCD_CLEAR_DMA2D
                0x080007c4       0xa4 Core\Src\fmc-display\lcd_io.o
                0x080007c4                LCD_CLEAR_DMA2D
 .text.displayOn
                0x08000868       0x12 Core\Src\fmc-display\lcd_io.o
                0x08000868                displayOn
 *fill*         0x0800087a        0x2 
 .text.resetScreen
                0x0800087c       0x3c Core\Src\fmc-display\lcd_io.o
                0x0800087c                resetScreen
 .text.initializeScreen
                0x080008b8      0x120 Core\Src\fmc-display\lcd_io.o
                0x080008b8                initializeScreen
 .text._ZN5SceneC2EPP13DisplayObjecth
                0x080009d8       0x24 Core\Src\fmc-display\rpiDisplaySceneBuilder.o
                0x080009d8                Scene::Scene(DisplayObject**, unsigned char)
                0x080009d8                Scene::Scene(DisplayObject**, unsigned char)
 .text._ZN5Scene8setSceneEPP13DisplayObjecth
                0x080009fc       0x68 Core\Src\fmc-display\rpiDisplaySceneBuilder.o
                0x080009fc                Scene::setScene(DisplayObject**, unsigned char)
 .text._ZN5Scene9drawSceneEv
                0x08000a64      0x11c Core\Src\fmc-display\rpiDisplaySceneBuilder.o
                0x08000a64                Scene::drawScene()
 .text._ZN13DisplayObjectD2Ev
                0x08000b80       0x20 Core\Src\fmc-display\rpiDisplaySceneBuilder.o
                0x08000b80                DisplayObject::~DisplayObject()
                0x08000b80                DisplayObject::~DisplayObject()
 .text._ZN13DisplayObject15resetChangeFlagEv
                0x08000ba0       0x1a Core\Src\fmc-display\rpiDisplaySceneBuilder.o
                0x08000ba0                DisplayObject::resetChangeFlag()
 .text._ZN13DisplayObject12redrawObjectEv
                0x08000bba       0x1a Core\Src\fmc-display\rpiDisplaySceneBuilder.o
                0x08000bba                DisplayObject::redrawObject()
 .text._ZN13DisplayObject7getxposEv
                0x08000bd4       0x18 Core\Src\fmc-display\rpiDisplaySceneBuilder.o
                0x08000bd4                DisplayObject::getxpos()
 .text._ZN13DisplayObject7setxposEt
                0x08000bec       0x1e Core\Src\fmc-display\rpiDisplaySceneBuilder.o
                0x08000bec                DisplayObject::setxpos(unsigned short)
 .text._ZN13DisplayObject7getyposEv
                0x08000c0a       0x18 Core\Src\fmc-display\rpiDisplaySceneBuilder.o
                0x08000c0a                DisplayObject::getypos()
 .text._ZN13DisplayObject7setyposEt
                0x08000c22       0x1e Core\Src\fmc-display\rpiDisplaySceneBuilder.o
                0x08000c22                DisplayObject::setypos(unsigned short)
 .text._ZN13DisplayObject11getpriorityEv
                0x08000c40       0x18 Core\Src\fmc-display\rpiDisplaySceneBuilder.o
                0x08000c40                DisplayObject::getpriority()
 .text._ZN13DisplayObject11setpriorityEh
                0x08000c58       0x1e Core\Src\fmc-display\rpiDisplaySceneBuilder.o
                0x08000c58                DisplayObject::setpriority(unsigned char)
 .text._ZN13DisplayObject13getChangeFlagEv
                0x08000c76       0x18 Core\Src\fmc-display\rpiDisplaySceneBuilder.o
                0x08000c76                DisplayObject::getChangeFlag()
 *fill*         0x08000c8e        0x2 
 .text._ZN13DisplayObjectC2Ev
                0x08000c90       0x20 Core\Src\fmc-display\rpiDisplaySceneBuilder.o
                0x08000c90                DisplayObject::DisplayObject()
                0x08000c90                DisplayObject::DisplayObject()
 .text._ZN12StringObjectC2EtttPK7GFXfonthPch
                0x08000cb0       0x7c Core\Src\fmc-display\rpiDisplaySceneBuilder.o
                0x08000cb0                StringObject::StringObject(unsigned short, unsigned short, unsigned short, GFXfont const*, unsigned char, char*, unsigned char)
                0x08000cb0                StringObject::StringObject(unsigned short, unsigned short, unsigned short, GFXfont const*, unsigned char, char*, unsigned char)
 .text._ZN12StringObject19drawIntoFramebufferEPttt
                0x08000d2c       0x68 Core\Src\fmc-display\rpiDisplaySceneBuilder.o
                0x08000d2c                StringObject::drawIntoFramebuffer(unsigned short*, unsigned short, unsigned short)
 .text._ZN12StringObject12updateStringEPchtPK7GFXfonttth
                0x08000d94       0x64 Core\Src\fmc-display\rpiDisplaySceneBuilder.o
                0x08000d94                StringObject::updateString(char*, unsigned char, unsigned short, GFXfont const*, unsigned short, unsigned short, unsigned char)
 .text._ZN17OutlineRectObjectC2Ettttthh
                0x08000df8       0x80 Core\Src\fmc-display\rpiDisplaySceneBuilder.o
                0x08000df8                OutlineRectObject::OutlineRectObject(unsigned short, unsigned short, unsigned short, unsigned short, unsigned short, unsigned char, unsigned char)
                0x08000df8                OutlineRectObject::OutlineRectObject(unsigned short, unsigned short, unsigned short, unsigned short, unsigned short, unsigned char, unsigned char)
 .text._ZN17OutlineRectObject19drawIntoFramebufferEPttt
                0x08000e78       0x64 Core\Src\fmc-display\rpiDisplaySceneBuilder.o
                0x08000e78                OutlineRectObject::drawIntoFramebuffer(unsigned short*, unsigned short, unsigned short)
 .text._ZN11ImageObjectC2EPctttthh
                0x08000edc       0x54 Core\Src\fmc-display\rpiDisplaySceneBuilder.o
                0x08000edc                ImageObject::ImageObject(char*, unsigned short, unsigned short, unsigned short, unsigned short, unsigned char, unsigned char)
                0x08000edc                ImageObject::ImageObject(char*, unsigned short, unsigned short, unsigned short, unsigned short, unsigned char, unsigned char)
 .text._ZN11ImageObject19drawIntoFramebufferEPttt
                0x08000f30       0x24 Core\Src\fmc-display\rpiDisplaySceneBuilder.o
                0x08000f30                ImageObject::drawIntoFramebuffer(unsigned short*, unsigned short, unsigned short)
 .text._ZN11ImageObject11updateImageEPctttthh
                0x08000f54       0x66 Core\Src\fmc-display\rpiDisplaySceneBuilder.o
                0x08000f54                ImageObject::updateImage(char*, unsigned short, unsigned short, unsigned short, unsigned short, unsigned char, unsigned char)
 *fill*         0x08000fba        0x2 
 .text._ZN11ImageObjectD2Ev
                0x08000fbc       0x24 Core\Src\fmc-display\rpiDisplaySceneBuilder.o
                0x08000fbc                ImageObject::~ImageObject()
                0x08000fbc                ImageObject::~ImageObject()
 .text._ZN11ImageObjectD0Ev
                0x08000fe0       0x20 Core\Src\fmc-display\rpiDisplaySceneBuilder.o
                0x08000fe0                ImageObject::~ImageObject()
 .text._ZN17OutlineRectObjectD2Ev
                0x08001000       0x24 Core\Src\fmc-display\rpiDisplaySceneBuilder.o
                0x08001000                OutlineRectObject::~OutlineRectObject()
                0x08001000                OutlineRectObject::~OutlineRectObject()
 .text._ZN17OutlineRectObjectD0Ev
                0x08001024       0x20 Core\Src\fmc-display\rpiDisplaySceneBuilder.o
                0x08001024                OutlineRectObject::~OutlineRectObject()
 .text._ZN12StringObjectD2Ev
                0x08001044       0x24 Core\Src\fmc-display\rpiDisplaySceneBuilder.o
                0x08001044                StringObject::~StringObject()
                0x08001044                StringObject::~StringObject()
 .text._ZN12StringObjectD0Ev
                0x08001068       0x20 Core\Src\fmc-display\rpiDisplaySceneBuilder.o
                0x08001068                StringObject::~StringObject()
 .text.modifySpace
                0x08001088       0x82 Core\Src\fmc-display\rpiDisplayShapes.o
                0x08001088                modifySpace
 .text.getRectCenter
                0x0800110a       0x46 Core\Src\fmc-display\rpiDisplayShapes.o
                0x0800110a                getRectCenter
 .text.drawRectangleOutlineIntoFramebuffer
                0x08001150      0x190 Core\Src\fmc-display\rpiDisplayShapes.o
                0x08001150                drawRectangleOutlineIntoFramebuffer
 .text.getStringCenter
                0x080012e0       0x6a Core\Src\fmc-display\rpiDisplayShapes.o
                0x080012e0                getStringCenter
 .text.getStringLeft
                0x0800134a       0x66 Core\Src\fmc-display\rpiDisplayShapes.o
                0x0800134a                getStringLeft
 .text.getCharXadv
                0x080013b0       0x32 Core\Src\fmc-display\rpiDisplayShapes.o
                0x080013b0                getCharXadv
 .text.drawCharIntoFramebuffer
                0x080013e2      0x170 Core\Src\fmc-display\rpiDisplayShapes.o
                0x080013e2                drawCharIntoFramebuffer
 .text.drawStringIntoFramebuffer
                0x08001552       0xf0 Core\Src\fmc-display\rpiDisplayShapes.o
                0x08001552                drawStringIntoFramebuffer
 *fill*         0x08001642        0x2 
 .text.setrpmdata
                0x08001644       0x58 Core\Src\fmc-display\rpiSceneBuilderUser.o
                0x08001644                setrpmdata
 .text.settempdata
                0x0800169c       0x58 Core\Src\fmc-display\rpiSceneBuilderUser.o
                0x0800169c                settempdata
 .text.setgeardata
                0x080016f4       0x54 Core\Src\fmc-display\rpiSceneBuilderUser.o
                0x080016f4                setgeardata
 .text.setbattdata
                0x08001748       0x58 Core\Src\fmc-display\rpiSceneBuilderUser.o
                0x08001748                setbattdata
 .text.setspeeddata
                0x080017a0       0x58 Core\Src\fmc-display\rpiSceneBuilderUser.o
                0x080017a0                setspeeddata
 .text.setairtankdata
                0x080017f8       0x54 Core\Src\fmc-display\rpiSceneBuilderUser.o
                0x080017f8                setairtankdata
 .text.setshiftcountdata
                0x0800184c       0x54 Core\Src\fmc-display\rpiSceneBuilderUser.o
                0x0800184c                setshiftcountdata
 .text.domainscreen
                0x080018a0       0x20 Core\Src\fmc-display\rpiSceneBuilderUser.o
                0x080018a0                domainscreen
 .text._Z41__static_initialization_and_destruction_0v
                0x080018c0      0x438 Core\Src\fmc-display\rpiSceneBuilderUser.o
 .text._GLOBAL__sub_I_epd_bitmap_allArray
                0x08001cf8        0xa Core\Src\fmc-display\rpiSceneBuilderUser.o
 *fill*         0x08001d02        0x2 
 .text.__NVIC_SystemReset
                0x08001d04       0x2c Core\Src\main.o
 .text.HAL_GPIO_EXTI_Callback
                0x08001d30       0x80 Core\Src\main.o
                0x08001d30                HAL_GPIO_EXTI_Callback
 .text.HAL_TIM_PeriodElapsedCallback
                0x08001db0       0x2c Core\Src\main.o
                0x08001db0                HAL_TIM_PeriodElapsedCallback
 .text.HAL_FDCAN_RxFifo0Callback
                0x08001ddc       0x4c Core\Src\main.o
                0x08001ddc                HAL_FDCAN_RxFifo0Callback
 .text.updateMainData
                0x08001e28       0x1c Core\Src\main.o
                0x08001e28                updateMainData
 .text.checkShift
                0x08001e44       0x34 Core\Src\main.o
                0x08001e44                checkShift
 .text.main     0x08001e78      0x278 Core\Src\main.o
                0x08001e78                main
 .text.SystemClock_Config
                0x080020f0       0xfc Core\Src\main.o
                0x080020f0                SystemClock_Config
 .text.PeriphCommonClock_Config
                0x080021ec       0x64 Core\Src\main.o
                0x080021ec                PeriphCommonClock_Config
 .text.MX_DMA2D_Init
                0x08002250       0x3c Core\Src\main.o
 .text.MX_FDCAN2_Init
                0x0800228c       0xc8 Core\Src\main.o
 .text.MX_IWDG1_Init
                0x08002354       0x3c Core\Src\main.o
 .text.MX_TIM2_Init
                0x08002390       0xec Core\Src\main.o
 .text.MX_TIM15_Init
                0x0800247c       0xa4 Core\Src\main.o
 .text.MX_DMA_Init
                0x08002520       0x40 Core\Src\main.o
 .text.MX_FMC_Init
                0x08002560       0xc8 Core\Src\main.o
 .text.MX_GPIO_Init
                0x08002628      0x204 Core\Src\main.o
 .text.MPU_Config
                0x0800282c       0x68 Core\Src\main.o
 .text.Error_Handler
                0x08002894        0xc Core\Src\main.o
                0x08002894                Error_Handler
 .text.setColor
                0x080028a0       0xf8 Core\Src\shiftLights.o
                0x080028a0                setColor
 .text.setColorAll
                0x08002998       0xfc Core\Src\shiftLights.o
                0x08002998                setColorAll
 .text.shiftLightsInit
                0x08002a94       0xf4 Core\Src\shiftLights.o
                0x08002a94                shiftLightsInit
 .text.HAL_TIM_PWM_PulseFinishedCallback
                0x08002b88       0x24 Core\Src\shiftLights.o
                0x08002b88                HAL_TIM_PWM_PulseFinishedCallback
 .text.UpdateShiftLights
                0x08002bac       0x98 Core\Src\shiftLights.o
                0x08002bac                UpdateShiftLights
 .text.lightOn  0x08002c44      0x102 Core\Src\shiftLights.o
                0x08002c44                lightOn
 *fill*         0x08002d46        0x2 
 .text.HAL_MspInit
                0x08002d48       0x34 Core\Src\stm32h7xx_hal_msp.o
                0x08002d48                HAL_MspInit
 .text.HAL_DMA2D_MspInit
                0x08002d7c       0x44 Core\Src\stm32h7xx_hal_msp.o
                0x08002d7c                HAL_DMA2D_MspInit
 .text.HAL_FDCAN_MspInit
                0x08002dc0       0xa4 Core\Src\stm32h7xx_hal_msp.o
                0x08002dc0                HAL_FDCAN_MspInit
 .text.HAL_TIM_Base_MspInit
                0x08002e64       0xe0 Core\Src\stm32h7xx_hal_msp.o
                0x08002e64                HAL_TIM_Base_MspInit
 .text.HAL_TIM_MspPostInit
                0x08002f44       0x70 Core\Src\stm32h7xx_hal_msp.o
                0x08002f44                HAL_TIM_MspPostInit
 .text.HAL_FMC_MspInit
                0x08002fb4       0xbc Core\Src\stm32h7xx_hal_msp.o
 .text.HAL_SRAM_MspInit
                0x08003070       0x14 Core\Src\stm32h7xx_hal_msp.o
                0x08003070                HAL_SRAM_MspInit
 .text.NMI_Handler
                0x08003084        0x8 Core\Src\stm32h7xx_it.o
                0x08003084                NMI_Handler
 .text.HardFault_Handler
                0x0800308c        0x8 Core\Src\stm32h7xx_it.o
                0x0800308c                HardFault_Handler
 .text.MemManage_Handler
                0x08003094        0x8 Core\Src\stm32h7xx_it.o
                0x08003094                MemManage_Handler
 .text.BusFault_Handler
                0x0800309c        0x8 Core\Src\stm32h7xx_it.o
                0x0800309c                BusFault_Handler
 .text.UsageFault_Handler
                0x080030a4        0x8 Core\Src\stm32h7xx_it.o
                0x080030a4                UsageFault_Handler
 .text.SVC_Handler
                0x080030ac        0xe Core\Src\stm32h7xx_it.o
                0x080030ac                SVC_Handler
 .text.DebugMon_Handler
                0x080030ba        0xe Core\Src\stm32h7xx_it.o
                0x080030ba                DebugMon_Handler
 .text.PendSV_Handler
                0x080030c8        0xe Core\Src\stm32h7xx_it.o
                0x080030c8                PendSV_Handler
 .text.SysTick_Handler
                0x080030d6        0xc Core\Src\stm32h7xx_it.o
                0x080030d6                SysTick_Handler
 .text.EXTI1_IRQHandler
                0x080030e2        0xe Core\Src\stm32h7xx_it.o
                0x080030e2                EXTI1_IRQHandler
 .text.EXTI2_IRQHandler
                0x080030f0        0xe Core\Src\stm32h7xx_it.o
                0x080030f0                EXTI2_IRQHandler
 .text.EXTI4_IRQHandler
                0x080030fe        0xe Core\Src\stm32h7xx_it.o
                0x080030fe                EXTI4_IRQHandler
 .text.DMA1_Stream0_IRQHandler
                0x0800310c       0x14 Core\Src\stm32h7xx_it.o
                0x0800310c                DMA1_Stream0_IRQHandler
 .text.FDCAN2_IT0_IRQHandler
                0x08003120       0x14 Core\Src\stm32h7xx_it.o
                0x08003120                FDCAN2_IT0_IRQHandler
 .text.OTG_FS_IRQHandler
                0x08003134       0x14 Core\Src\stm32h7xx_it.o
                0x08003134                OTG_FS_IRQHandler
 .text.TIM15_IRQHandler
                0x08003148       0x14 Core\Src\stm32h7xx_it.o
                0x08003148                TIM15_IRQHandler
 .text._getpid  0x0800315c       0x10 Core\Src\syscalls.o
                0x0800315c                _getpid
 .text._kill    0x0800316c       0x20 Core\Src\syscalls.o
                0x0800316c                _kill
 .text._exit    0x0800318c       0x16 Core\Src\syscalls.o
                0x0800318c                _exit
 *fill*         0x080031a2        0x2 
 .text._sbrk    0x080031a4       0x6c Core\Src\sysmem.o
                0x080031a4                _sbrk
 .text.SystemInit
                0x08003210      0x140 Core\Src\system_stm32h7xx.o
                0x08003210                SystemInit
 .text.ExitRun0Mode
                0x08003350       0x18 Core\Src\system_stm32h7xx.o
                0x08003350                ExitRun0Mode
 .text.Reset_Handler
                0x08003368       0x54 Core\Startup\startup_stm32h743vitx.o
                0x08003368                Reset_Handler
 .text.Default_Handler
                0x080033bc        0x2 Core\Startup\startup_stm32h743vitx.o
                0x080033bc                RTC_Alarm_IRQHandler
                0x080033bc                TIM8_CC_IRQHandler
                0x080033bc                HRTIM1_Master_IRQHandler
                0x080033bc                UART8_IRQHandler
                0x080033bc                SPI4_IRQHandler
                0x080033bc                TIM1_CC_IRQHandler
                0x080033bc                BDMA_Channel6_IRQHandler
                0x080033bc                DMA2_Stream5_IRQHandler
                0x080033bc                HRTIM1_FLT_IRQHandler
                0x080033bc                JPEG_IRQHandler
                0x080033bc                DMA1_Stream5_IRQHandler
                0x080033bc                BDMA_Channel1_IRQHandler
                0x080033bc                HRTIM1_TIMD_IRQHandler
                0x080033bc                TAMP_STAMP_IRQHandler
                0x080033bc                EXTI3_IRQHandler
                0x080033bc                LPTIM4_IRQHandler
                0x080033bc                TIM8_TRG_COM_TIM14_IRQHandler
                0x080033bc                LPTIM2_IRQHandler
                0x080033bc                DFSDM1_FLT1_IRQHandler
                0x080033bc                DMAMUX2_OVR_IRQHandler
                0x080033bc                TIM8_UP_TIM13_IRQHandler
                0x080033bc                I2C3_ER_IRQHandler
                0x080033bc                DFSDM1_FLT2_IRQHandler
                0x080033bc                MDMA_IRQHandler
                0x080033bc                LPTIM3_IRQHandler
                0x080033bc                HSEM1_IRQHandler
                0x080033bc                EXTI0_IRQHandler
                0x080033bc                I2C2_EV_IRQHandler
                0x080033bc                DMA1_Stream2_IRQHandler
                0x080033bc                FPU_IRQHandler
                0x080033bc                OTG_HS_WKUP_IRQHandler
                0x080033bc                FDCAN1_IT1_IRQHandler
                0x080033bc                LTDC_ER_IRQHandler
                0x080033bc                DMA2_Stream2_IRQHandler
                0x080033bc                HRTIM1_TIME_IRQHandler
                0x080033bc                SPI1_IRQHandler
                0x080033bc                TIM6_DAC_IRQHandler
                0x080033bc                DCMI_IRQHandler
                0x080033bc                HRTIM1_TIMC_IRQHandler
                0x080033bc                DMA2_Stream3_IRQHandler
                0x080033bc                SAI2_IRQHandler
                0x080033bc                DFSDM1_FLT3_IRQHandler
                0x080033bc                USART6_IRQHandler
                0x080033bc                TIM17_IRQHandler
                0x080033bc                USART3_IRQHandler
                0x080033bc                BDMA_Channel7_IRQHandler
                0x080033bc                LPTIM5_IRQHandler
                0x080033bc                UART5_IRQHandler
                0x080033bc                ADC3_IRQHandler
                0x080033bc                DMA2_Stream0_IRQHandler
                0x080033bc                TIM4_IRQHandler
                0x080033bc                BDMA_Channel2_IRQHandler
                0x080033bc                QUADSPI_IRQHandler
                0x080033bc                I2C1_EV_IRQHandler
                0x080033bc                DMA1_Stream6_IRQHandler
                0x080033bc                DMAMUX1_OVR_IRQHandler
                0x080033bc                DMA1_Stream1_IRQHandler
                0x080033bc                TIM16_IRQHandler
                0x080033bc                UART4_IRQHandler
                0x080033bc                BDMA_Channel5_IRQHandler
                0x080033bc                TIM3_IRQHandler
                0x080033bc                RCC_IRQHandler
                0x080033bc                TIM8_BRK_TIM12_IRQHandler
                0x080033bc                TIM1_TRG_COM_IRQHandler
                0x080033bc                Default_Handler
                0x080033bc                ECC_IRQHandler
                0x080033bc                CEC_IRQHandler
                0x080033bc                EXTI15_10_IRQHandler
                0x080033bc                BDMA_Channel0_IRQHandler
                0x080033bc                ADC_IRQHandler
                0x080033bc                DMA1_Stream7_IRQHandler
                0x080033bc                HRTIM1_TIMA_IRQHandler
                0x080033bc                SPI5_IRQHandler
                0x080033bc                TIM7_IRQHandler
                0x080033bc                SDMMC1_IRQHandler
                0x080033bc                TIM5_IRQHandler
                0x080033bc                DMA2_Stream7_IRQHandler
                0x080033bc                PVD_AVD_IRQHandler
                0x080033bc                I2C3_EV_IRQHandler
                0x080033bc                EXTI9_5_IRQHandler
                0x080033bc                RTC_WKUP_IRQHandler
                0x080033bc                LTDC_IRQHandler
                0x080033bc                SAI3_IRQHandler
                0x080033bc                ETH_WKUP_IRQHandler
                0x080033bc                SPDIF_RX_IRQHandler
                0x080033bc                SPI2_IRQHandler
                0x080033bc                OTG_HS_EP1_IN_IRQHandler
                0x080033bc                CRS_IRQHandler
                0x080033bc                RNG_IRQHandler
                0x080033bc                HRTIM1_TIMB_IRQHandler
                0x080033bc                FDCAN2_IT1_IRQHandler
                0x080033bc                ETH_IRQHandler
                0x080033bc                TIM1_UP_IRQHandler
                0x080033bc                BDMA_Channel4_IRQHandler
                0x080033bc                OTG_HS_EP1_OUT_IRQHandler
                0x080033bc                WWDG_IRQHandler
                0x080033bc                SPI6_IRQHandler
                0x080033bc                MDIOS_IRQHandler
                0x080033bc                I2C4_EV_IRQHandler
                0x080033bc                LPUART1_IRQHandler
                0x080033bc                FDCAN1_IT0_IRQHandler
                0x080033bc                TIM2_IRQHandler
                0x080033bc                OTG_FS_WKUP_IRQHandler
                0x080033bc                OTG_HS_IRQHandler
                0x080033bc                DMA2D_IRQHandler
                0x080033bc                TIM1_BRK_IRQHandler
                0x080033bc                SDMMC2_IRQHandler
                0x080033bc                OTG_FS_EP1_OUT_IRQHandler
                0x080033bc                BDMA_Channel3_IRQHandler
                0x080033bc                UART7_IRQHandler
                0x080033bc                MDIOS_WKUP_IRQHandler
                0x080033bc                USART2_IRQHandler
                0x080033bc                DFSDM1_FLT0_IRQHandler
                0x080033bc                SAI4_IRQHandler
                0x080033bc                I2C2_ER_IRQHandler
                0x080033bc                DMA2_Stream1_IRQHandler
                0x080033bc                FLASH_IRQHandler
                0x080033bc                DMA2_Stream4_IRQHandler
                0x080033bc                USART1_IRQHandler
                0x080033bc                SPI3_IRQHandler
                0x080033bc                WAKEUP_PIN_IRQHandler
                0x080033bc                DMA1_Stream4_IRQHandler
                0x080033bc                OTG_FS_EP1_IN_IRQHandler
                0x080033bc                I2C1_ER_IRQHandler
                0x080033bc                FMC_IRQHandler
                0x080033bc                FDCAN_CAL_IRQHandler
                0x080033bc                SWPMI1_IRQHandler
                0x080033bc                COMP1_IRQHandler
                0x080033bc                LPTIM1_IRQHandler
                0x080033bc                I2C4_ER_IRQHandler
                0x080033bc                DMA2_Stream6_IRQHandler
                0x080033bc                SAI1_IRQHandler
                0x080033bc                DMA1_Stream3_IRQHandler
 *fill*         0x080033be        0x2 
 .text.HAL_Init
                0x080033c0       0x78 Drivers\STM32H7xx_HAL_Driver\Src\stm32h7xx_hal.o
                0x080033c0                HAL_Init
 .text.HAL_InitTick
                0x08003438       0x6c Drivers\STM32H7xx_HAL_Driver\Src\stm32h7xx_hal.o
                0x08003438                HAL_InitTick
 .text.HAL_IncTick
                0x080034a4       0x28 Drivers\STM32H7xx_HAL_Driver\Src\stm32h7xx_hal.o
                0x080034a4                HAL_IncTick
 .text.HAL_GetTick
                0x080034cc       0x18 Drivers\STM32H7xx_HAL_Driver\Src\stm32h7xx_hal.o
                0x080034cc                HAL_GetTick
 .text.HAL_Delay
                0x080034e4       0x48 Drivers\STM32H7xx_HAL_Driver\Src\stm32h7xx_hal.o
                0x080034e4                HAL_Delay
 .text.HAL_GetREVID
                0x0800352c       0x18 Drivers\STM32H7xx_HAL_Driver\Src\stm32h7xx_hal.o
                0x0800352c                HAL_GetREVID
 .text.HAL_SetFMCMemorySwappingConfig
                0x08003544       0x28 Drivers\STM32H7xx_HAL_Driver\Src\stm32h7xx_hal.o
                0x08003544                HAL_SetFMCMemorySwappingConfig
 .text.__NVIC_SetPriorityGrouping
                0x0800356c       0x48 Drivers\STM32H7xx_HAL_Driver\Src\stm32h7xx_hal_cortex.o
 .text.__NVIC_GetPriorityGrouping
                0x080035b4       0x1c Drivers\STM32H7xx_HAL_Driver\Src\stm32h7xx_hal_cortex.o
 .text.__NVIC_EnableIRQ
                0x080035d0       0x3c Drivers\STM32H7xx_HAL_Driver\Src\stm32h7xx_hal_cortex.o
 .text.__NVIC_SetPriority
                0x0800360c       0x54 Drivers\STM32H7xx_HAL_Driver\Src\stm32h7xx_hal_cortex.o
 .text.NVIC_EncodePriority
                0x08003660       0x66 Drivers\STM32H7xx_HAL_Driver\Src\stm32h7xx_hal_cortex.o
 *fill*         0x080036c6        0x2 
 .text.SysTick_Config
                0x080036c8       0x44 Drivers\STM32H7xx_HAL_Driver\Src\stm32h7xx_hal_cortex.o
 .text.HAL_NVIC_SetPriorityGrouping
                0x0800370c       0x16 Drivers\STM32H7xx_HAL_Driver\Src\stm32h7xx_hal_cortex.o
                0x0800370c                HAL_NVIC_SetPriorityGrouping
 .text.HAL_NVIC_SetPriority
                0x08003722       0x34 Drivers\STM32H7xx_HAL_Driver\Src\stm32h7xx_hal_cortex.o
                0x08003722                HAL_NVIC_SetPriority
 .text.HAL_NVIC_EnableIRQ
                0x08003756       0x1c Drivers\STM32H7xx_HAL_Driver\Src\stm32h7xx_hal_cortex.o
                0x08003756                HAL_NVIC_EnableIRQ
 .text.HAL_SYSTICK_Config
                0x08003772       0x18 Drivers\STM32H7xx_HAL_Driver\Src\stm32h7xx_hal_cortex.o
                0x08003772                HAL_SYSTICK_Config
 *fill*         0x0800378a        0x2 
 .text.HAL_MPU_Disable
                0x0800378c       0x30 Drivers\STM32H7xx_HAL_Driver\Src\stm32h7xx_hal_cortex.o
                0x0800378c                HAL_MPU_Disable
 .text.HAL_MPU_Enable
                0x080037bc       0x40 Drivers\STM32H7xx_HAL_Driver\Src\stm32h7xx_hal_cortex.o
                0x080037bc                HAL_MPU_Enable
 .text.HAL_MPU_ConfigRegion
                0x080037fc       0x80 Drivers\STM32H7xx_HAL_Driver\Src\stm32h7xx_hal_cortex.o
                0x080037fc                HAL_MPU_ConfigRegion
 .text.HAL_DMA_Init
                0x0800387c      0x6b8 Drivers\STM32H7xx_HAL_Driver\Src\stm32h7xx_hal_dma.o
                0x0800387c                HAL_DMA_Init
 .text.HAL_DMA_Start_IT
                0x08003f34      0x4d4 Drivers\STM32H7xx_HAL_Driver\Src\stm32h7xx_hal_dma.o
                0x08003f34                HAL_DMA_Start_IT
 .text.HAL_DMA_Abort_IT
                0x08004408      0x48c Drivers\STM32H7xx_HAL_Driver\Src\stm32h7xx_hal_dma.o
                0x08004408                HAL_DMA_Abort_IT
 .text.HAL_DMA_IRQHandler
                0x08004894      0xe54 Drivers\STM32H7xx_HAL_Driver\Src\stm32h7xx_hal_dma.o
                0x08004894                HAL_DMA_IRQHandler
 .text.DMA_SetConfig
                0x080056e8      0x358 Drivers\STM32H7xx_HAL_Driver\Src\stm32h7xx_hal_dma.o
 .text.DMA_CalcBaseAndBitshift
                0x08005a40      0x164 Drivers\STM32H7xx_HAL_Driver\Src\stm32h7xx_hal_dma.o
 .text.DMA_CheckFifoParam
                0x08005ba4       0xf8 Drivers\STM32H7xx_HAL_Driver\Src\stm32h7xx_hal_dma.o
 .text.DMA_CalcDMAMUXChannelBaseAndMask
                0x08005c9c      0x134 Drivers\STM32H7xx_HAL_Driver\Src\stm32h7xx_hal_dma.o
 .text.DMA_CalcDMAMUXRequestGenBaseAndMask
                0x08005dd0       0xe8 Drivers\STM32H7xx_HAL_Driver\Src\stm32h7xx_hal_dma.o
 .text.HAL_DMA2D_Init
                0x08005eb8       0xc8 Drivers\STM32H7xx_HAL_Driver\Src\stm32h7xx_hal_dma2d.o
                0x08005eb8                HAL_DMA2D_Init
 .text.HAL_DMA2D_Start
                0x08005f80       0x56 Drivers\STM32H7xx_HAL_Driver\Src\stm32h7xx_hal_dma2d.o
                0x08005f80                HAL_DMA2D_Start
 .text.HAL_DMA2D_PollForTransfer
                0x08005fd6      0x1d2 Drivers\STM32H7xx_HAL_Driver\Src\stm32h7xx_hal_dma2d.o
                0x08005fd6                HAL_DMA2D_PollForTransfer
 .text.DMA2D_SetConfig
                0x080061a8      0x14c Drivers\STM32H7xx_HAL_Driver\Src\stm32h7xx_hal_dma2d.o
 .text.HAL_FDCAN_Init
                0x080062f4      0x3bc Drivers\STM32H7xx_HAL_Driver\Src\stm32h7xx_hal_fdcan.o
                0x080062f4                HAL_FDCAN_Init
 .text.HAL_FDCAN_ConfigFilter
                0x080066b0       0xec Drivers\STM32H7xx_HAL_Driver\Src\stm32h7xx_hal_fdcan.o
                0x080066b0                HAL_FDCAN_ConfigFilter
 .text.HAL_FDCAN_Start
                0x0800679c       0x56 Drivers\STM32H7xx_HAL_Driver\Src\stm32h7xx_hal_fdcan.o
                0x0800679c                HAL_FDCAN_Start
 .text.HAL_FDCAN_AddMessageToTxFifoQ
                0x080067f2       0xb6 Drivers\STM32H7xx_HAL_Driver\Src\stm32h7xx_hal_fdcan.o
                0x080067f2                HAL_FDCAN_AddMessageToTxFifoQ
 .text.HAL_FDCAN_GetRxMessage
                0x080068a8      0x2f4 Drivers\STM32H7xx_HAL_Driver\Src\stm32h7xx_hal_fdcan.o
                0x080068a8                HAL_FDCAN_GetRxMessage
 .text.HAL_FDCAN_ActivateNotification
                0x08006b9c       0xf4 Drivers\STM32H7xx_HAL_Driver\Src\stm32h7xx_hal_fdcan.o
                0x08006b9c                HAL_FDCAN_ActivateNotification
 .text.HAL_FDCAN_IRQHandler
                0x08006c90      0x4bc Drivers\STM32H7xx_HAL_Driver\Src\stm32h7xx_hal_fdcan.o
                0x08006c90                HAL_FDCAN_IRQHandler
 .text.HAL_FDCAN_ClockCalibrationCallback
                0x0800714c       0x16 Drivers\STM32H7xx_HAL_Driver\Src\stm32h7xx_hal_fdcan.o
                0x0800714c                HAL_FDCAN_ClockCalibrationCallback
 .text.HAL_FDCAN_TxEventFifoCallback
                0x08007162       0x16 Drivers\STM32H7xx_HAL_Driver\Src\stm32h7xx_hal_fdcan.o
                0x08007162                HAL_FDCAN_TxEventFifoCallback
 .text.HAL_FDCAN_RxFifo1Callback
                0x08007178       0x16 Drivers\STM32H7xx_HAL_Driver\Src\stm32h7xx_hal_fdcan.o
                0x08007178                HAL_FDCAN_RxFifo1Callback
 .text.HAL_FDCAN_TxFifoEmptyCallback
                0x0800718e       0x14 Drivers\STM32H7xx_HAL_Driver\Src\stm32h7xx_hal_fdcan.o
                0x0800718e                HAL_FDCAN_TxFifoEmptyCallback
 .text.HAL_FDCAN_TxBufferCompleteCallback
                0x080071a2       0x16 Drivers\STM32H7xx_HAL_Driver\Src\stm32h7xx_hal_fdcan.o
                0x080071a2                HAL_FDCAN_TxBufferCompleteCallback
 .text.HAL_FDCAN_TxBufferAbortCallback
                0x080071b8       0x16 Drivers\STM32H7xx_HAL_Driver\Src\stm32h7xx_hal_fdcan.o
                0x080071b8                HAL_FDCAN_TxBufferAbortCallback
 .text.HAL_FDCAN_RxBufferNewMessageCallback
                0x080071ce       0x14 Drivers\STM32H7xx_HAL_Driver\Src\stm32h7xx_hal_fdcan.o
                0x080071ce                HAL_FDCAN_RxBufferNewMessageCallback
 .text.HAL_FDCAN_TimestampWraparoundCallback
                0x080071e2       0x14 Drivers\STM32H7xx_HAL_Driver\Src\stm32h7xx_hal_fdcan.o
                0x080071e2                HAL_FDCAN_TimestampWraparoundCallback
 .text.HAL_FDCAN_TimeoutOccurredCallback
                0x080071f6       0x14 Drivers\STM32H7xx_HAL_Driver\Src\stm32h7xx_hal_fdcan.o
                0x080071f6                HAL_FDCAN_TimeoutOccurredCallback
 .text.HAL_FDCAN_HighPriorityMessageCallback
                0x0800720a       0x14 Drivers\STM32H7xx_HAL_Driver\Src\stm32h7xx_hal_fdcan.o
                0x0800720a                HAL_FDCAN_HighPriorityMessageCallback
 .text.HAL_FDCAN_ErrorCallback
                0x0800721e       0x14 Drivers\STM32H7xx_HAL_Driver\Src\stm32h7xx_hal_fdcan.o
                0x0800721e                HAL_FDCAN_ErrorCallback
 .text.HAL_FDCAN_ErrorStatusCallback
                0x08007232       0x16 Drivers\STM32H7xx_HAL_Driver\Src\stm32h7xx_hal_fdcan.o
                0x08007232                HAL_FDCAN_ErrorStatusCallback
 .text.HAL_FDCAN_TT_ScheduleSyncCallback
                0x08007248       0x16 Drivers\STM32H7xx_HAL_Driver\Src\stm32h7xx_hal_fdcan.o
                0x08007248                HAL_FDCAN_TT_ScheduleSyncCallback
 .text.HAL_FDCAN_TT_TimeMarkCallback
                0x0800725e       0x16 Drivers\STM32H7xx_HAL_Driver\Src\stm32h7xx_hal_fdcan.o
                0x0800725e                HAL_FDCAN_TT_TimeMarkCallback
 .text.HAL_FDCAN_TT_StopWatchCallback
                0x08007274       0x18 Drivers\STM32H7xx_HAL_Driver\Src\stm32h7xx_hal_fdcan.o
                0x08007274                HAL_FDCAN_TT_StopWatchCallback
 .text.HAL_FDCAN_TT_GlobalTimeCallback
                0x0800728c       0x16 Drivers\STM32H7xx_HAL_Driver\Src\stm32h7xx_hal_fdcan.o
                0x0800728c                HAL_FDCAN_TT_GlobalTimeCallback
 *fill*         0x080072a2        0x2 
 .text.FDCAN_CalculateRamBlockAddresses
                0x080072a4      0x30c Drivers\STM32H7xx_HAL_Driver\Src\stm32h7xx_hal_fdcan.o
 .text.FDCAN_CopyMessageToRAM
                0x080075b0       0xfc Drivers\STM32H7xx_HAL_Driver\Src\stm32h7xx_hal_fdcan.o
 .text.HAL_GPIO_Init
                0x080076ac      0x374 Drivers\STM32H7xx_HAL_Driver\Src\stm32h7xx_hal_gpio.o
                0x080076ac                HAL_GPIO_Init
 .text.HAL_GPIO_WritePin
                0x08007a20       0x32 Drivers\STM32H7xx_HAL_Driver\Src\stm32h7xx_hal_gpio.o
                0x08007a20                HAL_GPIO_WritePin
 .text.HAL_GPIO_EXTI_IRQHandler
                0x08007a52       0x34 Drivers\STM32H7xx_HAL_Driver\Src\stm32h7xx_hal_gpio.o
                0x08007a52                HAL_GPIO_EXTI_IRQHandler
 .text.HAL_IWDG_Init
                0x08007a86       0xa2 Drivers\STM32H7xx_HAL_Driver\Src\stm32h7xx_hal_iwdg.o
                0x08007a86                HAL_IWDG_Init
 .text.HAL_IWDG_Refresh
                0x08007b28       0x20 Drivers\STM32H7xx_HAL_Driver\Src\stm32h7xx_hal_iwdg.o
                0x08007b28                HAL_IWDG_Refresh
 .text.HAL_PCD_Init
                0x08007b48      0x218 Drivers\STM32H7xx_HAL_Driver\Src\stm32h7xx_hal_pcd.o
                0x08007b48                HAL_PCD_Init
 .text.HAL_PCD_Start
                0x08007d60       0x6a Drivers\STM32H7xx_HAL_Driver\Src\stm32h7xx_hal_pcd.o
                0x08007d60                HAL_PCD_Start
 .text.HAL_PCD_IRQHandler
                0x08007dca      0x9d0 Drivers\STM32H7xx_HAL_Driver\Src\stm32h7xx_hal_pcd.o
                0x08007dca                HAL_PCD_IRQHandler
 .text.HAL_PCD_SetAddress
                0x0800879a       0x48 Drivers\STM32H7xx_HAL_Driver\Src\stm32h7xx_hal_pcd.o
                0x0800879a                HAL_PCD_SetAddress
 .text.HAL_PCD_EP_Open
                0x080087e2       0xd4 Drivers\STM32H7xx_HAL_Driver\Src\stm32h7xx_hal_pcd.o
                0x080087e2                HAL_PCD_EP_Open
 .text.HAL_PCD_EP_Close
                0x080088b6       0x94 Drivers\STM32H7xx_HAL_Driver\Src\stm32h7xx_hal_pcd.o
                0x080088b6                HAL_PCD_EP_Close
 .text.HAL_PCD_EP_Receive
                0x0800894a       0x76 Drivers\STM32H7xx_HAL_Driver\Src\stm32h7xx_hal_pcd.o
                0x0800894a                HAL_PCD_EP_Receive
 .text.HAL_PCD_EP_GetRxCount
                0x080089c0       0x30 Drivers\STM32H7xx_HAL_Driver\Src\stm32h7xx_hal_pcd.o
                0x080089c0                HAL_PCD_EP_GetRxCount
 .text.HAL_PCD_EP_Transmit
                0x080089f0       0x74 Drivers\STM32H7xx_HAL_Driver\Src\stm32h7xx_hal_pcd.o
                0x080089f0                HAL_PCD_EP_Transmit
 .text.HAL_PCD_EP_SetStall
                0x08008a64       0xc6 Drivers\STM32H7xx_HAL_Driver\Src\stm32h7xx_hal_pcd.o
                0x08008a64                HAL_PCD_EP_SetStall
 .text.HAL_PCD_EP_ClrStall
                0x08008b2a       0xac Drivers\STM32H7xx_HAL_Driver\Src\stm32h7xx_hal_pcd.o
                0x08008b2a                HAL_PCD_EP_ClrStall
 .text.HAL_PCD_EP_Abort
                0x08008bd6       0x62 Drivers\STM32H7xx_HAL_Driver\Src\stm32h7xx_hal_pcd.o
                0x08008bd6                HAL_PCD_EP_Abort
 .text.PCD_WriteEmptyTxFifo
                0x08008c38      0x118 Drivers\STM32H7xx_HAL_Driver\Src\stm32h7xx_hal_pcd.o
 .text.PCD_EP_OutXfrComplete_int
                0x08008d50      0x1d0 Drivers\STM32H7xx_HAL_Driver\Src\stm32h7xx_hal_pcd.o
 .text.PCD_EP_OutSetupPacket_int
                0x08008f20       0x8c Drivers\STM32H7xx_HAL_Driver\Src\stm32h7xx_hal_pcd.o
 .text.HAL_PCDEx_SetTxFiFo
                0x08008fac       0x8e Drivers\STM32H7xx_HAL_Driver\Src\stm32h7xx_hal_pcd_ex.o
                0x08008fac                HAL_PCDEx_SetTxFiFo
 .text.HAL_PCDEx_SetRxFiFo
                0x0800903a       0x22 Drivers\STM32H7xx_HAL_Driver\Src\stm32h7xx_hal_pcd_ex.o
                0x0800903a                HAL_PCDEx_SetRxFiFo
 .text.HAL_PCDEx_ActivateLPM
                0x0800905c       0x48 Drivers\STM32H7xx_HAL_Driver\Src\stm32h7xx_hal_pcd_ex.o
                0x0800905c                HAL_PCDEx_ActivateLPM
 .text.HAL_PCDEx_LPM_Callback
                0x080090a4       0x18 Drivers\STM32H7xx_HAL_Driver\Src\stm32h7xx_hal_pcd_ex.o
                0x080090a4                HAL_PCDEx_LPM_Callback
 .text.HAL_PWREx_ConfigSupply
                0x080090bc       0x74 Drivers\STM32H7xx_HAL_Driver\Src\stm32h7xx_hal_pwr_ex.o
                0x080090bc                HAL_PWREx_ConfigSupply
 .text.HAL_PWREx_EnableUSBVoltageDetector
                0x08009130       0x20 Drivers\STM32H7xx_HAL_Driver\Src\stm32h7xx_hal_pwr_ex.o
                0x08009130                HAL_PWREx_EnableUSBVoltageDetector
 .text.HAL_RCC_OscConfig
                0x08009150      0x8b4 Drivers\STM32H7xx_HAL_Driver\Src\stm32h7xx_hal_rcc.o
                0x08009150                HAL_RCC_OscConfig
 .text.HAL_RCC_ClockConfig
                0x08009a04      0x36c Drivers\STM32H7xx_HAL_Driver\Src\stm32h7xx_hal_rcc.o
                0x08009a04                HAL_RCC_ClockConfig
 .text.HAL_RCC_GetSysClockFreq
                0x08009d70      0x2f4 Drivers\STM32H7xx_HAL_Driver\Src\stm32h7xx_hal_rcc.o
                0x08009d70                HAL_RCC_GetSysClockFreq
 .text.HAL_RCC_GetHCLKFreq
                0x0800a064       0x60 Drivers\STM32H7xx_HAL_Driver\Src\stm32h7xx_hal_rcc.o
                0x0800a064                HAL_RCC_GetHCLKFreq
 .text.HAL_RCCEx_PeriphCLKConfig
                0x0800a0c4     0x1414 Drivers\STM32H7xx_HAL_Driver\Src\stm32h7xx_hal_rcc_ex.o
                0x0800a0c4                HAL_RCCEx_PeriphCLKConfig
 .text.RCCEx_PLL2_Config
                0x0800b4d8      0x164 Drivers\STM32H7xx_HAL_Driver\Src\stm32h7xx_hal_rcc_ex.o
 .text.RCCEx_PLL3_Config
                0x0800b63c      0x164 Drivers\STM32H7xx_HAL_Driver\Src\stm32h7xx_hal_rcc_ex.o
 .text.HAL_SRAM_Init
                0x0800b7a0       0xa0 Drivers\STM32H7xx_HAL_Driver\Src\stm32h7xx_hal_sram.o
                0x0800b7a0                HAL_SRAM_Init
 .text.HAL_TIM_Base_Init
                0x0800b840       0xae Drivers\STM32H7xx_HAL_Driver\Src\stm32h7xx_hal_tim.o
                0x0800b840                HAL_TIM_Base_Init
 *fill*         0x0800b8ee        0x2 
 .text.HAL_TIM_Base_Start_IT
                0x0800b8f0       0xf0 Drivers\STM32H7xx_HAL_Driver\Src\stm32h7xx_hal_tim.o
                0x0800b8f0                HAL_TIM_Base_Start_IT
 .text.HAL_TIM_PWM_Init
                0x0800b9e0       0xae Drivers\STM32H7xx_HAL_Driver\Src\stm32h7xx_hal_tim.o
                0x0800b9e0                HAL_TIM_PWM_Init
 .text.HAL_TIM_PWM_MspInit
                0x0800ba8e       0x14 Drivers\STM32H7xx_HAL_Driver\Src\stm32h7xx_hal_tim.o
                0x0800ba8e                HAL_TIM_PWM_MspInit
 *fill*         0x0800baa2        0x2 
 .text.HAL_TIM_PWM_Start_DMA
                0x0800baa4      0x44c Drivers\STM32H7xx_HAL_Driver\Src\stm32h7xx_hal_tim.o
                0x0800baa4                HAL_TIM_PWM_Start_DMA
 .text.HAL_TIM_PWM_Stop_DMA
                0x0800bef0      0x1ec Drivers\STM32H7xx_HAL_Driver\Src\stm32h7xx_hal_tim.o
                0x0800bef0                HAL_TIM_PWM_Stop_DMA
 .text.HAL_TIM_IRQHandler
                0x0800c0dc      0x20e Drivers\STM32H7xx_HAL_Driver\Src\stm32h7xx_hal_tim.o
                0x0800c0dc                HAL_TIM_IRQHandler
 *fill*         0x0800c2ea        0x2 
 .text.HAL_TIM_PWM_ConfigChannel
                0x0800c2ec      0x228 Drivers\STM32H7xx_HAL_Driver\Src\stm32h7xx_hal_tim.o
                0x0800c2ec                HAL_TIM_PWM_ConfigChannel
 .text.HAL_TIM_ConfigClockSource
                0x0800c514      0x1f0 Drivers\STM32H7xx_HAL_Driver\Src\stm32h7xx_hal_tim.o
                0x0800c514                HAL_TIM_ConfigClockSource
 .text.HAL_TIM_OC_DelayElapsedCallback
                0x0800c704       0x14 Drivers\STM32H7xx_HAL_Driver\Src\stm32h7xx_hal_tim.o
                0x0800c704                HAL_TIM_OC_DelayElapsedCallback
 .text.HAL_TIM_IC_CaptureCallback
                0x0800c718       0x14 Drivers\STM32H7xx_HAL_Driver\Src\stm32h7xx_hal_tim.o
                0x0800c718                HAL_TIM_IC_CaptureCallback
 .text.HAL_TIM_PWM_PulseFinishedHalfCpltCallback
                0x0800c72c       0x14 Drivers\STM32H7xx_HAL_Driver\Src\stm32h7xx_hal_tim.o
                0x0800c72c                HAL_TIM_PWM_PulseFinishedHalfCpltCallback
 .text.HAL_TIM_TriggerCallback
                0x0800c740       0x14 Drivers\STM32H7xx_HAL_Driver\Src\stm32h7xx_hal_tim.o
                0x0800c740                HAL_TIM_TriggerCallback
 .text.HAL_TIM_ErrorCallback
                0x0800c754       0x14 Drivers\STM32H7xx_HAL_Driver\Src\stm32h7xx_hal_tim.o
                0x0800c754                HAL_TIM_ErrorCallback
 .text.TIM_DMAError
                0x0800c768       0x92 Drivers\STM32H7xx_HAL_Driver\Src\stm32h7xx_hal_tim.o
                0x0800c768                TIM_DMAError
 .text.TIM_DMADelayPulseCplt
                0x0800c7fa       0xa8 Drivers\STM32H7xx_HAL_Driver\Src\stm32h7xx_hal_tim.o
 .text.TIM_DMADelayPulseHalfCplt
                0x0800c8a2       0x68 Drivers\STM32H7xx_HAL_Driver\Src\stm32h7xx_hal_tim.o
                0x0800c8a2                TIM_DMADelayPulseHalfCplt
 *fill*         0x0800c90a        0x2 
 .text.TIM_Base_SetConfig
                0x0800c90c      0x140 Drivers\STM32H7xx_HAL_Driver\Src\stm32h7xx_hal_tim.o
                0x0800c90c                TIM_Base_SetConfig
 .text.TIM_OC1_SetConfig
                0x0800ca4c      0x124 Drivers\STM32H7xx_HAL_Driver\Src\stm32h7xx_hal_tim.o
 .text.TIM_OC2_SetConfig
                0x0800cb70      0x118 Drivers\STM32H7xx_HAL_Driver\Src\stm32h7xx_hal_tim.o
                0x0800cb70                TIM_OC2_SetConfig
 .text.TIM_OC3_SetConfig
                0x0800cc88      0x114 Drivers\STM32H7xx_HAL_Driver\Src\stm32h7xx_hal_tim.o
 .text.TIM_OC4_SetConfig
                0x0800cd9c       0xd4 Drivers\STM32H7xx_HAL_Driver\Src\stm32h7xx_hal_tim.o
 .text.TIM_OC5_SetConfig
                0x0800ce70       0xc8 Drivers\STM32H7xx_HAL_Driver\Src\stm32h7xx_hal_tim.o
 .text.TIM_OC6_SetConfig
                0x0800cf38       0xcc Drivers\STM32H7xx_HAL_Driver\Src\stm32h7xx_hal_tim.o
 .text.TIM_TI1_ConfigInputStage
                0x0800d004       0xa8 Drivers\STM32H7xx_HAL_Driver\Src\stm32h7xx_hal_tim.o
 .text.TIM_TI2_ConfigInputStage
                0x0800d0ac       0x84 Drivers\STM32H7xx_HAL_Driver\Src\stm32h7xx_hal_tim.o
 .text.TIM_ITRx_SetConfig
                0x0800d130       0x3c Drivers\STM32H7xx_HAL_Driver\Src\stm32h7xx_hal_tim.o
 .text.TIM_ETR_SetConfig
                0x0800d16c       0x40 Drivers\STM32H7xx_HAL_Driver\Src\stm32h7xx_hal_tim.o
                0x0800d16c                TIM_ETR_SetConfig
 .text.TIM_CCxChannelCmd
                0x0800d1ac       0x4a Drivers\STM32H7xx_HAL_Driver\Src\stm32h7xx_hal_tim.o
                0x0800d1ac                TIM_CCxChannelCmd
 *fill*         0x0800d1f6        0x2 
 .text.HAL_TIMEx_MasterConfigSynchronization
                0x0800d1f8      0x11c Drivers\STM32H7xx_HAL_Driver\Src\stm32h7xx_hal_tim_ex.o
                0x0800d1f8                HAL_TIMEx_MasterConfigSynchronization
 .text.HAL_TIMEx_CommutCallback
                0x0800d314       0x14 Drivers\STM32H7xx_HAL_Driver\Src\stm32h7xx_hal_tim_ex.o
                0x0800d314                HAL_TIMEx_CommutCallback
 .text.HAL_TIMEx_BreakCallback
                0x0800d328       0x14 Drivers\STM32H7xx_HAL_Driver\Src\stm32h7xx_hal_tim_ex.o
                0x0800d328                HAL_TIMEx_BreakCallback
 .text.HAL_TIMEx_Break2Callback
                0x0800d33c       0x14 Drivers\STM32H7xx_HAL_Driver\Src\stm32h7xx_hal_tim_ex.o
                0x0800d33c                HAL_TIMEx_Break2Callback
 .text.FMC_NORSRAM_Init
                0x0800d350      0x120 Drivers\STM32H7xx_HAL_Driver\Src\stm32h7xx_ll_fmc.o
                0x0800d350                FMC_NORSRAM_Init
 .text.FMC_NORSRAM_Timing_Init
                0x0800d470       0x92 Drivers\STM32H7xx_HAL_Driver\Src\stm32h7xx_ll_fmc.o
                0x0800d470                FMC_NORSRAM_Timing_Init
 *fill*         0x0800d502        0x2 
 .text.FMC_NORSRAM_Extended_Timing_Init
                0x0800d504       0x70 Drivers\STM32H7xx_HAL_Driver\Src\stm32h7xx_ll_fmc.o
                0x0800d504                FMC_NORSRAM_Extended_Timing_Init
 .text.USB_CoreInit
                0x0800d574       0xf0 Drivers\STM32H7xx_HAL_Driver\Src\stm32h7xx_ll_usb.o
                0x0800d574                USB_CoreInit
 .text.USB_SetTurnaroundTime
                0x0800d664      0x144 Drivers\STM32H7xx_HAL_Driver\Src\stm32h7xx_ll_usb.o
                0x0800d664                USB_SetTurnaroundTime
 .text.USB_EnableGlobalInt
                0x0800d7a8       0x22 Drivers\STM32H7xx_HAL_Driver\Src\stm32h7xx_ll_usb.o
                0x0800d7a8                USB_EnableGlobalInt
 .text.USB_DisableGlobalInt
                0x0800d7ca       0x22 Drivers\STM32H7xx_HAL_Driver\Src\stm32h7xx_ll_usb.o
                0x0800d7ca                USB_DisableGlobalInt
 .text.USB_SetCurrentMode
                0x0800d7ec       0x98 Drivers\STM32H7xx_HAL_Driver\Src\stm32h7xx_ll_usb.o
                0x0800d7ec                USB_SetCurrentMode
 .text.USB_DevInit
                0x0800d884      0x2bc Drivers\STM32H7xx_HAL_Driver\Src\stm32h7xx_ll_usb.o
                0x0800d884                USB_DevInit
 .text.USB_FlushTxFifo
                0x0800db40       0x64 Drivers\STM32H7xx_HAL_Driver\Src\stm32h7xx_ll_usb.o
                0x0800db40                USB_FlushTxFifo
 .text.USB_FlushRxFifo
                0x0800dba4       0x5c Drivers\STM32H7xx_HAL_Driver\Src\stm32h7xx_ll_usb.o
                0x0800dba4                USB_FlushRxFifo
 .text.USB_SetDevSpeed
                0x0800dc00       0x32 Drivers\STM32H7xx_HAL_Driver\Src\stm32h7xx_ll_usb.o
                0x0800dc00                USB_SetDevSpeed
 .text.USB_GetDevSpeed
                0x0800dc32       0x4a Drivers\STM32H7xx_HAL_Driver\Src\stm32h7xx_ll_usb.o
                0x0800dc32                USB_GetDevSpeed
 .text.USB_ActivateEndpoint
                0x0800dc7c      0x110 Drivers\STM32H7xx_HAL_Driver\Src\stm32h7xx_ll_usb.o
                0x0800dc7c                USB_ActivateEndpoint
 .text.USB_DeactivateEndpoint
                0x0800dd8c      0x1b8 Drivers\STM32H7xx_HAL_Driver\Src\stm32h7xx_ll_usb.o
                0x0800dd8c                USB_DeactivateEndpoint
 .text.USB_EPStartXfer
                0x0800df44      0x548 Drivers\STM32H7xx_HAL_Driver\Src\stm32h7xx_ll_usb.o
                0x0800df44                USB_EPStartXfer
 .text.USB_EPStopXfer
                0x0800e48c      0x1fa Drivers\STM32H7xx_HAL_Driver\Src\stm32h7xx_ll_usb.o
                0x0800e48c                USB_EPStopXfer
 .text.USB_EPSetStall
                0x0800e686       0xdc Drivers\STM32H7xx_HAL_Driver\Src\stm32h7xx_ll_usb.o
                0x0800e686                USB_EPSetStall
 .text.USB_EPClearStall
                0x0800e762       0xcc Drivers\STM32H7xx_HAL_Driver\Src\stm32h7xx_ll_usb.o
                0x0800e762                USB_EPClearStall
 .text.USB_WritePacket
                0x0800e82e       0x7c Drivers\STM32H7xx_HAL_Driver\Src\stm32h7xx_ll_usb.o
                0x0800e82e                USB_WritePacket
 .text.USB_ReadPacket
                0x0800e8aa       0xb0 Drivers\STM32H7xx_HAL_Driver\Src\stm32h7xx_ll_usb.o
                0x0800e8aa                USB_ReadPacket
 .text.USB_SetDevAddress
                0x0800e95a       0x4c Drivers\STM32H7xx_HAL_Driver\Src\stm32h7xx_ll_usb.o
                0x0800e95a                USB_SetDevAddress
 .text.USB_DevConnect
                0x0800e9a6       0x42 Drivers\STM32H7xx_HAL_Driver\Src\stm32h7xx_ll_usb.o
                0x0800e9a6                USB_DevConnect
 .text.USB_DevDisconnect
                0x0800e9e8       0x42 Drivers\STM32H7xx_HAL_Driver\Src\stm32h7xx_ll_usb.o
                0x0800e9e8                USB_DevDisconnect
 .text.USB_ReadInterrupts
                0x0800ea2a       0x26 Drivers\STM32H7xx_HAL_Driver\Src\stm32h7xx_ll_usb.o
                0x0800ea2a                USB_ReadInterrupts
 .text.USB_ReadDevAllOutEpInterrupt
                0x0800ea50       0x34 Drivers\STM32H7xx_HAL_Driver\Src\stm32h7xx_ll_usb.o
                0x0800ea50                USB_ReadDevAllOutEpInterrupt
 .text.USB_ReadDevAllInEpInterrupt
                0x0800ea84       0x34 Drivers\STM32H7xx_HAL_Driver\Src\stm32h7xx_ll_usb.o
                0x0800ea84                USB_ReadDevAllInEpInterrupt
 .text.USB_ReadDevOutEPInterrupt
                0x0800eab8       0x3c Drivers\STM32H7xx_HAL_Driver\Src\stm32h7xx_ll_usb.o
                0x0800eab8                USB_ReadDevOutEPInterrupt
 .text.USB_ReadDevInEPInterrupt
                0x0800eaf4       0x5c Drivers\STM32H7xx_HAL_Driver\Src\stm32h7xx_ll_usb.o
                0x0800eaf4                USB_ReadDevInEPInterrupt
 .text.USB_GetMode
                0x0800eb50       0x1c Drivers\STM32H7xx_HAL_Driver\Src\stm32h7xx_ll_usb.o
                0x0800eb50                USB_GetMode
 .text.USB_ActivateSetup
                0x0800eb6c       0x48 Drivers\STM32H7xx_HAL_Driver\Src\stm32h7xx_ll_usb.o
                0x0800eb6c                USB_ActivateSetup
 .text.USB_EP0_OutStart
                0x0800ebb4       0xbc Drivers\STM32H7xx_HAL_Driver\Src\stm32h7xx_ll_usb.o
                0x0800ebb4                USB_EP0_OutStart
 .text.USB_CoreReset
                0x0800ec70       0x70 Drivers\STM32H7xx_HAL_Driver\Src\stm32h7xx_ll_usb.o
 .text.USBD_CDC_Init
                0x0800ece0      0x1f0 Middlewares\ST\STM32_USB_Device_Library\Class\CDC\Src\usbd_cdc.o
 .text.USBD_CDC_DeInit
                0x0800eed0      0x104 Middlewares\ST\STM32_USB_Device_Library\Class\CDC\Src\usbd_cdc.o
 .text.USBD_CDC_Setup
                0x0800efd4      0x1b8 Middlewares\ST\STM32_USB_Device_Library\Class\CDC\Src\usbd_cdc.o
 .text.USBD_CDC_DataIn
                0x0800f18c       0xfe Middlewares\ST\STM32_USB_Device_Library\Class\CDC\Src\usbd_cdc.o
 .text.USBD_CDC_DataOut
                0x0800f28a       0x70 Middlewares\ST\STM32_USB_Device_Library\Class\CDC\Src\usbd_cdc.o
 .text.USBD_CDC_EP0_RxReady
                0x0800f2fa       0x74 Middlewares\ST\STM32_USB_Device_Library\Class\CDC\Src\usbd_cdc.o
 *fill*         0x0800f36e        0x2 
 .text.USBD_CDC_GetFSCfgDesc
                0x0800f370       0x70 Middlewares\ST\STM32_USB_Device_Library\Class\CDC\Src\usbd_cdc.o
 .text.USBD_CDC_GetHSCfgDesc
                0x0800f3e0       0x70 Middlewares\ST\STM32_USB_Device_Library\Class\CDC\Src\usbd_cdc.o
 .text.USBD_CDC_GetOtherSpeedCfgDesc
                0x0800f450       0x70 Middlewares\ST\STM32_USB_Device_Library\Class\CDC\Src\usbd_cdc.o
 .text.USBD_CDC_GetDeviceQualifierDescriptor
                0x0800f4c0       0x20 Middlewares\ST\STM32_USB_Device_Library\Class\CDC\Src\usbd_cdc.o
                0x0800f4c0                USBD_CDC_GetDeviceQualifierDescriptor
 .text.USBD_CDC_RegisterInterface
                0x0800f4e0       0x34 Middlewares\ST\STM32_USB_Device_Library\Class\CDC\Src\usbd_cdc.o
                0x0800f4e0                USBD_CDC_RegisterInterface
 .text.USBD_CDC_SetTxBuffer
                0x0800f514       0x44 Middlewares\ST\STM32_USB_Device_Library\Class\CDC\Src\usbd_cdc.o
                0x0800f514                USBD_CDC_SetTxBuffer
 .text.USBD_CDC_SetRxBuffer
                0x0800f558       0x3a Middlewares\ST\STM32_USB_Device_Library\Class\CDC\Src\usbd_cdc.o
                0x0800f558                USBD_CDC_SetRxBuffer
 *fill*         0x0800f592        0x2 
 .text.USBD_CDC_ReceivePacket
                0x0800f594       0x6c Middlewares\ST\STM32_USB_Device_Library\Class\CDC\Src\usbd_cdc.o
                0x0800f594                USBD_CDC_ReceivePacket
 .text.USBD_Init
                0x0800f600       0x60 Middlewares\ST\STM32_USB_Device_Library\Core\Src\usbd_core.o
                0x0800f600                USBD_Init
 .text.USBD_RegisterClass
                0x0800f660       0x6c Middlewares\ST\STM32_USB_Device_Library\Core\Src\usbd_core.o
                0x0800f660                USBD_RegisterClass
 .text.USBD_Start
                0x0800f6cc       0x18 Middlewares\ST\STM32_USB_Device_Library\Core\Src\usbd_core.o
                0x0800f6cc                USBD_Start
 .text.USBD_RunTestMode
                0x0800f6e4       0x16 Middlewares\ST\STM32_USB_Device_Library\Core\Src\usbd_core.o
                0x0800f6e4                USBD_RunTestMode
 .text.USBD_SetClassConfig
                0x0800f6fa       0x38 Middlewares\ST\STM32_USB_Device_Library\Core\Src\usbd_core.o
                0x0800f6fa                USBD_SetClassConfig
 .text.USBD_ClrClassConfig
                0x0800f732       0x34 Middlewares\ST\STM32_USB_Device_Library\Core\Src\usbd_core.o
                0x0800f732                USBD_ClrClassConfig
 .text.USBD_LL_SetupStage
                0x0800f766       0xaa Middlewares\ST\STM32_USB_Device_Library\Core\Src\usbd_core.o
                0x0800f766                USBD_LL_SetupStage
 .text.USBD_LL_DataOutStage
                0x0800f810      0x178 Middlewares\ST\STM32_USB_Device_Library\Core\Src\usbd_core.o
                0x0800f810                USBD_LL_DataOutStage
 .text.USBD_LL_DataInStage
                0x0800f988      0x176 Middlewares\ST\STM32_USB_Device_Library\Core\Src\usbd_core.o
                0x0800f988                USBD_LL_DataInStage
 .text.USBD_LL_Reset
                0x0800fafe       0xa6 Middlewares\ST\STM32_USB_Device_Library\Core\Src\usbd_core.o
                0x0800fafe                USBD_LL_Reset
 .text.USBD_LL_SetSpeed
                0x0800fba4       0x20 Middlewares\ST\STM32_USB_Device_Library\Core\Src\usbd_core.o
                0x0800fba4                USBD_LL_SetSpeed
 .text.USBD_LL_Suspend
                0x0800fbc4       0x38 Middlewares\ST\STM32_USB_Device_Library\Core\Src\usbd_core.o
                0x0800fbc4                USBD_LL_Suspend
 .text.USBD_LL_Resume
                0x0800fbfc       0x30 Middlewares\ST\STM32_USB_Device_Library\Core\Src\usbd_core.o
                0x0800fbfc                USBD_LL_Resume
 .text.USBD_LL_SOF
                0x0800fc2c       0x40 Middlewares\ST\STM32_USB_Device_Library\Core\Src\usbd_core.o
                0x0800fc2c                USBD_LL_SOF
 .text.USBD_LL_IsoINIncomplete
                0x0800fc6c       0x64 Middlewares\ST\STM32_USB_Device_Library\Core\Src\usbd_core.o
                0x0800fc6c                USBD_LL_IsoINIncomplete
 .text.USBD_LL_IsoOUTIncomplete
                0x0800fcd0       0x64 Middlewares\ST\STM32_USB_Device_Library\Core\Src\usbd_core.o
                0x0800fcd0                USBD_LL_IsoOUTIncomplete
 .text.USBD_LL_DevConnected
                0x0800fd34       0x16 Middlewares\ST\STM32_USB_Device_Library\Core\Src\usbd_core.o
                0x0800fd34                USBD_LL_DevConnected
 .text.USBD_LL_DevDisconnected
                0x0800fd4a       0x46 Middlewares\ST\STM32_USB_Device_Library\Core\Src\usbd_core.o
                0x0800fd4a                USBD_LL_DevDisconnected
 .text.USBD_CoreFindIF
                0x0800fd90       0x1a Middlewares\ST\STM32_USB_Device_Library\Core\Src\usbd_core.o
                0x0800fd90                USBD_CoreFindIF
 .text.USBD_CoreFindEP
                0x0800fdaa       0x1a Middlewares\ST\STM32_USB_Device_Library\Core\Src\usbd_core.o
                0x0800fdaa                USBD_CoreFindEP
 .text.USBD_GetEpDesc
                0x0800fdc4       0x70 Middlewares\ST\STM32_USB_Device_Library\Core\Src\usbd_core.o
                0x0800fdc4                USBD_GetEpDesc
 .text.USBD_GetNextDesc
                0x0800fe34       0x38 Middlewares\ST\STM32_USB_Device_Library\Core\Src\usbd_core.o
                0x0800fe34                USBD_GetNextDesc
 .text.SWAPBYTE
                0x0800fe6c       0x3e Middlewares\ST\STM32_USB_Device_Library\Core\Src\usbd_ctlreq.o
 *fill*         0x0800feaa        0x2 
 .text.USBD_StdDevReq
                0x0800feac       0xe4 Middlewares\ST\STM32_USB_Device_Library\Core\Src\usbd_ctlreq.o
                0x0800feac                USBD_StdDevReq
 .text.USBD_StdItfReq
                0x0800ff90       0xd8 Middlewares\ST\STM32_USB_Device_Library\Core\Src\usbd_ctlreq.o
                0x0800ff90                USBD_StdItfReq
 .text.USBD_StdEPReq
                0x08010068      0x33e Middlewares\ST\STM32_USB_Device_Library\Core\Src\usbd_ctlreq.o
                0x08010068                USBD_StdEPReq
 *fill*         0x080103a6        0x2 
 .text.USBD_GetDescriptor
                0x080103a8      0x328 Middlewares\ST\STM32_USB_Device_Library\Core\Src\usbd_ctlreq.o
 .text.USBD_SetAddress
                0x080106d0       0x88 Middlewares\ST\STM32_USB_Device_Library\Core\Src\usbd_ctlreq.o
 .text.USBD_SetConfig
                0x08010758      0x154 Middlewares\ST\STM32_USB_Device_Library\Core\Src\usbd_ctlreq.o
 .text.USBD_GetConfig
                0x080108ac       0x6c Middlewares\ST\STM32_USB_Device_Library\Core\Src\usbd_ctlreq.o
 .text.USBD_GetStatus
                0x08010918       0x68 Middlewares\ST\STM32_USB_Device_Library\Core\Src\usbd_ctlreq.o
 .text.USBD_SetFeature
                0x08010980       0x52 Middlewares\ST\STM32_USB_Device_Library\Core\Src\usbd_ctlreq.o
 .text.USBD_ClrFeature
                0x080109d2       0x44 Middlewares\ST\STM32_USB_Device_Library\Core\Src\usbd_ctlreq.o
 .text.USBD_ParseSetupRequest
                0x08010a16       0x74 Middlewares\ST\STM32_USB_Device_Library\Core\Src\usbd_ctlreq.o
                0x08010a16                USBD_ParseSetupRequest
 .text.USBD_CtlError
                0x08010a8a       0x22 Middlewares\ST\STM32_USB_Device_Library\Core\Src\usbd_ctlreq.o
                0x08010a8a                USBD_CtlError
 .text.USBD_GetString
                0x08010aac       0xa4 Middlewares\ST\STM32_USB_Device_Library\Core\Src\usbd_ctlreq.o
                0x08010aac                USBD_GetString
 .text.USBD_GetLen
                0x08010b50       0x34 Middlewares\ST\STM32_USB_Device_Library\Core\Src\usbd_ctlreq.o
 .text.USBD_CtlSendData
                0x08010b84       0x3c Middlewares\ST\STM32_USB_Device_Library\Core\Src\usbd_ioreq.o
                0x08010b84                USBD_CtlSendData
 .text.USBD_CtlContinueSendData
                0x08010bc0       0x22 Middlewares\ST\STM32_USB_Device_Library\Core\Src\usbd_ioreq.o
                0x08010bc0                USBD_CtlContinueSendData
 .text.USBD_CtlPrepareRx
                0x08010be2       0x42 Middlewares\ST\STM32_USB_Device_Library\Core\Src\usbd_ioreq.o
                0x08010be2                USBD_CtlPrepareRx
 .text.USBD_CtlContinueRx
                0x08010c24       0x22 Middlewares\ST\STM32_USB_Device_Library\Core\Src\usbd_ioreq.o
                0x08010c24                USBD_CtlContinueRx
 .text.USBD_CtlSendStatus
                0x08010c46       0x26 Middlewares\ST\STM32_USB_Device_Library\Core\Src\usbd_ioreq.o
                0x08010c46                USBD_CtlSendStatus
 .text.USBD_CtlReceiveStatus
                0x08010c6c       0x26 Middlewares\ST\STM32_USB_Device_Library\Core\Src\usbd_ioreq.o
                0x08010c6c                USBD_CtlReceiveStatus
 *fill*         0x08010c92        0x2 
 .text.MX_USB_DEVICE_Init
                0x08010c94       0x64 USB_DEVICE\App\usb_device.o
                0x08010c94                MX_USB_DEVICE_Init
 .text.CDC_Init_FS
                0x08010cf8       0x28 USB_DEVICE\App\usbd_cdc_if.o
 .text.CDC_DeInit_FS
                0x08010d20       0x10 USB_DEVICE\App\usbd_cdc_if.o
 .text.CDC_Control_FS
                0x08010d30       0xbc USB_DEVICE\App\usbd_cdc_if.o
 .text.CDC_Receive_FS
                0x08010dec       0x28 USB_DEVICE\App\usbd_cdc_if.o
 .text.CDC_TransmitCplt_FS
                0x08010e14       0x22 USB_DEVICE\App\usbd_cdc_if.o
 *fill*         0x08010e36        0x2 
 .text.USBD_FS_DeviceDescriptor
                0x08010e38       0x24 USB_DEVICE\App\usbd_desc.o
                0x08010e38                USBD_FS_DeviceDescriptor
 .text.USBD_FS_LangIDStrDescriptor
                0x08010e5c       0x24 USB_DEVICE\App\usbd_desc.o
                0x08010e5c                USBD_FS_LangIDStrDescriptor
 .text.USBD_FS_ProductStrDescriptor
                0x08010e80       0x3c USB_DEVICE\App\usbd_desc.o
                0x08010e80                USBD_FS_ProductStrDescriptor
 .text.USBD_FS_ManufacturerStrDescriptor
                0x08010ebc       0x28 USB_DEVICE\App\usbd_desc.o
                0x08010ebc                USBD_FS_ManufacturerStrDescriptor
 .text.USBD_FS_SerialStrDescriptor
                0x08010ee4       0x24 USB_DEVICE\App\usbd_desc.o
                0x08010ee4                USBD_FS_SerialStrDescriptor
 .text.USBD_FS_ConfigStrDescriptor
                0x08010f08       0x3c USB_DEVICE\App\usbd_desc.o
                0x08010f08                USBD_FS_ConfigStrDescriptor
 .text.USBD_FS_InterfaceStrDescriptor
                0x08010f44       0x3c USB_DEVICE\App\usbd_desc.o
                0x08010f44                USBD_FS_InterfaceStrDescriptor
 .text.Get_SerialNum
                0x08010f80       0x58 USB_DEVICE\App\usbd_desc.o
 .text.IntToUnicode
                0x08010fd8       0x7e USB_DEVICE\App\usbd_desc.o
 *fill*         0x08011056        0x2 
 .text.HAL_PCD_MspInit
                0x08011058       0xe8 USB_DEVICE\Target\usbd_conf.o
                0x08011058                HAL_PCD_MspInit
 .text.HAL_PCD_SetupStageCallback
                0x08011140       0x24 USB_DEVICE\Target\usbd_conf.o
                0x08011140                HAL_PCD_SetupStageCallback
 .text.HAL_PCD_DataOutStageCallback
                0x08011164       0x36 USB_DEVICE\Target\usbd_conf.o
                0x08011164                HAL_PCD_DataOutStageCallback
 .text.HAL_PCD_DataInStageCallback
                0x0801119a       0x34 USB_DEVICE\Target\usbd_conf.o
                0x0801119a                HAL_PCD_DataInStageCallback
 .text.HAL_PCD_SOFCallback
                0x080111ce       0x1c USB_DEVICE\Target\usbd_conf.o
                0x080111ce                HAL_PCD_SOFCallback
 .text.HAL_PCD_ResetCallback
                0x080111ea       0x50 USB_DEVICE\Target\usbd_conf.o
                0x080111ea                HAL_PCD_ResetCallback
 *fill*         0x0801123a        0x2 
 .text.HAL_PCD_SuspendCallback
                0x0801123c       0x4c USB_DEVICE\Target\usbd_conf.o
                0x0801123c                HAL_PCD_SuspendCallback
 .text.HAL_PCD_ResumeCallback
                0x08011288       0x1c USB_DEVICE\Target\usbd_conf.o
                0x08011288                HAL_PCD_ResumeCallback
 .text.HAL_PCD_ISOOUTIncompleteCallback
                0x080112a4       0x24 USB_DEVICE\Target\usbd_conf.o
                0x080112a4                HAL_PCD_ISOOUTIncompleteCallback
 .text.HAL_PCD_ISOINIncompleteCallback
                0x080112c8       0x24 USB_DEVICE\Target\usbd_conf.o
                0x080112c8                HAL_PCD_ISOINIncompleteCallback
 .text.HAL_PCD_ConnectCallback
                0x080112ec       0x1c USB_DEVICE\Target\usbd_conf.o
                0x080112ec                HAL_PCD_ConnectCallback
 .text.HAL_PCD_DisconnectCallback
                0x08011308       0x1c USB_DEVICE\Target\usbd_conf.o
                0x08011308                HAL_PCD_DisconnectCallback
 .text.USBD_LL_Init
                0x08011324       0xa0 USB_DEVICE\Target\usbd_conf.o
                0x08011324                USBD_LL_Init
 .text.USBD_LL_Start
                0x080113c4       0x36 USB_DEVICE\Target\usbd_conf.o
                0x080113c4                USBD_LL_Start
 .text.USBD_LL_OpenEP
                0x080113fa       0x4c USB_DEVICE\Target\usbd_conf.o
                0x080113fa                USBD_LL_OpenEP
 .text.USBD_LL_CloseEP
                0x08011446       0x3e USB_DEVICE\Target\usbd_conf.o
                0x08011446                USBD_LL_CloseEP
 .text.USBD_LL_StallEP
                0x08011484       0x3e USB_DEVICE\Target\usbd_conf.o
                0x08011484                USBD_LL_StallEP
 .text.USBD_LL_ClearStallEP
                0x080114c2       0x3e USB_DEVICE\Target\usbd_conf.o
                0x080114c2                USBD_LL_ClearStallEP
 .text.USBD_LL_IsStallEP
                0x08011500       0x58 USB_DEVICE\Target\usbd_conf.o
                0x08011500                USBD_LL_IsStallEP
 .text.USBD_LL_SetUSBAddress
                0x08011558       0x3e USB_DEVICE\Target\usbd_conf.o
                0x08011558                USBD_LL_SetUSBAddress
 .text.USBD_LL_Transmit
                0x08011596       0x42 USB_DEVICE\Target\usbd_conf.o
                0x08011596                USBD_LL_Transmit
 .text.USBD_LL_PrepareReceive
                0x080115d8       0x42 USB_DEVICE\Target\usbd_conf.o
                0x080115d8                USBD_LL_PrepareReceive
 .text.USBD_LL_GetRxDataSize
                0x0801161a       0x26 USB_DEVICE\Target\usbd_conf.o
                0x0801161a                USBD_LL_GetRxDataSize
 .text.USBD_static_malloc
                0x08011640       0x1c USB_DEVICE\Target\usbd_conf.o
                0x08011640                USBD_static_malloc
 .text.USBD_static_free
                0x0801165c       0x14 USB_DEVICE\Target\usbd_conf.o
                0x0801165c                USBD_static_free
 .text.USBD_Get_USB_Status
                0x08011670       0x58 USB_DEVICE\Target\usbd_conf.o
                0x08011670                USBD_Get_USB_Status
 .text._ZdlPvj  0x080116c8        0x4 C:/ST/STM32CubeIDE_1.17.0/STM32CubeIDE/plugins/com.st.stm32cube.ide.mcu.externaltools.gnu-tools-for-stm32.14.3.rel1.win32_1.0.100.202602081740/tools/bin/../lib/gcc/arm-none-eabi/14.3.1/../../../../arm-none-eabi/lib/thumb/v7e-m+dp/hard\libstdc++_nano.a(del_ops.o)
                0x080116c8                operator delete(void*, unsigned int)
 .text._Znwj    0x080116cc       0x22 C:/ST/STM32CubeIDE_1.17.0/STM32CubeIDE/plugins/com.st.stm32cube.ide.mcu.externaltools.gnu-tools-for-stm32.14.3.rel1.win32_1.0.100.202602081740/tools/bin/../lib/gcc/arm-none-eabi/14.3.1/../../../../arm-none-eabi/lib/thumb/v7e-m+dp/hard\libstdc++_nano.a(new_op.o)
                0x080116cc                operator new(unsigned int)
 .text._ZdlPv   0x080116ee        0x4 C:/ST/STM32CubeIDE_1.17.0/STM32CubeIDE/plugins/com.st.stm32cube.ide.mcu.externaltools.gnu-tools-for-stm32.14.3.rel1.win32_1.0.100.202602081740/tools/bin/../lib/gcc/arm-none-eabi/14.3.1/../../../../arm-none-eabi/lib/thumb/v7e-m+dp/hard\libstdc++_nano.a(del_op.o)
                0x080116ee                operator delete(void*)
 *fill*         0x080116f2        0x2 
 .text._ZSt15get_new_handlerv
                0x080116f4       0x10 C:/ST/STM32CubeIDE_1.17.0/STM32CubeIDE/plugins/com.st.stm32cube.ide.mcu.externaltools.gnu-tools-for-stm32.14.3.rel1.win32_1.0.100.202602081740/tools/bin/../lib/gcc/arm-none-eabi/14.3.1/../../../../arm-none-eabi/lib/thumb/v7e-m+dp/hard\libstdc++_nano.a(new_handler.o)
                0x080116f4                std::get_new_handler()
 .text.abort    0x08011704        0xe C:/ST/STM32CubeIDE_1.17.0/STM32CubeIDE/plugins/com.st.stm32cube.ide.mcu.externaltools.gnu-tools-for-stm32.14.3.rel1.win32_1.0.100.202602081740/tools/bin/../lib/gcc/arm-none-eabi/14.3.1/../../../../arm-none-eabi/lib/thumb/v7e-m+dp/hard\libc_nano.a(libc_a-abort.o)
                0x08011704                abort
 .text.__itoa   0x08011712       0x30 C:/ST/STM32CubeIDE_1.17.0/STM32CubeIDE/plugins/com.st.stm32cube.ide.mcu.externaltools.gnu-tools-for-stm32.14.3.rel1.win32_1.0.100.202602081740/tools/bin/../lib/gcc/arm-none-eabi/14.3.1/../../../../arm-none-eabi/lib/thumb/v7e-m+dp/hard\libc_nano.a(libc_a-itoa.o)
                0x08011712                __itoa
 .text.itoa     0x08011742        0x4 C:/ST/STM32CubeIDE_1.17.0/STM32CubeIDE/plugins/com.st.stm32cube.ide.mcu.externaltools.gnu-tools-for-stm32.14.3.rel1.win32_1.0.100.202602081740/tools/bin/../lib/gcc/arm-none-eabi/14.3.1/../../../../arm-none-eabi/lib/thumb/v7e-m+dp/hard\libc_nano.a(libc_a-itoa.o)
                0x08011742                itoa
 *fill*         0x08011746        0x2 
 .text.malloc   0x08011748       0x10 C:/ST/STM32CubeIDE_1.17.0/STM32CubeIDE/plugins/com.st.stm32cube.ide.mcu.externaltools.gnu-tools-for-stm32.14.3.rel1.win32_1.0.100.202602081740/tools/bin/../lib/gcc/arm-none-eabi/14.3.1/../../../../arm-none-eabi/lib/thumb/v7e-m+dp/hard\libc_nano.a(libc_a-malloc.o)
                0x08011748                malloc
 .text.free     0x08011758       0x10 C:/ST/STM32CubeIDE_1.17.0/STM32CubeIDE/plugins/com.st.stm32cube.ide.mcu.externaltools.gnu-tools-for-stm32.14.3.rel1.win32_1.0.100.202602081740/tools/bin/../lib/gcc/arm-none-eabi/14.3.1/../../../../arm-none-eabi/lib/thumb/v7e-m+dp/hard\libc_nano.a(libc_a-malloc.o)
                0x08011758                free
 .text.sbrk_aligned
                0x08011768       0x44 C:/ST/STM32CubeIDE_1.17.0/STM32CubeIDE/plugins/com.st.stm32cube.ide.mcu.externaltools.gnu-tools-for-stm32.14.3.rel1.win32_1.0.100.202602081740/tools/bin/../lib/gcc/arm-none-eabi/14.3.1/../../../../arm-none-eabi/lib/thumb/v7e-m+dp/hard\libc_nano.a(libc_a-mallocr.o)
 .text._malloc_r
                0x080117ac      0x100 C:/ST/STM32CubeIDE_1.17.0/STM32CubeIDE/plugins/com.st.stm32cube.ide.mcu.externaltools.gnu-tools-for-stm32.14.3.rel1.win32_1.0.100.202602081740/tools/bin/../lib/gcc/arm-none-eabi/14.3.1/../../../../arm-none-eabi/lib/thumb/v7e-m+dp/hard\libc_nano.a(libc_a-mallocr.o)
                0x080117ac                _malloc_r
 .text.__malloc_lock
                0x080118ac        0xc C:/ST/STM32CubeIDE_1.17.0/STM32CubeIDE/plugins/com.st.stm32cube.ide.mcu.externaltools.gnu-tools-for-stm32.14.3.rel1.win32_1.0.100.202602081740/tools/bin/../lib/gcc/arm-none-eabi/14.3.1/../../../../arm-none-eabi/lib/thumb/v7e-m+dp/hard\libc_nano.a(libc_a-mlock.o)
                0x080118ac                __malloc_lock
 .text.__malloc_unlock
                0x080118b8        0xc C:/ST/STM32CubeIDE_1.17.0/STM32CubeIDE/plugins/com.st.stm32cube.ide.mcu.externaltools.gnu-tools-for-stm32.14.3.rel1.win32_1.0.100.202602081740/tools/bin/../lib/gcc/arm-none-eabi/14.3.1/../../../../arm-none-eabi/lib/thumb/v7e-m+dp/hard\libc_nano.a(libc_a-mlock.o)
                0x080118b8                __malloc_unlock
 .text.__utoa   0x080118c4       0x84 C:/ST/STM32CubeIDE_1.17.0/STM32CubeIDE/plugins/com.st.stm32cube.ide.mcu.externaltools.gnu-tools-for-stm32.14.3.rel1.win32_1.0.100.202602081740/tools/bin/../lib/gcc/arm-none-eabi/14.3.1/../../../../arm-none-eabi/lib/thumb/v7e-m+dp/hard\libc_nano.a(libc_a-utoa.o)
                0x080118c4                __utoa
 .text.memset   0x08011948       0x10 C:/ST/STM32CubeIDE_1.17.0/STM32CubeIDE/plugins/com.st.stm32cube.ide.mcu.externaltools.gnu-tools-for-stm32.14.3.rel1.win32_1.0.100.202602081740/tools/bin/../lib/gcc/arm-none-eabi/14.3.1/../../../../arm-none-eabi/lib/thumb/v7e-m+dp/hard\libc_nano.a(libc_a-memset.o)
                0x08011948                memset
 .text.strncat  0x08011958       0x26 C:/ST/STM32CubeIDE_1.17.0/STM32CubeIDE/plugins/com.st.stm32cube.ide.mcu.externaltools.gnu-tools-for-stm32.14.3.rel1.win32_1.0.100.202602081740/tools/bin/../lib/gcc/arm-none-eabi/14.3.1/../../../../arm-none-eabi/lib/thumb/v7e-m+dp/hard\libc_nano.a(libc_a-strncat.o)
                0x08011958                strncat
 .text.strncpy  0x0801197e       0x26 C:/ST/STM32CubeIDE_1.17.0/STM32CubeIDE/plugins/com.st.stm32cube.ide.mcu.externaltools.gnu-tools-for-stm32.14.3.rel1.win32_1.0.100.202602081740/tools/bin/../lib/gcc/arm-none-eabi/14.3.1/../../../../arm-none-eabi/lib/thumb/v7e-m+dp/hard\libc_nano.a(libc_a-strncpy.o)
                0x0801197e                strncpy
 .text._raise_r
                0x080119a4       0x50 C:/ST/STM32CubeIDE_1.17.0/STM32CubeIDE/plugins/com.st.stm32cube.ide.mcu.externaltools.gnu-tools-for-stm32.14.3.rel1.win32_1.0.100.202602081740/tools/bin/../lib/gcc/arm-none-eabi/14.3.1/../../../../arm-none-eabi/lib/thumb/v7e-m+dp/hard\libc_nano.a(libc_a-signal.o)
                0x080119a4                _raise_r
 .text.raise    0x080119f4       0x10 C:/ST/STM32CubeIDE_1.17.0/STM32CubeIDE/plugins/com.st.stm32cube.ide.mcu.externaltools.gnu-tools-for-stm32.14.3.rel1.win32_1.0.100.202602081740/tools/bin/../lib/gcc/arm-none-eabi/14.3.1/../../../../arm-none-eabi/lib/thumb/v7e-m+dp/hard\libc_nano.a(libc_a-signal.o)
                0x080119f4                raise
 .text._kill_r  0x08011a04       0x24 C:/ST/STM32CubeIDE_1.17.0/STM32CubeIDE/plugins/com.st.stm32cube.ide.mcu.externaltools.gnu-tools-for-stm32.14.3.rel1.win32_1.0.100.202602081740/tools/bin/../lib/gcc/arm-none-eabi/14.3.1/../../../../arm-none-eabi/lib/thumb/v7e-m+dp/hard\libc_nano.a(libc_a-signalr.o)
                0x08011a04                _kill_r
 .text._getpid_r
                0x08011a28        0x4 C:/ST/STM32CubeIDE_1.17.0/STM32CubeIDE/plugins/com.st.stm32cube.ide.mcu.externaltools.gnu-tools-for-stm32.14.3.rel1.win32_1.0.100.202602081740/tools/bin/../lib/gcc/arm-none-eabi/14.3.1/../../../../arm-none-eabi/lib/thumb/v7e-m+dp/hard\libc_nano.a(libc_a-signalr.o)
                0x08011a28                _getpid_r
 .text._sbrk_r  0x08011a2c       0x20 C:/ST/STM32CubeIDE_1.17.0/STM32CubeIDE/plugins/com.st.stm32cube.ide.mcu.externaltools.gnu-tools-for-stm32.14.3.rel1.win32_1.0.100.202602081740/tools/bin/../lib/gcc/arm-none-eabi/14.3.1/../../../../arm-none-eabi/lib/thumb/v7e-m+dp/hard\libc_nano.a(libc_a-sbrkr.o)
                0x08011a2c                _sbrk_r
 .text.__errno  0x08011a4c        0xc C:/ST/STM32CubeIDE_1.17.0/STM32CubeIDE/plugins/com.st.stm32cube.ide.mcu.externaltools.gnu-tools-for-stm32.14.3.rel1.win32_1.0.100.202602081740/tools/bin/../lib/gcc/arm-none-eabi/14.3.1/../../../../arm-none-eabi/lib/thumb/v7e-m+dp/hard\libc_nano.a(libc_a-errno.o)
                0x08011a4c                __errno
 .text.__libc_init_array
                0x08011a58       0x48 C:/ST/STM32CubeIDE_1.17.0/STM32CubeIDE/plugins/com.st.stm32cube.ide.mcu.externaltools.gnu-tools-for-stm32.14.3.rel1.win32_1.0.100.202602081740/tools/bin/../lib/gcc/arm-none-eabi/14.3.1/../../../../arm-none-eabi/lib/thumb/v7e-m+dp/hard\libc_nano.a(libc_a-init.o)
                0x08011a58                __libc_init_array
 .text.__retarget_lock_acquire_recursive
                0x08011aa0        0x2 C:/ST/STM32CubeIDE_1.17.0/STM32CubeIDE/plugins/com.st.stm32cube.ide.mcu.externaltools.gnu-tools-for-stm32.14.3.rel1.win32_1.0.100.202602081740/tools/bin/../lib/gcc/arm-none-eabi/14.3.1/../../../../arm-none-eabi/lib/thumb/v7e-m+dp/hard\libc_nano.a(libc_a-lock.o)
                0x08011aa0                __retarget_lock_acquire_recursive
 .text.__retarget_lock_release_recursive
                0x08011aa2        0x2 C:/ST/STM32CubeIDE_1.17.0/STM32CubeIDE/plugins/com.st.stm32cube.ide.mcu.externaltools.gnu-tools-for-stm32.14.3.rel1.win32_1.0.100.202602081740/tools/bin/../lib/gcc/arm-none-eabi/14.3.1/../../../../arm-none-eabi/lib/thumb/v7e-m+dp/hard\libc_nano.a(libc_a-lock.o)
                0x08011aa2                __retarget_lock_release_recursive
 .text.memcpy   0x08011aa4       0x1c C:/ST/STM32CubeIDE_1.17.0/STM32CubeIDE/plugins/com.st.stm32cube.ide.mcu.externaltools.gnu-tools-for-stm32.14.3.rel1.win32_1.0.100.202602081740/tools/bin/../lib/gcc/arm-none-eabi/14.3.1/../../../../arm-none-eabi/lib/thumb/v7e-m+dp/hard\libc_nano.a(libc_a-memcpy-stub.o)
                0x08011aa4                memcpy
 .text._free_r  0x08011ac0       0x94 C:/ST/STM32CubeIDE_1.17.0/STM32CubeIDE/plugins/com.st.stm32cube.ide.mcu.externaltools.gnu-tools-for-stm32.14.3.rel1.win32_1.0.100.202602081740/tools/bin/../lib/gcc/arm-none-eabi/14.3.1/../../../../arm-none-eabi/lib/thumb/v7e-m+dp/hard\libc_nano.a(libc_a-freer.o)
                0x08011ac0                _free_r
 *(.glue_7)
 .glue_7        0x08011b54        0x0 linker stubs
 *(.glue_7t)
 .glue_7t       0x08011b54        0x0 linker stubs
 *(.eh_frame)
 .eh_frame      0x08011b54        0x0 C:/ST/STM32CubeIDE_1.17.0/STM32CubeIDE/plugins/com.st.stm32cube.ide.mcu.externaltools.gnu-tools-for-stm32.14.3.rel1.win32_1.0.100.202602081740/tools/bin/../lib/gcc/arm-none-eabi/14.3.1/thumb/v7e-m+dp/hard/crtbegin.o
 *(.init)
 .init          0x08011b54        0x4 C:/ST/STM32CubeIDE_1.17.0/STM32CubeIDE/plugins/com.st.stm32cube.ide.mcu.externaltools.gnu-tools-for-stm32.14.3.rel1.win32_1.0.100.202602081740/tools/bin/../lib/gcc/arm-none-eabi/14.3.1/thumb/v7e-m+dp/hard/crti.o
                0x08011b54                _init
 .init          0x08011b58        0x8 C:/ST/STM32CubeIDE_1.17.0/STM32CubeIDE/plugins/com.st.stm32cube.ide.mcu.externaltools.gnu-tools-for-stm32.14.3.rel1.win32_1.0.100.202602081740/tools/bin/../lib/gcc/arm-none-eabi/14.3.1/thumb/v7e-m+dp/hard/crtn.o
 *(.fini)
 .fini          0x08011b60        0x4 C:/ST/STM32CubeIDE_1.17.0/STM32CubeIDE/plugins/com.st.stm32cube.ide.mcu.externaltools.gnu-tools-for-stm32.14.3.rel1.win32_1.0.100.202602081740/tools/bin/../lib/gcc/arm-none-eabi/14.3.1/thumb/v7e-m+dp/hard/crti.o
                0x08011b60                _fini
 .fini          0x08011b64        0x8 C:/ST/STM32CubeIDE_1.17.0/STM32CubeIDE/plugins/com.st.stm32cube.ide.mcu.externaltools.gnu-tools-for-stm32.14.3.rel1.win32_1.0.100.202602081740/tools/bin/../lib/gcc/arm-none-eabi/14.3.1/thumb/v7e-m+dp/hard/crtn.o
                0x08011b6c                        . = ALIGN (0x4)
                0x08011b6c                        _etext = .

.vfp11_veneer   0x08011b6c        0x0
 .vfp11_veneer  0x08011b6c        0x0 linker stubs

.v4_bx          0x08011b6c        0x0
 .v4_bx         0x08011b6c        0x0 linker stubs

.iplt           0x08011b6c        0x0
 .iplt          0x08011b6c        0x0 C:/ST/STM32CubeIDE_1.17.0/STM32CubeIDE/plugins/com.st.stm32cube.ide.mcu.externaltools.gnu-tools-for-stm32.14.3.rel1.win32_1.0.100.202602081740/tools/bin/../lib/gcc/arm-none-eabi/14.3.1/thumb/v7e-m+dp/hard/crtbegin.o

.rodata         0x08011b6c     0x9208
                0x08011b6c                        . = ALIGN (0x4)
 *(.rodata)
 .rodata        0x08011b6c       0x46 Core\Src\fmc-display\lcd_io.o
 *fill*         0x08011bb2        0x2 
 .rodata        0x08011bb4        0xd Core\Src\fmc-display\rpiSceneBuilderUser.o
 *fill*         0x08011bc1        0x3 
 .rodata        0x08011bc4       0x4c Drivers\STM32H7xx_HAL_Driver\Src\stm32h7xx_hal_fdcan.o
 *(.rodata*)
 .rodata.processCAN.str1.4
                0x08011c10       0x4e Core\Src\data.o
                                  0x6 (size before relaxing)
 *fill*         0x08011c5e        0x2 
 .rodata._ZTV11ImageObject
                0x08011c60       0x14 Core\Src\fmc-display\rpiDisplaySceneBuilder.o
                0x08011c60                vtable for ImageObject
 .rodata._ZTV17OutlineRectObject
                0x08011c74       0x14 Core\Src\fmc-display\rpiDisplaySceneBuilder.o
                0x08011c74                vtable for OutlineRectObject
 .rodata._ZTV12StringObject
                0x08011c88       0x14 Core\Src\fmc-display\rpiDisplaySceneBuilder.o
                0x08011c88                vtable for StringObject
 .rodata._ZTV13DisplayObject
                0x08011c9c       0x14 Core\Src\fmc-display\rpiDisplaySceneBuilder.o
                0x08011c9c                vtable for DisplayObject
 .rodata._ZL21FreeSans18pt7bBitmaps
                0x08011cb0     0x103f Core\Src\fmc-display\rpiSceneBuilderUser.o
 *fill*         0x08012cef        0x1 
 .rodata._ZL20FreeSans18pt7bGlyphs
                0x08012cf0      0x3b6 Core\Src\fmc-display\rpiSceneBuilderUser.o
 *fill*         0x080130a6        0x2 
 .rodata._ZL14FreeSans18pt7b
                0x080130a8       0x10 Core\Src\fmc-display\rpiSceneBuilderUser.o
 .rodata._ZL25FreeMonoBold24pt7bBitmaps
                0x080130b8     0x1a8d Core\Src\fmc-display\rpiSceneBuilderUser.o
 *fill*         0x08014b45        0x3 
 .rodata._ZL24FreeMonoBold24pt7bGlyphs
                0x08014b48      0x3b6 Core\Src\fmc-display\rpiSceneBuilderUser.o
 *fill*         0x08014efe        0x2 
 .rodata._ZL18FreeMonoBold24pt7b
                0x08014f00       0x10 Core\Src\fmc-display\rpiSceneBuilderUser.o
 .rodata._ZL32FreeSerifBoldItalic18pt7bBitmaps
                0x08014f10     0x1282 Core\Src\fmc-display\rpiSceneBuilderUser.o
 *fill*         0x08016192        0x2 
 .rodata._ZL31FreeSerifBoldItalic18pt7bGlyphs
                0x08016194      0x3b6 Core\Src\fmc-display\rpiSceneBuilderUser.o
 *fill*         0x0801654a        0x2 
 .rodata._ZL25FreeSerifBoldItalic18pt7b
                0x0801654c       0x10 Core\Src\fmc-display\rpiSceneBuilderUser.o
 .rodata._ZL16gearFont_Bitmaps
                0x0801655c     0x4300 Core\Src\fmc-display\rpiSceneBuilderUser.o
 .rodata._ZL15gearFont_Glyphs
                0x0801a85c       0xfa Core\Src\fmc-display\rpiSceneBuilderUser.o
 *fill*         0x0801a956        0x2 
 .rodata._ZL8gearFont
                0x0801a958       0x10 Core\Src\fmc-display\rpiSceneBuilderUser.o
 .rodata._ZL16iconFont_Bitmaps
                0x0801a968      0x36d Core\Src\fmc-display\rpiSceneBuilderUser.o
 *fill*         0x0801acd5        0x3 
 .rodata._ZL15iconFont_Glyphs
                0x0801acd8       0x3c Core\Src\fmc-display\rpiSceneBuilderUser.o
 .rodata._ZL8iconFont
                0x0801ad14       0x10 Core\Src\fmc-display\rpiSceneBuilderUser.o
 .rodata.D1CorePrescTable
                0x0801ad24       0x10 Core\Src\system_stm32h7xx.o
                0x0801ad24                D1CorePrescTable
 .rodata.flagBitshiftOffset.0
                0x0801ad34        0x8 Drivers\STM32H7xx_HAL_Driver\Src\stm32h7xx_hal_dma.o
 .rodata.DLCtoBytes
                0x0801ad3c       0x10 Drivers\STM32H7xx_HAL_Driver\Src\stm32h7xx_hal_fdcan.o
 .rodata.USBD_FS_ProductStrDescriptor.str1.4
                0x0801ad4c       0x16 USB_DEVICE\App\usbd_desc.o
 .rodata.USBD_FS_ManufacturerStrDescriptor.str1.4
                0x0801ad4c       0x13 USB_DEVICE\App\usbd_desc.o
 .rodata.USBD_FS_ConfigStrDescriptor.str1.4
                0x0801ad4c        0xb USB_DEVICE\App\usbd_desc.o
 .rodata.USBD_FS_InterfaceStrDescriptor.str1.4
                0x0801ad4c        0xe USB_DEVICE\App\usbd_desc.o
 .rodata.__utoa.str1.1