Archive member included to satisfy reference by file (symbol)

C:/ST/STM32CubeIDE_1.17.0/STM32CubeIDE/plugins/com.st.stm32cube.ide.mcu.externaltools.gnu-tools-for-stm32.14.3.rel1.win32_1.0.100.202602081740/tools/bin/../lib/gcc/arm-none-eabi/14.3.1/../../../../arm-none-eabi/lib/thumb/v7e-m+dp/hard\libc_nano.a(libc_a-exit.o)
                              C:/ST/STM32CubeIDE_1.17.0/STM32CubeIDE/plugins/com.st.stm32cube.ide.mcu.externaltools.gnu-tools-for-stm32.14.3.rel1.win32_1.0.100.202602081740/tools/bin/../lib/gcc/arm-none-eabi/14.3.1/../../../../arm-none-eabi/lib/thumb/v7e-m+dp/hard/crt0.o (exit)
C:/ST/STM32CubeIDE_1.17.0/STM32CubeIDE/plugins/com.st.stm32cube.ide.mcu.externaltools.gnu-tools-for-stm32.14.3.rel1.win32_1.0.100.202602081740/tools/bin/../lib/gcc/arm-none-eabi/14.3.1/../../../../arm-none-eabi/lib/thumb/v7e-m+dp/hard\libc_nano.a(libc_a-findfp.o)
                              C:/ST/STM32CubeIDE_1.17.0/STM32CubeIDE/plugins/com.st.stm32cube.ide.mcu.externaltools.gnu-tools-for-stm32.14.3.rel1.win32_1.0.100.202602081740/tools/bin/../lib/gcc/arm-none-eabi/14.3.1/../../../../arm-none-eabi/lib/thumb/v7e-m+dp/hard\libc_nano.a(libc_a-exit.o) (__stdio_exit_handler)
C:/ST/STM32CubeIDE_1.17.0/STM32CubeIDE/plugins/com.st.stm32cube.ide.mcu.externaltools.gnu-tools-for-stm32.14.3.rel1.win32_1.0.100.202602081740/tools/bin/../lib/gcc/arm-none-eabi/14.3.1/../../../../arm-none-eabi/lib/thumb/v7e-m+dp/hard\libc_nano.a(libc_a-fwalk.o)
                              C:/ST/STM32CubeIDE_1.17.0/STM32CubeIDE/plugins/com.st.stm32cube.ide.mcu.externaltools.gnu-tools-for-stm32.14.3.rel1.win32_1.0.100.202602081740/tools/bin/../lib/gcc/arm-none-eabi/14.3.1/../../../../arm-none-eabi/lib/thumb/v7e-m+dp/hard\libc_nano.a(libc_a-findfp.o) (_fwalk_sglue)
C:/ST/STM32CubeIDE_1.17.0/STM32CubeIDE/plugins/com.st.stm32cube.ide.mcu.externaltools.gnu-tools-for-stm32.14.3.rel1.win32_1.0.100.202602081740/tools/bin/../lib/gcc/arm-none-eabi/14.3.1/../../../../arm-none-eabi/lib/thumb/v7e-m+dp/hard\libc_nano.a(libc_a-stdio.o)
                              C:/ST/STM32CubeIDE_1.17.0/STM32CubeIDE/plugins/com.st.stm32cube.ide.mcu.externaltools.gnu-tools-for-stm32.14.3.rel1.win32_1.0.100.202602081740/tools/bin/../lib/gcc/arm-none-eabi/14.3.1/../../../../arm-none-eabi/lib/thumb/v7e-m+dp/hard\libc_nano.a(libc_a-findfp.o) (__sread)
C:/ST/STM32CubeIDE_1.17.0/STM32CubeIDE/plugins/com.st.stm32cube.ide.mcu.externaltools.gnu-tools-for-stm32.14.3.rel1.win32_1.0.100.202602081740/tools/bin/../lib/gcc/arm-none-eabi/14.3.1/../../../../arm-none-eabi/lib/thumb/v7e-m+dp/hard\libc_nano.a(libc_a-memset.o)
                              C:/ST/STM32CubeIDE_1.17.0/STM32CubeIDE/plugins/com.st.stm32cube.ide.mcu.externaltools.gnu-tools-for-stm32.14.3.rel1.win32_1.0.100.202602081740/tools/bin/../lib/gcc/arm-none-eabi/14.3.1/../../../../arm-none-eabi/lib/thumb/v7e-m+dp/hard/crt0.o (memset)
C:/ST/STM32CubeIDE_1.17.0/STM32CubeIDE/plugins/com.st.stm32cube.ide.mcu.externaltools.gnu-tools-for-stm32.14.3.rel1.win32_1.0.100.202602081740/tools/bin/../lib/gcc/arm-none-eabi/14.3.1/../../../../arm-none-eabi/lib/thumb/v7e-m+dp/hard\libc_nano.a(libc_a-closer.o)
                              C:/ST/STM32CubeIDE_1.17.0/STM32CubeIDE/plugins/com.st.stm32cube.ide.mcu.externaltools.gnu-tools-for-stm32.14.3.rel1.win32_1.0.100.202602081740/tools/bin/../lib/gcc/arm-none-eabi/14.3.1/../../../../arm-none-eabi/lib/thumb/v7e-m+dp/hard\libc_nano.a(libc_a-stdio.o) (_close_r)
C:/ST/STM32CubeIDE_1.17.0/STM32CubeIDE/plugins/com.st.stm32cube.ide.mcu.externaltools.gnu-tools-for-stm32.14.3.rel1.win32_1.0.100.202602081740/tools/bin/../lib/gcc/arm-none-eabi/14.3.1/../../../../arm-none-eabi/lib/thumb/v7e-m+dp/hard\libc_nano.a(libc_a-reent.o)
                              C:/ST/STM32CubeIDE_1.17.0/STM32CubeIDE/plugins/com.st.stm32cube.ide.mcu.externaltools.gnu-tools-for-stm32.14.3.rel1.win32_1.0.100.202602081740/tools/bin/../lib/gcc/arm-none-eabi/14.3.1/../../../../arm-none-eabi/lib/thumb/v7e-m+dp/hard\libc_nano.a(libc_a-closer.o) (errno)
C:/ST/STM32CubeIDE_1.17.0/STM32CubeIDE/plugins/com.st.stm32cube.ide.mcu.externaltools.gnu-tools-for-stm32.14.3.rel1.win32_1.0.100.202602081740/tools/bin/../lib/gcc/arm-none-eabi/14.3.1/../../../../arm-none-eabi/lib/thumb/v7e-m+dp/hard\libc_nano.a(libc_a-impure.o)
                              C:/ST/STM32CubeIDE_1.17.0/STM32CubeIDE/plugins/com.st.stm32cube.ide.mcu.externaltools.gnu-tools-for-stm32.14.3.rel1.win32_1.0.100.202602081740/tools/bin/../lib/gcc/arm-none-eabi/14.3.1/../../../../arm-none-eabi/lib/thumb/v7e-m+dp/hard\libc_nano.a(libc_a-reent.o) (_impure_ptr)
C:/ST/STM32CubeIDE_1.17.0/STM32CubeIDE/plugins/com.st.stm32cube.ide.mcu.externaltools.gnu-tools-for-stm32.14.3.rel1.win32_1.0.100.202602081740/tools/bin/../lib/gcc/arm-none-eabi/14.3.1/../../../../arm-none-eabi/lib/thumb/v7e-m+dp/hard\libc_nano.a(libc_a-lseekr.o)
[...]
Memory Configuration

Name             Origin             Length             Attributes
FLASH            0x08000000         0x00200000         xr
DTCMRAM          0x20000000         0x00020000         xrw
RAM_D1           0x24000000         0x00080000         xrw
RAM_D2           0x30000000         0x00048000         xrw
RAM_D3           0x38000000         0x00010000         xrw
ITCMRAM          0x00000000         0x00010000         xrw
*default*        0x00000000         0xffffffff

Linker script and memory map

LOAD C:/ST/STM32CubeIDE_1.17.0/STM32CubeIDE/plugins/com.st.stm32cube.ide.mcu.externaltools.gnu-tools-for-stm32.14.3.rel1.win32_1.0.100.202602081740/tools/bin/../lib/gcc/arm-none-eabi/14.3.1/thumb/v7e-m+dp/hard/crti.o
LOAD C:/ST/STM32CubeIDE_1.17.0/STM32CubeIDE/plugins/com.st.stm32cube.ide.mcu.externaltools.gnu-tools-for-stm32.14.3.rel1.win32_1.0.100.202602081740/tools/bin/../lib/gcc/arm-none-eabi/14.3.1/thumb/v7e-m+dp/hard/crtbegin.o
LOAD C:/ST/STM32CubeIDE_1.17.0/STM32CubeIDE/plugins/com.st.stm32cube.ide.mcu.externaltools.gnu-tools-for-stm32.14.3.rel1.win32_1.0.100.202602081740/tools/bin/../lib/gcc/arm-none-eabi/14.3.1/../../../../arm-none-eabi/lib/thumb/v7e-m+dp/hard/crt0.o
LOAD ./Core/Src/Drivers/Fonts/font12.o
LOAD ./Core/Src/Drivers/Fonts/font16.o
LOAD ./Core/Src/Drivers/Fonts/font20.o
LOAD ./Core/Src/Drivers/Fonts/font24.o
LOAD ./Core/Src/Drivers/Fonts/font8.o
LOAD ./Core/Src/Drivers/ili9486.o
LOAD ./Core/Src/Drivers/lcd_io_fsmc16_hal.o
LOAD ./Core/Src/Drivers/stm32_adafruit_lcd.o
LOAD ./Core/Src/Drivers/stm32_adafruit_ts.o
LOAD ./Core/Src/dma.o
LOAD ./Core/Src/fdcan.o
LOAD ./Core/Src/fmc.o
LOAD ./Core/Src/gpio.o
LOAD ./Core/Src/main.o
LOAD ./Core/Src/shiftLights.o
LOAD ./Core/Src/spi.o
LOAD ./Core/Src/stm32h7xx_hal_msp.o
LOAD ./Core/Src/stm32h7xx_it.o
LOAD ./Core/Src/syscalls.o
LOAD ./Core/Src/sysmem.o
LOAD ./Core/Src/system_stm32h7xx.o
LOAD ./Core/Src/tim.o
LOAD ./Core/Src/usb_otg.o
LOAD ./Core/Startup/startup_stm32h743vitx.o
LOAD ./Drivers/STM32H7xx_HAL_Driver/Src/stm32h7xx_hal.o
LOAD ./Drivers/STM32H7xx_HAL_Driver/Src/stm32h7xx_hal_cortex.o
LOAD ./Drivers/STM32H7xx_HAL_Driver/Src/stm32h7xx_hal_dma.o
LOAD ./Drivers/STM32H7xx_HAL_Driver/Src/stm32h7xx_hal_dma_ex.o
LOAD ./Drivers/STM32H7xx_HAL_Driver/Src/stm32h7xx_hal_exti.o
LOAD ./Drivers/STM32H7xx_HAL_Driver/Src/stm32h7xx_hal_fdcan.o
LOAD ./Drivers/STM32H7xx_HAL_Driver/Src/stm32h7xx_hal_flash.o
LOAD ./Drivers/STM32H7xx_HAL_Driver/Src/stm32h7xx_hal_flash_ex.o
LOAD ./Drivers/STM32H7xx_HAL_Driver/Src/stm32h7xx_hal_gpio.o
LOAD ./Drivers/STM32H7xx_HAL_Driver/Src/stm32h7xx_hal_hsem.o
LOAD ./Drivers/STM32H7xx_HAL_Driver/Src/stm32h7xx_hal_i2c.o
LOAD ./Drivers/STM32H7xx_HAL_Driver/Src/stm32h7xx_hal_i2c_ex.o
LOAD ./Drivers/STM32H7xx_HAL_Driver/Src/stm32h7xx_hal_mdma.o
LOAD ./Drivers/STM32H7xx_HAL_Driver/Src/stm32h7xx_hal_nand.o
LOAD ./Drivers/STM32H7xx_HAL_Driver/Src/stm32h7xx_hal_nor.o
LOAD ./Drivers/STM32H7xx_HAL_Driver/Src/stm32h7xx_hal_pcd.o
LOAD ./Drivers/STM32H7xx_HAL_Driver/Src/stm32h7xx_hal_pcd_ex.o
LOAD ./Drivers/STM32H7xx_HAL_Driver/Src/stm32h7xx_hal_pwr.o
LOAD ./Drivers/STM32H7xx_HAL_Driver/Src/stm32h7xx_hal_pwr_ex.o
LOAD ./Drivers/STM32H7xx_HAL_Driver/Src/stm32h7xx_hal_rcc.o
LOAD ./Drivers/STM32H7xx_HAL_Driver/Src/stm32h7xx_hal_rcc_ex.o
LOAD ./Drivers/STM32H7xx_HAL_Driver/Src/stm32h7xx_hal_sdram.o
LOAD ./Drivers/STM32H7xx_HAL_Driver/Src/stm32h7xx_hal_spi.o
LOAD ./Drivers/STM32H7xx_HAL_Driver/Src/stm32h7xx_hal_spi_ex.o
LOAD ./Drivers/STM32H7xx_HAL_Driver/Src/stm32h7xx_hal_sram.o
LOAD ./Drivers/STM32H7xx_HAL_Driver/Src/stm32h7xx_hal_tim.o
LOAD ./Drivers/STM32H7xx_HAL_Driver/Src/stm32h7xx_hal_tim_ex.o
LOAD ./Drivers/STM32H7xx_HAL_Driver/Src/stm32h7xx_ll_fmc.o
LOAD ./Drivers/STM32H7xx_HAL_Driver/Src/stm32h7xx_ll_usb.o
START GROUP
LOAD C:/ST/STM32CubeIDE_1.17.0/STM32CubeIDE/plugins/com.st.stm32cube.ide.mcu.externaltools.gnu-tools-for-stm32.14.3.rel1.win32_1.0.100.202602081740/tools/bin/../lib/gcc/arm-none-eabi/14.3.1/../../../../arm-none-eabi/lib/thumb/v7e-m+dp/hard\libstdc++_nano.a
LOAD C:/ST/STM32CubeIDE_1.17.0/STM32CubeIDE/plugins/com.st.stm32cube.ide.mcu.externaltools.gnu-tools-for-stm32.14.3.rel1.win32_1.0.100.202602081740/tools/bin/../lib/gcc/arm-none-eabi/14.3.1/../../../../arm-none-eabi/lib/thumb/v7e-m+dp/hard\libsupc++_nano.a
END GROUP
LOAD C:/ST/STM32CubeIDE_1.17.0/STM32CubeIDE/plugins/com.st.stm32cube.ide.mcu.externaltools.gnu-tools-for-stm32.14.3.rel1.win32_1.0.100.202602081740/tools/bin/../lib/gcc/arm-none-eabi/14.3.1/../../../../arm-none-eabi/lib/thumb/v7e-m+dp/hard\libstdc++_nano.a
LOAD C:/ST/STM32CubeIDE_1.17.0/STM32CubeIDE/plugins/com.st.stm32cube.ide.mcu.externaltools.gnu-tools-for-stm32.14.3.rel1.win32_1.0.100.202602081740/tools/bin/../lib/gcc/arm-none-eabi/14.3.1/../../../../arm-none-eabi/lib/thumb/v7e-m+dp/hard\libm.a
LOAD C:/ST/STM32CubeIDE_1.17.0/STM32CubeIDE/plugins/com.st.stm32cube.ide.mcu.externaltools.gnu-tools-for-stm32.14.3.rel1.win32_1.0.100.202602081740/tools/bin/../lib/gcc/arm-none-eabi/14.3.1/../../../../arm-none-eabi/lib/thumb/v7e-m+dp/hard\libc_nano.a
START GROUP
LOAD C:/ST/STM32CubeIDE_1.17.0/STM32CubeIDE/plugins/com.st.stm32cube.ide.mcu.externaltools.gnu-tools-for-stm32.14.3.rel1.win32_1.0.100.202602081740/tools/bin/../lib/gcc/arm-none-eabi/14.3.1/thumb/v7e-m+dp/hard\libgcc.a
LOAD C:/ST/STM32CubeIDE_1.17.0/STM32CubeIDE/plugins/com.st.stm32cube.ide.mcu.externaltools.gnu-tools-for-stm32.14.3.rel1.win32_1.0.100.202602081740/tools/bin/../lib/gcc/arm-none-eabi/14.3.1/../../../../arm-none-eabi/lib/thumb/v7e-m+dp/hard\libc_nano.a
END GROUP
START GROUP
LOAD C:/ST/STM32CubeIDE_1.17.0/STM32CubeIDE/plugins/com.st.stm32cube.ide.mcu.externaltools.gnu-tools-for-stm32.14.3.rel1.win32_1.0.100.202602081740/tools/bin/../lib/gcc/arm-none-eabi/14.3.1/thumb/v7e-m+dp/hard\libgcc.a
LOAD C:/ST/STM32CubeIDE_1.17.0/STM32CubeIDE/plugins/com.st.stm32cube.ide.mcu.externaltools.gnu-tools-for-stm32.14.3.rel1.win32_1.0.100.202602081740/tools/bin/../lib/gcc/arm-none-eabi/14.3.1/../../../../arm-none-eabi/lib/thumb/v7e-m+dp/hard\libc_nano.a
END GROUP
LOAD C:/ST/STM32CubeIDE_1.17.0/STM32CubeIDE/plugins/com.st.stm32cube.ide.mcu.externaltools.gnu-tools-for-stm32.14.3.rel1.win32_1.0.100.202602081740/tools/bin/../lib/gcc/arm-none-eabi/14.3.1/thumb/v7e-m+dp/hard/crtend.o
LOAD C:/ST/STM32CubeIDE_1.17.0/STM32CubeIDE/plugins/com.st.stm32cube.ide.mcu.externaltools.gnu-tools-for-stm32.14.3.rel1.win32_1.0.100.202602081740/tools/bin/../lib/gcc/arm-none-eabi/14.3.1/thumb/v7e-m+dp/hard/crtn.o
                0x24080000                        _estack = (ORIGIN (RAM_D1) + LENGTH (RAM_D1))
                0x00000200                        _Min_Heap_Size = 0x200
                0x00000400                        _Min_Stack_Size = 0x400

.isr_vector     0x08000000      0x298
                0x08000000                        . = ALIGN (0x4)
 *(.isr_vector)
 .isr_vector    0x08000000      0x298 ./Core/Startup/startup_stm32h743vitx.o
                0x08000000                g_pfnVectors
                0x08000298                        . = ALIGN (0x4)

.text           0x08000298     0x9450
                0x08000298                        . = ALIGN (0x4)
 *(.text)
 .text          0x08000298       0x40 C:/ST/STM32CubeIDE_1.17.0/STM32CubeIDE/plugins/com.st.stm32cube.ide.mcu.externaltools.gnu-tools-for-stm32.14.3.rel1.win32_1.0.100.202602081740/tools/bin/../lib/gcc/arm-none-eabi/14.3.1/thumb/v7e-m+dp/hard/crtbegin.o
 *(.text*)
 .text.MX_DMA_Init
                0x080002d8       0x40 ./Core/Src/dma.o
                0x080002d8                MX_DMA_Init
 .text.MX_FDCAN1_Init
                0x08000318       0xc8 ./Core/Src/fdcan.o
                0x08000318                MX_FDCAN1_Init
 .text.HAL_FDCAN_MspInit
                0x080003e0       0x94 ./Core/Src/fdcan.o
                0x080003e0                HAL_FDCAN_MspInit
 .text.MX_FMC_Init
                0x08000474       0xc8 ./Core/Src/fmc.o
                0x08000474                MX_FMC_Init
 .text.HAL_FMC_MspInit
                0x0800053c       0xbc ./Core/Src/fmc.o
 .text.HAL_SRAM_MspInit
                0x080005f8       0x14 ./Core/Src/fmc.o
                0x080005f8                HAL_SRAM_MspInit
 .text.MX_GPIO_Init
                0x0800060c      0x1dc ./Core/Src/gpio.o
                0x0800060c                MX_GPIO_Init
 .text.main     0x080007e8      0x148 ./Core/Src/main.o
                0x080007e8                main
 .text.SystemClock_Config
                0x08000930       0xfc ./Core/Src/main.o
                0x08000930                SystemClock_Config
 .text.PeriphCommonClock_Config
                0x08000a2c       0x64 ./Core/Src/main.o
                0x08000a2c                PeriphCommonClock_Config
 .text.MPU_Config
                0x08000a90       0x94 ./Core/Src/main.o
 .text.Error_Handler
                0x08000b24        0xc ./Core/Src/main.o
                0x08000b24                Error_Handler
 .text.shiftLightsInit
                0x08000b30      0x158 ./Core/Src/shiftLights.o
                0x08000b30                shiftLightsInit
 .text.HAL_TIM_PWM_PulseFinishedCallback
                0x08000c88       0x24 ./Core/Src/shiftLights.o
                0x08000c88                HAL_TIM_PWM_PulseFinishedCallback
 .text.MX_SPI2_Init
                0x08000cac       0xac ./Core/Src/spi.o
                0x08000cac                MX_SPI2_Init
 .text.HAL_SPI_MspInit
                0x08000d58      0x144 ./Core/Src/spi.o
                0x08000d58                HAL_SPI_MspInit
 .text.HAL_MspInit
                0x08000e9c       0x34 ./Core/Src/stm32h7xx_hal_msp.o
                0x08000e9c                HAL_MspInit
 .text.NMI_Handler
                0x08000ed0        0x8 ./Core/Src/stm32h7xx_it.o
                0x08000ed0                NMI_Handler
 .text.HardFault_Handler
                0x08000ed8        0x8 ./Core/Src/stm32h7xx_it.o
                0x08000ed8                HardFault_Handler
 .text.MemManage_Handler
                0x08000ee0        0x8 ./Core/Src/stm32h7xx_it.o
                0x08000ee0                MemManage_Handler
 .text.BusFault_Handler
                0x08000ee8        0x8 ./Core/Src/stm32h7xx_it.o
                0x08000ee8                BusFault_Handler
 .text.UsageFault_Handler
                0x08000ef0        0x8 ./Core/Src/stm32h7xx_it.o
                0x08000ef0                UsageFault_Handler
 .text.SVC_Handler
                0x08000ef8        0xe ./Core/Src/stm32h7xx_it.o
                0x08000ef8                SVC_Handler
 .text.DebugMon_Handler
                0x08000f06        0xe ./Core/Src/stm32h7xx_it.o
                0x08000f06                DebugMon_Handler
 .text.PendSV_Handler
                0x08000f14        0xe ./Core/Src/stm32h7xx_it.o
                0x08000f14                PendSV_Handler
 .text.SysTick_Handler
                0x08000f22        0xc ./Core/Src/stm32h7xx_it.o
                0x08000f22                SysTick_Handler
 *fill*         0x08000f2e        0x2 
 .text.DMA1_Stream0_IRQHandler
                0x08000f30       0x14 ./Core/Src/stm32h7xx_it.o
                0x08000f30                DMA1_Stream0_IRQHandler
 .text.SystemInit
                0x08000f44      0x140 ./Core/Src/system_stm32h7xx.o
                0x08000f44                SystemInit
 .text.ExitRun0Mode
                0x08001084       0x18 ./Core/Src/system_stm32h7xx.o
                0x08001084                ExitRun0Mode
 .text.MX_TIM4_Init
                0x0800109c       0x9c ./Core/Src/tim.o
                0x0800109c                MX_TIM4_Init
 .text.MX_TIM5_Init
                0x08001138       0xf0 ./Core/Src/tim.o
                0x08001138                MX_TIM5_Init
 .text.HAL_TIM_Base_MspInit
                0x08001228       0xd4 ./Core/Src/tim.o
                0x08001228                HAL_TIM_Base_MspInit
 .text.HAL_TIM_MspPostInit
                0x080012fc       0x74 ./Core/Src/tim.o
                0x080012fc                HAL_TIM_MspPostInit
 .text.MX_USB_OTG_FS_PCD_Init
                0x08001370       0x64 ./Core/Src/usb_otg.o
                0x08001370                MX_USB_OTG_FS_PCD_Init
 .text.HAL_PCD_MspInit
                0x080013d4       0xd8 ./Core/Src/usb_otg.o
                0x080013d4                HAL_PCD_MspInit
 .text.Reset_Handler
                0x080014ac       0x54 ./Core/Startup/startup_stm32h743vitx.o
                0x080014ac                Reset_Handler
 .text.Default_Handler
                0x08001500        0x2 ./Core/Startup/startup_stm32h743vitx.o
                0x08001500                RTC_Alarm_IRQHandler
                0x08001500                EXTI2_IRQHandler
                0x08001500                TIM8_CC_IRQHandler
                0x08001500                HRTIM1_Master_IRQHandler
                0x08001500                UART8_IRQHandler
                0x08001500                SPI4_IRQHandler
                0x08001500                TIM1_CC_IRQHandler
                0x08001500                BDMA_Channel6_IRQHandler
                0x08001500                DMA2_Stream5_IRQHandler
                0x08001500                HRTIM1_FLT_IRQHandler
                0x08001500                JPEG_IRQHandler
                0x08001500                DMA1_Stream5_IRQHandler
                0x08001500                BDMA_Channel1_IRQHandler
                0x08001500                HRTIM1_TIMD_IRQHandler
                0x08001500                TAMP_STAMP_IRQHandler
                0x08001500                EXTI3_IRQHandler
                0x08001500                LPTIM4_IRQHandler
                0x08001500                TIM8_TRG_COM_TIM14_IRQHandler
                0x08001500                LPTIM2_IRQHandler
                0x08001500                DFSDM1_FLT1_IRQHandler
                0x08001500                DMAMUX2_OVR_IRQHandler
                0x08001500                TIM8_UP_TIM13_IRQHandler
                0x08001500                I2C3_ER_IRQHandler
                0x08001500                DFSDM1_FLT2_IRQHandler
                0x08001500                MDMA_IRQHandler
                0x08001500                LPTIM3_IRQHandler
                0x08001500                HSEM1_IRQHandler
                0x08001500                EXTI0_IRQHandler
                0x08001500                I2C2_EV_IRQHandler
                0x08001500                DMA1_Stream2_IRQHandler
                0x08001500                FPU_IRQHandler
                0x08001500                OTG_HS_WKUP_IRQHandler
                0x08001500                FDCAN1_IT1_IRQHandler
                0x08001500                LTDC_ER_IRQHandler
                0x08001500                DMA2_Stream2_IRQHandler
                0x08001500                HRTIM1_TIME_IRQHandler
                0x08001500                SPI1_IRQHandler
                0x08001500                TIM6_DAC_IRQHandler
                0x08001500                DCMI_IRQHandler
                0x08001500                HRTIM1_TIMC_IRQHandler
                0x08001500                DMA2_Stream3_IRQHandler
                0x08001500                SAI2_IRQHandler
                0x08001500                DFSDM1_FLT3_IRQHandler
                0x08001500                USART6_IRQHandler
                0x08001500                TIM17_IRQHandler
                0x08001500                USART3_IRQHandler
                0x08001500                BDMA_Channel7_IRQHandler
                0x08001500                LPTIM5_IRQHandler
                0x08001500                UART5_IRQHandler
                0x08001500                ADC3_IRQHandler
                0x08001500                DMA2_Stream0_IRQHandler
                0x08001500                TIM4_IRQHandler
                0x08001500                BDMA_Channel2_IRQHandler
                0x08001500                QUADSPI_IRQHandler
                0x08001500                I2C1_EV_IRQHandler
                0x08001500                DMA1_Stream6_IRQHandler
                0x08001500                DMAMUX1_OVR_IRQHandler
                0x08001500                DMA1_Stream1_IRQHandler
                0x08001500                TIM16_IRQHandler
                0x08001500                UART4_IRQHandler
                0x08001500                BDMA_Channel5_IRQHandler
                0x08001500                TIM3_IRQHandler
                0x08001500                RCC_IRQHandler
                0x08001500                TIM8_BRK_TIM12_IRQHandler
                0x08001500                TIM1_TRG_COM_IRQHandler
                0x08001500                Default_Handler
                0x08001500                ECC_IRQHandler
                0x08001500                CEC_IRQHandler
                0x08001500                EXTI15_10_IRQHandler
                0x08001500                BDMA_Channel0_IRQHandler
                0x08001500                ADC_IRQHandler
                0x08001500                DMA1_Stream7_IRQHandler
                0x08001500                HRTIM1_TIMA_IRQHandler
                0x08001500                SPI5_IRQHandler
                0x08001500                TIM7_IRQHandler
                0x08001500                SDMMC1_IRQHandler
                0x08001500                TIM5_IRQHandler
                0x08001500                DMA2_Stream7_IRQHandler
                0x08001500                TIM15_IRQHandler
                0x08001500                PVD_AVD_IRQHandler
                0x08001500                I2C3_EV_IRQHandler
                0x08001500                EXTI9_5_IRQHandler
                0x08001500                RTC_WKUP_IRQHandler
                0x08001500                LTDC_IRQHandler
                0x08001500                SAI3_IRQHandler
                0x08001500                ETH_WKUP_IRQHandler
                0x08001500                SPDIF_RX_IRQHandler
                0x08001500                SPI2_IRQHandler
                0x08001500                OTG_HS_EP1_IN_IRQHandler
                0x08001500                CRS_IRQHandler
                0x08001500                EXTI4_IRQHandler
                0x08001500                RNG_IRQHandler
                0x08001500                HRTIM1_TIMB_IRQHandler
                0x08001500                FDCAN2_IT1_IRQHandler
                0x08001500                ETH_IRQHandler
                0x08001500                TIM1_UP_IRQHandler
                0x08001500                BDMA_Channel4_IRQHandler
                0x08001500                OTG_HS_EP1_OUT_IRQHandler
                0x08001500                WWDG_IRQHandler
                0x08001500                SPI6_IRQHandler
                0x08001500                MDIOS_IRQHandler
                0x08001500                I2C4_EV_IRQHandler
                0x08001500                FDCAN2_IT0_IRQHandler
                0x08001500                LPUART1_IRQHandler
                0x08001500                FDCAN1_IT0_IRQHandler
                0x08001500                TIM2_IRQHandler
                0x08001500                OTG_FS_WKUP_IRQHandler
                0x08001500                OTG_HS_IRQHandler
                0x08001500                DMA2D_IRQHandler
                0x08001500                TIM1_BRK_IRQHandler
                0x08001500                EXTI1_IRQHandler
                0x08001500                SDMMC2_IRQHandler
                0x08001500                OTG_FS_EP1_OUT_IRQHandler
                0x08001500                BDMA_Channel3_IRQHandler
                0x08001500                UART7_IRQHandler
                0x08001500                MDIOS_WKUP_IRQHandler
                0x08001500                USART2_IRQHandler
                0x08001500                DFSDM1_FLT0_IRQHandler
                0x08001500                SAI4_IRQHandler
                0x08001500                I2C2_ER_IRQHandler
                0x08001500                DMA2_Stream1_IRQHandler
                0x08001500                FLASH_IRQHandler
                0x08001500                DMA2_Stream4_IRQHandler
                0x08001500                USART1_IRQHandler
                0x08001500                OTG_FS_IRQHandler
                0x08001500                SPI3_IRQHandler
                0x08001500                WAKEUP_PIN_IRQHandler
                0x08001500                DMA1_Stream4_IRQHandler
                0x08001500                OTG_FS_EP1_IN_IRQHandler
                0x08001500                I2C1_ER_IRQHandler
                0x08001500                FMC_IRQHandler
                0x08001500                FDCAN_CAL_IRQHandler
                0x08001500                SWPMI1_IRQHandler
                0x08001500                COMP1_IRQHandler
                0x08001500                LPTIM1_IRQHandler
                0x08001500                I2C4_ER_IRQHandler
                0x08001500                DMA2_Stream6_IRQHandler
                0x08001500                SAI1_IRQHandler
                0x08001500                DMA1_Stream3_IRQHandler
 *fill*         0x08001502        0x2 
 .text.HAL_Init
                0x08001504       0x78 ./Drivers/STM32H7xx_HAL_Driver/Src/stm32h7xx_hal.o
                0x08001504                HAL_Init
 .text.HAL_InitTick
                0x0800157c       0x6c ./Drivers/STM32H7xx_HAL_Driver/Src/stm32h7xx_hal.o
                0x0800157c                HAL_InitTick
 .text.HAL_IncTick
                0x080015e8       0x28 ./Drivers/STM32H7xx_HAL_Driver/Src/stm32h7xx_hal.o
                0x080015e8                HAL_IncTick
 .text.HAL_GetTick
                0x08001610       0x18 ./Drivers/STM32H7xx_HAL_Driver/Src/stm32h7xx_hal.o
                0x08001610                HAL_GetTick
 .text.HAL_Delay
                0x08001628       0x48 ./Drivers/STM32H7xx_HAL_Driver/Src/stm32h7xx_hal.o
                0x08001628                HAL_Delay
 .text.HAL_GetREVID
                0x08001670       0x18 ./Drivers/STM32H7xx_HAL_Driver/Src/stm32h7xx_hal.o
                0x08001670                HAL_GetREVID
 .text.__NVIC_SetPriorityGrouping
                0x08001688       0x48 ./Drivers/STM32H7xx_HAL_Driver/Src/stm32h7xx_hal_cortex.o
 .text.__NVIC_GetPriorityGrouping
                0x080016d0       0x1c ./Drivers/STM32H7xx_HAL_Driver/Src/stm32h7xx_hal_cortex.o
 .text.__NVIC_EnableIRQ
                0x080016ec       0x3c ./Drivers/STM32H7xx_HAL_Driver/Src/stm32h7xx_hal_cortex.o
 .text.__NVIC_SetPriority
                0x08001728       0x54 ./Drivers/STM32H7xx_HAL_Driver/Src/stm32h7xx_hal_cortex.o
 .text.NVIC_EncodePriority
                0x0800177c       0x66 ./Drivers/STM32H7xx_HAL_Driver/Src/stm32h7xx_hal_cortex.o
 *fill*         0x080017e2        0x2 
 .text.SysTick_Config
                0x080017e4       0x44 ./Drivers/STM32H7xx_HAL_Driver/Src/stm32h7xx_hal_cortex.o
 .text.HAL_NVIC_SetPriorityGrouping
                0x08001828       0x16 ./Drivers/STM32H7xx_HAL_Driver/Src/stm32h7xx_hal_cortex.o
                0x08001828                HAL_NVIC_SetPriorityGrouping
 .text.HAL_NVIC_SetPriority
                0x0800183e       0x34 ./Drivers/STM32H7xx_HAL_Driver/Src/stm32h7xx_hal_cortex.o
                0x0800183e                HAL_NVIC_SetPriority
 .text.HAL_NVIC_EnableIRQ
                0x08001872       0x1c ./Drivers/STM32H7xx_HAL_Driver/Src/stm32h7xx_hal_cortex.o
                0x08001872                HAL_NVIC_EnableIRQ
 .text.HAL_SYSTICK_Config
                0x0800188e       0x18 ./Drivers/STM32H7xx_HAL_Driver/Src/stm32h7xx_hal_cortex.o
                0x0800188e                HAL_SYSTICK_Config
 *fill*         0x080018a6        0x2 
 .text.HAL_MPU_Disable
                0x080018a8       0x30 ./Drivers/STM32H7xx_HAL_Driver/Src/stm32h7xx_hal_cortex.o
                0x080018a8                HAL_MPU_Disable
 .text.HAL_MPU_Enable
                0x080018d8       0x40 ./Drivers/STM32H7xx_HAL_Driver/Src/stm32h7xx_hal_cortex.o
                0x080018d8                HAL_MPU_Enable
 .text.HAL_MPU_ConfigRegion
                0x08001918       0x80 ./Drivers/STM32H7xx_HAL_Driver/Src/stm32h7xx_hal_cortex.o
                0x08001918                HAL_MPU_ConfigRegion
 .text.HAL_DMA_Init
                0x08001998      0x6b8 ./Drivers/STM32H7xx_HAL_Driver/Src/stm32h7xx_hal_dma.o
                0x08001998                HAL_DMA_Init
 .text.HAL_DMA_Start_IT
                0x08002050      0x4d4 ./Drivers/STM32H7xx_HAL_Driver/Src/stm32h7xx_hal_dma.o
                0x08002050                HAL_DMA_Start_IT
 .text.HAL_DMA_Abort_IT
                0x08002524      0x48c ./Drivers/STM32H7xx_HAL_Driver/Src/stm32h7xx_hal_dma.o
                0x08002524                HAL_DMA_Abort_IT
 .text.HAL_DMA_IRQHandler
                0x080029b0      0xe54 ./Drivers/STM32H7xx_HAL_Driver/Src/stm32h7xx_hal_dma.o
                0x080029b0                HAL_DMA_IRQHandler
 .text.DMA_SetConfig
                0x08003804      0x358 ./Drivers/STM32H7xx_HAL_Driver/Src/stm32h7xx_hal_dma.o
 .text.DMA_CalcBaseAndBitshift
                0x08003b5c      0x164 ./Drivers/STM32H7xx_HAL_Driver/Src/stm32h7xx_hal_dma.o
 .text.DMA_CheckFifoParam
                0x08003cc0       0xf8 ./Drivers/STM32H7xx_HAL_Driver/Src/stm32h7xx_hal_dma.o
 .text.DMA_CalcDMAMUXChannelBaseAndMask
                0x08003db8      0x134 ./Drivers/STM32H7xx_HAL_Driver/Src/stm32h7xx_hal_dma.o
 .text.DMA_CalcDMAMUXRequestGenBaseAndMask
                0x08003eec       0xe8 ./Drivers/STM32H7xx_HAL_Driver/Src/stm32h7xx_hal_dma.o
 .text.HAL_FDCAN_Init
                0x08003fd4      0x3bc ./Drivers/STM32H7xx_HAL_Driver/Src/stm32h7xx_hal_fdcan.o
                0x08003fd4                HAL_FDCAN_Init
 .text.FDCAN_CalculateRamBlockAddresses
                0x08004390      0x30c ./Drivers/STM32H7xx_HAL_Driver/Src/stm32h7xx_hal_fdcan.o
 .text.HAL_GPIO_Init
                0x0800469c      0x374 ./Drivers/STM32H7xx_HAL_Driver/Src/stm32h7xx_hal_gpio.o
                0x0800469c                HAL_GPIO_Init
 .text.HAL_GPIO_WritePin
                0x08004a10       0x32 ./Drivers/STM32H7xx_HAL_Driver/Src/stm32h7xx_hal_gpio.o
                0x08004a10                HAL_GPIO_WritePin
 .text.HAL_GPIO_TogglePin
                0x08004a42       0x34 ./Drivers/STM32H7xx_HAL_Driver/Src/stm32h7xx_hal_gpio.o
                0x08004a42                HAL_GPIO_TogglePin
 .text.HAL_PCD_Init
                0x08004a76      0x218 ./Drivers/STM32H7xx_HAL_Driver/Src/stm32h7xx_hal_pcd.o
                0x08004a76                HAL_PCD_Init
 *fill*         0x08004c8e        0x2 
 .text.HAL_PCDEx_ActivateLPM
                0x08004c90       0x48 ./Drivers/STM32H7xx_HAL_Driver/Src/stm32h7xx_hal_pcd_ex.o
                0x08004c90                HAL_PCDEx_ActivateLPM
 .text.HAL_PWREx_ConfigSupply
                0x08004cd8       0x74 ./Drivers/STM32H7xx_HAL_Driver/Src/stm32h7xx_hal_pwr_ex.o
                0x08004cd8                HAL_PWREx_ConfigSupply
 .text.HAL_PWREx_EnableUSBVoltageDetector
                0x08004d4c       0x20 ./Drivers/STM32H7xx_HAL_Driver/Src/stm32h7xx_hal_pwr_ex.o
                0x08004d4c                HAL_PWREx_EnableUSBVoltageDetector
 .text.HAL_RCC_OscConfig
                0x08004d6c      0x8b4 ./Drivers/STM32H7xx_HAL_Driver/Src/stm32h7xx_hal_rcc.o
                0x08004d6c                HAL_RCC_OscConfig
 .text.HAL_RCC_ClockConfig
                0x08005620      0x36c ./Drivers/STM32H7xx_HAL_Driver/Src/stm32h7xx_hal_rcc.o
                0x08005620                HAL_RCC_ClockConfig
 .text.HAL_RCC_GetSysClockFreq
                0x0800598c      0x2f4 ./Drivers/STM32H7xx_HAL_Driver/Src/stm32h7xx_hal_rcc.o
                0x0800598c                HAL_RCC_GetSysClockFreq
 .text.HAL_RCCEx_PeriphCLKConfig
                0x08005c80     0x1414 ./Drivers/STM32H7xx_HAL_Driver/Src/stm32h7xx_hal_rcc_ex.o
                0x08005c80                HAL_RCCEx_PeriphCLKConfig
 .text.RCCEx_PLL2_Config
                0x08007094      0x164 ./Drivers/STM32H7xx_HAL_Driver/Src/stm32h7xx_hal_rcc_ex.o
 .text.RCCEx_PLL3_Config
                0x080071f8      0x164 ./Drivers/STM32H7xx_HAL_Driver/Src/stm32h7xx_hal_rcc_ex.o
 .text.HAL_SPI_Init
                0x0800735c      0x248 ./Drivers/STM32H7xx_HAL_Driver/Src/stm32h7xx_hal_spi.o
                0x0800735c                HAL_SPI_Init
 .text.SPI_GetPacketSize
                0x080075a4       0x36 ./Drivers/STM32H7xx_HAL_Driver/Src/stm32h7xx_hal_spi.o
 *fill*         0x080075da        0x2 
 .text.HAL_SRAM_Init
                0x080075dc       0xa0 ./Drivers/STM32H7xx_HAL_Driver/Src/stm32h7xx_hal_sram.o
                0x080075dc                HAL_SRAM_Init
 .text.HAL_TIM_Base_Init
                0x0800767c       0xae ./Drivers/STM32H7xx_HAL_Driver/Src/stm32h7xx_hal_tim.o
                0x0800767c                HAL_TIM_Base_Init
 .text.HAL_TIM_PWM_Init
                0x0800772a       0xae ./Drivers/STM32H7xx_HAL_Driver/Src/stm32h7xx_hal_tim.o
                0x0800772a                HAL_TIM_PWM_Init
 .text.HAL_TIM_PWM_MspInit
                0x080077d8       0x14 ./Drivers/STM32H7xx_HAL_Driver/Src/stm32h7xx_hal_tim.o
                0x080077d8                HAL_TIM_PWM_MspInit
 .text.HAL_TIM_PWM_Start_DMA
                0x080077ec      0x44c ./Drivers/STM32H7xx_HAL_Driver/Src/stm32h7xx_hal_tim.o
                0x080077ec                HAL_TIM_PWM_Start_DMA
 .text.HAL_TIM_PWM_Stop_DMA
                0x08007c38      0x1ec ./Drivers/STM32H7xx_HAL_Driver/Src/stm32h7xx_hal_tim.o
                0x08007c38                HAL_TIM_PWM_Stop_DMA
 .text.HAL_TIM_PWM_ConfigChannel
                0x08007e24      0x228 ./Drivers/STM32H7xx_HAL_Driver/Src/stm32h7xx_hal_tim.o
                0x08007e24                HAL_TIM_PWM_ConfigChannel
 .text.HAL_TIM_ConfigClockSource
                0x0800804c      0x1f0 ./Drivers/STM32H7xx_HAL_Driver/Src/stm32h7xx_hal_tim.o
                0x0800804c                HAL_TIM_ConfigClockSource
 .text.HAL_TIM_PWM_PulseFinishedHalfCpltCallback
                0x0800823c       0x14 ./Drivers/STM32H7xx_HAL_Driver/Src/stm32h7xx_hal_tim.o
                0x0800823c                HAL_TIM_PWM_PulseFinishedHalfCpltCallback
 .text.HAL_TIM_ErrorCallback
                0x08008250       0x14 ./Drivers/STM32H7xx_HAL_Driver/Src/stm32h7xx_hal_tim.o
                0x08008250                HAL_TIM_ErrorCallback
 .text.TIM_DMAError
                0x08008264       0x92 ./Drivers/STM32H7xx_HAL_Driver/Src/stm32h7xx_hal_tim.o
                0x08008264                TIM_DMAError
 .text.TIM_DMADelayPulseCplt
                0x080082f6       0xa8 ./Drivers/STM32H7xx_HAL_Driver/Src/stm32h7xx_hal_tim.o
 .text.TIM_DMADelayPulseHalfCplt
                0x0800839e       0x68 ./Drivers/STM32H7xx_HAL_Driver/Src/stm32h7xx_hal_tim.o
                0x0800839e                TIM_DMADelayPulseHalfCplt
 *fill*         0x08008406        0x2 
 .text.TIM_Base_SetConfig
                0x08008408      0x140 ./Drivers/STM32H7xx_HAL_Driver/Src/stm32h7xx_hal_tim.o
                0x08008408                TIM_Base_SetConfig
 .text.TIM_OC1_SetConfig
                0x08008548      0x124 ./Drivers/STM32H7xx_HAL_Driver/Src/stm32h7xx_hal_tim.o
 .text.TIM_OC2_SetConfig
                0x0800866c      0x118 ./Drivers/STM32H7xx_HAL_Driver/Src/stm32h7xx_hal_tim.o
                0x0800866c                TIM_OC2_SetConfig
 .text.TIM_OC3_SetConfig
                0x08008784      0x114 ./Drivers/STM32H7xx_HAL_Driver/Src/stm32h7xx_hal_tim.o
 .text.TIM_OC4_SetConfig
                0x08008898       0xd4 ./Drivers/STM32H7xx_HAL_Driver/Src/stm32h7xx_hal_tim.o
 .text.TIM_OC5_SetConfig
                0x0800896c       0xc8 ./Drivers/STM32H7xx_HAL_Driver/Src/stm32h7xx_hal_tim.o
 .text.TIM_OC6_SetConfig
                0x08008a34       0xcc ./Drivers/STM32H7xx_HAL_Driver/Src/stm32h7xx_hal_tim.o
 .text.TIM_TI1_ConfigInputStage
                0x08008b00       0xa8 ./Drivers/STM32H7xx_HAL_Driver/Src/stm32h7xx_hal_tim.o
 .text.TIM_TI2_ConfigInputStage
                0x08008ba8       0x84 ./Drivers/STM32H7xx_HAL_Driver/Src/stm32h7xx_hal_tim.o
 .text.TIM_ITRx_SetConfig
                0x08008c2c       0x3c ./Drivers/STM32H7xx_HAL_Driver/Src/stm32h7xx_hal_tim.o
 .text.TIM_ETR_SetConfig
                0x08008c68       0x40 ./Drivers/STM32H7xx_HAL_Driver/Src/stm32h7xx_hal_tim.o
                0x08008c68                TIM_ETR_SetConfig
 .text.TIM_CCxChannelCmd
                0x08008ca8       0x4a ./Drivers/STM32H7xx_HAL_Driver/Src/stm32h7xx_hal_tim.o
                0x08008ca8                TIM_CCxChannelCmd
 *fill*         0x08008cf2        0x2 
 .text.HAL_TIMEx_MasterConfigSynchronization
                0x08008cf4      0x11c ./Drivers/STM32H7xx_HAL_Driver/Src/stm32h7xx_hal_tim_ex.o
                0x08008cf4                HAL_TIMEx_MasterConfigSynchronization
 .text.FMC_NORSRAM_Init
                0x08008e10      0x120 ./Drivers/STM32H7xx_HAL_Driver/Src/stm32h7xx_ll_fmc.o
                0x08008e10                FMC_NORSRAM_Init
 .text.FMC_NORSRAM_Timing_Init
                0x08008f30       0x92 ./Drivers/STM32H7xx_HAL_Driver/Src/stm32h7xx_ll_fmc.o
                0x08008f30                FMC_NORSRAM_Timing_Init
 *fill*         0x08008fc2        0x2 
 .text.FMC_NORSRAM_Extended_Timing_Init
                0x08008fc4       0x70 ./Drivers/STM32H7xx_HAL_Driver/Src/stm32h7xx_ll_fmc.o
                0x08008fc4                FMC_NORSRAM_Extended_Timing_Init
 .text.USB_CoreInit
                0x08009034       0xf0 ./Drivers/STM32H7xx_HAL_Driver/Src/stm32h7xx_ll_usb.o
                0x08009034                USB_CoreInit
 .text.USB_DisableGlobalInt
                0x08009124       0x22 ./Drivers/STM32H7xx_HAL_Driver/Src/stm32h7xx_ll_usb.o
                0x08009124                USB_DisableGlobalInt
 .text.USB_SetCurrentMode
                0x08009146       0x98 ./Drivers/STM32H7xx_HAL_Driver/Src/stm32h7xx_ll_usb.o
                0x08009146                USB_SetCurrentMode
 *fill*         0x080091de        0x2 
 .text.USB_DevInit
                0x080091e0      0x2bc ./Drivers/STM32H7xx_HAL_Driver/Src/stm32h7xx_ll_usb.o
                0x080091e0                USB_DevInit
 .text.USB_FlushTxFifo
                0x0800949c       0x64 ./Drivers/STM32H7xx_HAL_Driver/Src/stm32h7xx_ll_usb.o
                0x0800949c                USB_FlushTxFifo
 .text.USB_FlushRxFifo
                0x08009500       0x5c ./Drivers/STM32H7xx_HAL_Driver/Src/stm32h7xx_ll_usb.o
                0x08009500                USB_FlushRxFifo
 .text.USB_SetDevSpeed
                0x0800955c       0x32 ./Drivers/STM32H7xx_HAL_Driver/Src/stm32h7xx_ll_usb.o
                0x0800955c                USB_SetDevSpeed
 .text.USB_DevDisconnect
                0x0800958e       0x42 ./Drivers/STM32H7xx_HAL_Driver/Src/stm32h7xx_ll_usb.o
                0x0800958e                USB_DevDisconnect
 .text.USB_GetMode
                0x080095d0       0x1c ./Drivers/STM32H7xx_HAL_Driver/Src/stm32h7xx_ll_usb.o
                0x080095d0                USB_GetMode
 .text.USB_CoreReset
                0x080095ec       0x70 ./Drivers/STM32H7xx_HAL_Driver/Src/stm32h7xx_ll_usb.o
 .text.memset   0x0800965c       0x10 C:/ST/STM32CubeIDE_1.17.0/STM32CubeIDE/plugins/com.st.stm32cube.ide.mcu.externaltools.gnu-tools-for-stm32.14.3.rel1.win32_1.0.100.202602081740/tools/bin/../lib/gcc/arm-none-eabi/14.3.1/../../../../arm-none-eabi/lib/thumb/v7e-m+dp/hard\libc_nano.a(libc_a-memset.o)
                0x0800965c                memset
 .text.__libc_init_array
                0x0800966c       0x48 C:/ST/STM32CubeIDE_1.17.0/STM32CubeIDE/plugins/com.st.stm32cube.ide.mcu.externaltools.gnu-tools-for-stm32.14.3.rel1.win32_1.0.100.202602081740/tools/bin/../lib/gcc/arm-none-eabi/14.3.1/../../../../arm-none-eabi/lib/thumb/v7e-m+dp/hard\libc_nano.a(libc_a-init.o)
                0x0800966c                __libc_init_array
 .text.memcpy   0x080096b4       0x1c C:/ST/STM32CubeIDE_1.17.0/STM32CubeIDE/plugins/com.st.stm32cube.ide.mcu.externaltools.gnu-tools-for-stm32.14.3.rel1.win32_1.0.100.202602081740/tools/bin/../lib/gcc/arm-none-eabi/14.3.1/../../../../arm-none-eabi/lib/thumb/v7e-m+dp/hard\libc_nano.a(libc_a-memcpy-stub.o)
                0x080096b4                memcpy
 *(.glue_7)
 .glue_7        0x080096d0        0x0 linker stubs
 *(.glue_7t)
 .glue_7t       0x080096d0        0x0 linker stubs
 *(.eh_frame)
 .eh_frame      0x080096d0        0x0 C:/ST/STM32CubeIDE_1.17.0/STM32CubeIDE/plugins/com.st.stm32cube.ide.mcu.externaltools.gnu-tools-for-stm32.14.3.rel1.win32_1.0.100.202602081740/tools/bin/../lib/gcc/arm-none-eabi/14.3.1/thumb/v7e-m+dp/hard/crtbegin.o
 *(.init)
 .init          0x080096d0        0x4 C:/ST/STM32CubeIDE_1.17.0/STM32CubeIDE/plugins/com.st.stm32cube.ide.mcu.externaltools.gnu-tools-for-stm32.14.3.rel1.win32_1.0.100.202602081740/tools/bin/../lib/gcc/arm-none-eabi/14.3.1/thumb/v7e-m+dp/hard/crti.o
                0x080096d0                _init
 .init          0x080096d4        0x8 C:/ST/STM32CubeIDE_1.17.0/STM32CubeIDE/plugins/com.st.stm32cube.ide.mcu.externaltools.gnu-tools-for-stm32.14.3.rel1.win32_1.0.100.202602081740/tools/bin/../lib/gcc/arm-none-eabi/14.3.1/thumb/v7e-m+dp/hard/crtn.o
 *(.fini)
 .fini          0x080096dc        0x4 C:/ST/STM32CubeIDE_1.17.0/STM32CubeIDE/plugins/com.st.stm32cube.ide.mcu.externaltools.gnu-tools-for-stm32.14.3.rel1.win32_1.0.100.202602081740/tools/bin/../lib/gcc/arm-none-eabi/14.3.1/thumb/v7e-m+dp/hard/crti.o
                0x080096dc                _fini
 .fini          0x080096e0        0x8 C:/ST/STM32CubeIDE_1.17.0/STM32CubeIDE/plugins/com.st.stm32cube.ide.mcu.externaltools.gnu-tools-for-stm32.14.3.rel1.win32_1.0.100.202602081740/tools/bin/../lib/gcc/arm-none-eabi/14.3.1/thumb/v7e-m+dp/hard/crtn.o
                0x080096e8                        . = ALIGN (0x4)
                0x080096e8                        _etext = .

.vfp11_veneer   0x080096e8        0x0
 .vfp11_veneer  0x080096e8        0x0 linker stubs

.v4_bx          0x080096e8        0x0
 .v4_bx         0x080096e8        0x0 linker stubs

.iplt           0x080096e8        0x0
 .iplt          0x080096e8        0x0 C:/ST/STM32CubeIDE_1.17.0/STM32CubeIDE/plugins/com.st.stm32cube.ide.mcu.externaltools.gnu-tools-for-stm32.14.3.rel1.win32_1.0.100.202602081740/tools/bin/../lib/gcc/arm-none-eabi/14.3.1/thumb/v7e-m+dp/hard/crtbegin.o

.rodata         0x080096e8       0x94
                0x080096e8                        . = ALIGN (0x4)
 *(.rodata)
 .rodata        0x080096e8       0x30 ./Core/Src/main.o
 .rodata        0x08009718       0x4c ./Drivers/STM32H7xx_HAL_Driver/Src/stm32h7xx_hal_fdcan.o
 *(.rodata*)
 .rodata.D1CorePrescTable
                0x08009764       0x10 ./Core/Src/system_stm32h7xx.o
                0x08009764                D1CorePrescTable
 .rodata.flagBitshiftOffset.0
                0x08009774        0x8 ./Drivers/STM32H7xx_HAL_Driver/Src/stm32h7xx_hal_dma.o
                0x0800977c                        . = ALIGN (0x4)

.ARM.extab
 *(.ARM.extab* .gnu.linkonce.armextab.*)

.ARM            0x0800977c        0x0
                0x0800977c                        __exidx_start = .
 *(.ARM.exidx*)
                0x0800977c                        __exidx_end = .

.preinit_array  0x0800977c        0x0
                0x0800977c                        PROVIDE (__preinit_array_start = .)
 *(.preinit_array*)
                0x0800977c                        PROVIDE (__preinit_array_end = .)

.init_array     0x0800977c        0x4
                0x0800977c                        PROVIDE (__init_array_start = .)
 *(SORT_BY_NAME(.init_array.*))
 *(.init_array*)
 .init_array    0x0800977c        0x4 C:/ST/STM32CubeIDE_1.17.0/STM32CubeIDE/plugins/com.st.stm32cube.ide.mcu.externaltools.gnu-tools-for-stm32.14.3.rel1.win32_1.0.100.202602081740/tools/bin/../lib/gcc/arm-none-eabi/14.3.1/thumb/v7e-m+dp/hard/crtbegin.o
                0x08009780                        PROVIDE (__init_array_end = .)

.fini_array     0x08009780        0x4
                [!provide]                        PROVIDE (__fini_array_start = .)
 *(SORT_BY_NAME(.fini_array.*))
 *(.fini_array*)
 .fini_array    0x08009780        0x4 C:/ST/STM32CubeIDE_1.17.0/STM32CubeIDE/plugins/com.st.stm32cube.ide.mcu.externaltools.gnu-tools-for-stm32.14.3.rel1.win32_1.0.100.202602081740/tools/bin/../lib/gcc/arm-none-eabi/14.3.1/thumb/v7e-m+dp/hard/crtbegin.o
                [!provide]                        PROVIDE (__fini_array_end = .)
                0x08009784                        _sidata = LOADADDR (.data)

.rel.dyn        0x08009784        0x0
 .rel.iplt      0x08009784        0x0 C:/ST/STM32CubeIDE_1.17.0/STM32CubeIDE/plugins/com.st.stm32cube.ide.mcu.externaltools.gnu-tools-for-stm32.14.3.rel1.win32_1.0.100.202602081740/tools/bin/../lib/gcc/arm-none-eabi/14.3.1/thumb/v7e-m+dp/hard/crtbegin.o

.data           0x24000000       0x10 load address 0x08009784
                0x24000000                        . = ALIGN (0x4)
                0x24000000                        _sdata = .
 *(.data)
 *(.data*)
 .data.SystemCoreClock
                0x24000000        0x4 ./Core/Src/system_stm32h7xx.o
                0x24000000                SystemCoreClock
 .data.SystemD2Clock
                0x24000004        0x4 ./Core/Src/system_stm32h7xx.o
                0x24000004                SystemD2Clock
 .data.uwTickPrio
                0x24000008        0x4 ./Drivers/STM32H7xx_HAL_Driver/Src/stm32h7xx_hal.o
                0x24000008                uwTickPrio
 .data.uwTickFreq
                0x2400000c        0x1 ./Drivers/STM32H7xx_HAL_Driver/Src/stm32h7xx_hal.o
                0x2400000c                uwTickFreq
 *(.RamFunc)
 *(.RamFunc*)
                0x24000010                        . = ALIGN (0x4)
 *fill*         0x2400000d        0x3 
                0x24000010                        _edata = .

.igot.plt       0x24000010        0x0 load address 0x08009794
 .igot.plt      0x24000010        0x0 C:/ST/STM32CubeIDE_1.17.0/STM32CubeIDE/plugins/com.st.stm32cube.ide.mcu.externaltools.gnu-tools-for-stm32.14.3.rel1.win32_1.0.100.202602081740/tools/bin/../lib/gcc/arm-none-eabi/14.3.1/thumb/v7e-m+dp/hard/crtbegin.o

.dma_buffer     0x24000020      0x42c load address 0x08009794
 .dma_buffer    0x24000020      0x42c ./Core/Src/main.o
                0x24000020                ledbytes
                0x2400044c                        . = ALIGN (0x4)

.bss            0x2400044c      0x790 load address 0x08009bc0
                0x2400044c                        _sbss = .
                0x2400044c                        __bss_start__ = _sbss
 *(.bss)
 .bss           0x2400044c       0x1c C:/ST/STM32CubeIDE_1.17.0/STM32CubeIDE/plugins/com.st.stm32cube.ide.mcu.externaltools.gnu-tools-for-stm32.14.3.rel1.win32_1.0.100.202602081740/tools/bin/../lib/gcc/arm-none-eabi/14.3.1/thumb/v7e-m+dp/hard/crtbegin.o
 *(.bss*)
 .bss.hfdcan1   0x24000468       0xa0 ./Core/Src/fdcan.o
                0x24000468                hfdcan1
 .bss.hsram1    0x24000508       0x4c ./Core/Src/fmc.o
                0x24000508                hsram1
 .bss.FMC_Initialized
                0x24000554        0x4 ./Core/Src/fmc.o
 .bss.datasentflag
                0x24000558        0x4 ./Core/Src/shiftLights.o
                0x24000558                datasentflag
 .bss.hspi2     0x2400055c       0x88 ./Core/Src/spi.o
                0x2400055c                hspi2
 .bss.htim4     0x240005e4       0x4c ./Core/Src/tim.o
                0x240005e4                htim4
 .bss.htim5     0x24000630       0x4c ./Core/Src/tim.o
                0x24000630                htim5
 .bss.hdma_tim5_ch1
                0x2400067c       0x78 ./Core/Src/tim.o
                0x2400067c                hdma_tim5_ch1
 .bss.hpcd_USB_OTG_FS
                0x240006f4      0x4e4 ./Core/Src/usb_otg.o
                0x240006f4                hpcd_USB_OTG_FS
 .bss.uwTick    0x24000bd8        0x4 ./Drivers/STM32H7xx_HAL_Driver/Src/stm32h7xx_hal.o
                0x24000bd8                uwTick
 *(COMMON)
                0x24000bdc                        . = ALIGN (0x4)
                0x24000bdc                        _ebss = .
                0x24000bdc                        __bss_end__ = _ebss

._user_heap_stack
                0x24000bdc      0x604 load address 0x08009bc0
                0x24000be0                        . = ALIGN (0x8)
 *fill*         0x24000bdc        0x4 
                [!provide]                        PROVIDE (end = .)
                0x24000be0                        PROVIDE (_end = .)
                0x24000de0                        . = (. + _Min_Heap_Size)
 *fill*         0x24000be0      0x200 
                0x240011e0                        . = (. + _Min_Stack_Size)
 *fill*         0x24000de0      0x400 
                0x240011e0                        . = ALIGN (0x8)

/DISCARD/
 libc.a(*)
 libm.a(*)
 libgcc.a(*)

.ARM.attributes
                0x00000000       0x2e
 *(.ARM.attributes)
 .ARM.attributes
                0x00000000       0x20 C:/ST/STM32CubeIDE_1.17.0/STM32CubeIDE/plugins/com.st.stm32cube.ide.mcu.externaltools.gnu-tools-for-stm32.14.3.rel1.win32_1.0.100.202602081740/tools/bin/../lib/gcc/arm-none-eabi/14.3.1/thumb/v7e-m+dp/hard/crti.o
 .ARM.attributes
                0x00000020       0x32 C:/ST/STM32CubeIDE_1.17.0/STM32CubeIDE/plugins/com.st.stm32cube.ide.mcu.externaltools.gnu-tools-for-stm32.14.3.rel1.win32_1.0.100.202602081740/tools/bin/../lib/gcc/arm-none-eabi/14.3.1/thumb/v7e-m+dp/hard/crtbegin.o
 .ARM.attributes
                0x00000052       0x32 ./Core/Src/dma.o
 .ARM.attributes
                0x00000084       0x32 ./Core/Src/fdcan.o
 .ARM.attributes
                0x000000b6       0x32 ./Core/Src/fmc.o
 .ARM.attributes
                0x000000e8       0x32 ./Core/Src/gpio.o
 .ARM.attributes
                0x0000011a       0x32 ./Core/Src/main.o
 .ARM.attributes
                0x0000014c       0x32 ./Core/Src/shiftLights.o
 .ARM.attributes
                0x0000017e       0x32 ./Core/Src/spi.o
 .ARM.attributes
                0x000001b0       0x32 ./Core/Src/stm32h7xx_hal_msp.o
 .ARM.attributes
                0x000001e2       0x32 ./Core/Src/stm32h7xx_it.o
 .ARM.attributes
                0x00000214       0x32 ./Core/Src/system_stm32h7xx.o
 .ARM.attributes
                0x00000246       0x32 ./Core/Src/tim.o
 .ARM.attributes
                0x00000278       0x32 ./Core/Src/usb_otg.o
 .ARM.attributes
                0x000002aa       0x21 ./Core/Startup/startup_stm32h743vitx.o
 .ARM.attributes
                0x000002cb       0x32 ./Drivers/STM32H7xx_HAL_Driver/Src/stm32h7xx_hal.o
 .ARM.attributes
                0x000002fd       0x32 ./Drivers/STM32H7xx_HAL_Driver/Src/stm32h7xx_hal_cortex.o
 .ARM.attributes
                0x0000032f       0x32 ./Drivers/STM32H7xx_HAL_Driver/Src/stm32h7xx_hal_dma.o
 .ARM.attributes
                0x00000361       0x32 ./Drivers/STM32H7xx_HAL_Driver/Src/stm32h7xx_hal_fdcan.o
 .ARM.attributes
                0x00000393       0x32 ./Drivers/STM32H7xx_HAL_Driver/Src/stm32h7xx_hal_gpio.o
 .ARM.attributes
                0x000003c5       0x32 ./Drivers/STM32H7xx_HAL_Driver/Src/stm32h7xx_hal_pcd.o
 .ARM.attributes
                0x000003f7       0x32 ./Drivers/STM32H7xx_HAL_Driver/Src/stm32h7xx_hal_pcd_ex.o
 .ARM.attributes
                0x00000429       0x32 ./Drivers/STM32H7xx_HAL_Driver/Src/stm32h7xx_hal_pwr_ex.o
 .ARM.attributes
                0x0000045b       0x32 ./Drivers/STM32H7xx_HAL_Driver/Src/stm32h7xx_hal_rcc.o
 .ARM.attributes
                0x0000048d       0x32 ./Drivers/STM32H7xx_HAL_Driver/Src/stm32h7xx_hal_rcc_ex.o
 .ARM.attributes
                0x000004bf       0x32 ./Drivers/STM32H7xx_HAL_Driver/Src/stm32h7xx_hal_spi.o
 .ARM.attributes
                0x000004f1       0x32 ./Drivers/STM32H7xx_HAL_Driver/Src/stm32h7xx_hal_sram.o
 .ARM.attributes
                0x00000523       0x32 ./Drivers/STM32H7xx_HAL_Driver/Src/stm32h7xx_hal_tim.o
 .ARM.attributes
                0x00000555       0x32 ./Drivers/STM32H7xx_HAL_Driver/Src/stm32h7xx_hal_tim_ex.o
 .ARM.attributes
                0x00000587       0x32 ./Drivers/STM32H7xx_HAL_Driver/Src/stm32h7xx_ll_fmc.o
 .ARM.attributes
                0x000005b9       0x32 ./Drivers/STM32H7xx_HAL_Driver/Src/stm32h7xx_ll_usb.o
 .ARM.attributes
                0x000005eb       0x32 C:/ST/STM32CubeIDE_1.17.0/STM32CubeIDE/plugins/com.st.stm32cube.ide.mcu.externaltools.gnu-tools-for-stm32.14.3.rel1.win32_1.0.100.202602081740/tools/bin/../lib/gcc/arm-none-eabi/14.3.1/../../../../arm-none-eabi/lib/thumb/v7e-m+dp/hard\libc_nano.a(libc_a-memset.o)
 .ARM.attributes
                0x0000061d       0x32 C:/ST/STM32CubeIDE_1.17.0/STM32CubeIDE/plugins/com.st.stm32cube.ide.mcu.externaltools.gnu-tools-for-stm32.14.3.rel1.win32_1.0.100.202602081740/tools/bin/../lib/gcc/arm-none-eabi/14.3.1/../../../../arm-none-eabi/lib/thumb/v7e-m+dp/hard\libc_nano.a(libc_a-init.o)
 .ARM.attributes
                0x0000064f       0x32 C:/ST/STM32CubeIDE_1.17.0/STM32CubeIDE/plugins/com.st.stm32cube.ide.mcu.externaltools.gnu-tools-for-stm32.14.3.rel1.win32_1.0.100.202602081740/tools/bin/../lib/gcc/arm-none-eabi/14.3.1/../../../../arm-none-eabi/lib/thumb/v7e-m+dp/hard\libc_nano.a(libc_a-memcpy-stub.o)
 .ARM.attributes
                0x00000681       0x20 C:/ST/STM32CubeIDE_1.17.0/STM32CubeIDE/plugins/com.st.stm32cube.ide.mcu.externaltools.gnu-tools-for-stm32.14.3.rel1.win32_1.0.100.202602081740/tools/bin/../lib/gcc/arm-none-eabi/14.3.1/thumb/v7e-m+dp/hard/crtn.o
OUTPUT(G26 Display.elf elf32-littlearm)
LOAD linker stubs
LOAD C:/ST/STM32CubeIDE_1.17.0/STM32CubeIDE/plugins/com.st.stm32cube.ide.mcu.externaltools.gnu-tools-for-stm32.14.3.rel1.win32_1.0.100.202602081740/tools/bin/../lib/gcc/arm-none-eabi/14.3.1/../../../../arm-none-eabi/lib/thumb/v7e-m+dp/hard\libc.a
LOAD C:/ST/STM32CubeIDE_1.17.0/STM32CubeIDE/plugins/com.st.stm32cube.ide.mcu.externaltools.gnu-tools-for-stm32.14.3.rel1.win32_1.0.100.202602081740/tools/bin/../lib/gcc/arm-none-eabi/14.3.1/../../../../arm-none-eabi/lib/thumb/v7e-m+dp/hard\libm.a
LOAD C:/ST/STM32CubeIDE_1.17.0/STM32CubeIDE/plugins/com.st.stm32cube.ide.mcu.externaltools.gnu-tools-for-stm32.14.3.rel1.win32_1.0.100.202602081740/tools/bin/../lib/gcc/arm-none-eabi/14.3.1/thumb/v7e-m+dp/hard\libgcc.a

.debug_info     0x00000000    0x1d9eb
 .debug_info    0x00000000      0x823 ./Core/Src/dma.o
 .debug_info    0x00000823      0xe4f ./Core/Src/fdcan.o
 .debug_info    0x00001672      0xd49 ./Core/Src/fmc.o
 .debug_info    0x000023bb      0x66c ./Core/Src/gpio.o
 .debug_info    0x00002a27     0x178b ./Core/Src/main.o
 .debug_info    0x000041b2     0x100d ./Core/Src/shiftLights.o
 .debug_info    0x000051bf     0x10ad ./Core/Src/spi.o
 .debug_info    0x0000626c      0x464 ./Core/Src/stm32h7xx_hal_msp.o
 .debug_info    0x000066d0      0x449 ./Core/Src/stm32h7xx_it.o
 .debug_info    0x00006b19      0xdc1 ./Core/Src/system_stm32h7xx.o
 .debug_info    0x000078da     0x1039 ./Core/Src/tim.o
 .debug_info    0x00008913      0xf26 ./Core/Src/usb_otg.o
 .debug_info    0x00009839       0x30 ./Core/Startup/startup_stm32h743vitx.o
 .debug_info    0x00009869     0x153b ./Drivers/STM32H7xx_HAL_Driver/Src/stm32h7xx_hal.o
 .debug_info    0x0000ada4     0x10be ./Drivers/STM32H7xx_HAL_Driver/Src/stm32h7xx_hal_cortex.o
 .debug_info    0x0000be62      0xc31 ./Drivers/STM32H7xx_HAL_Driver/Src/stm32h7xx_hal_dma.o
 .debug_info    0x0000ca93     0x2baf ./Drivers/STM32H7xx_HAL_Driver/Src/stm32h7xx_hal_fdcan.o
 .debug_info    0x0000f642      0xc5a ./Drivers/STM32H7xx_HAL_Driver/Src/stm32h7xx_hal_gpio.o
 .debug_info    0x0001029c     0x1561 ./Drivers/STM32H7xx_HAL_Driver/Src/stm32h7xx_hal_pcd.o
 .debug_info    0x000117fd      0x8b3 ./Drivers/STM32H7xx_HAL_Driver/Src/stm32h7xx_hal_pcd_ex.o
 .debug_info    0x000120b0     0x1021 ./Drivers/STM32H7xx_HAL_Driver/Src/stm32h7xx_hal_pwr_ex.o
 .debug_info    0x000130d1      0xe74 ./Drivers/STM32H7xx_HAL_Driver/Src/stm32h7xx_hal_rcc.o
 .debug_info    0x00013f45     0x1225 ./Drivers/STM32H7xx_HAL_Driver/Src/stm32h7xx_hal_rcc_ex.o
 .debug_info    0x0001516a     0x1454 ./Drivers/STM32H7xx_HAL_Driver/Src/stm32h7xx_hal_spi.o
 .debug_info    0x000165be      0xea9 ./Drivers/STM32H7xx_HAL_Driver/Src/stm32h7xx_hal_sram.o
 .debug_info    0x00017467     0x2bae ./Drivers/STM32H7xx_HAL_Driver/Src/stm32h7xx_hal_tim.o
 .debug_info    0x0001a015     0x17eb ./Drivers/STM32H7xx_HAL_Driver/Src/stm32h7xx_hal_tim_ex.o
 .debug_info    0x0001b800      0xbe3 ./Drivers/STM32H7xx_HAL_Driver/Src/stm32h7xx_ll_fmc.o
 .debug_info    0x0001c3e3     0x1608 ./Drivers/STM32H7xx_HAL_Driver/Src/stm32h7xx_ll_usb.o

.debug_abbrev   0x00000000     0x3f2e
 .debug_abbrev  0x00000000      0x11e ./Core/Src/dma.o
 .debug_abbrev  0x0000011e      0x207 ./Core/Src/fdcan.o
 .debug_abbrev  0x00000325      0x24b ./Core/Src/fmc.o
 .debug_abbrev  0x00000570      0x189 ./Core/Src/gpio.o
 .debug_abbrev  0x000006f9      0x360 ./Core/Src/main.o
 .debug_abbrev  0x00000a59      0x297 ./Core/Src/shiftLights.o
 .debug_abbrev  0x00000cf0      0x229 ./Core/Src/spi.o
 .debug_abbrev  0x00000f19       0xdb ./Core/Src/stm32h7xx_hal_msp.o
 .debug_abbrev  0x00000ff4      0x16d ./Core/Src/stm32h7xx_it.o
 .debug_abbrev  0x00001161      0x165 ./Core/Src/system_stm32h7xx.o
 .debug_abbrev  0x000012c6      0x23f ./Core/Src/tim.o
 .debug_abbrev  0x00001505      0x259 ./Core/Src/usb_otg.o
 .debug_abbrev  0x0000175e       0x24 ./Core/Startup/startup_stm32h743vitx.o
 .debug_abbrev  0x00001782      0x295 ./Drivers/STM32H7xx_HAL_Driver/Src/stm32h7xx_hal.o
 .debug_abbrev  0x00001a17      0x339 ./Drivers/STM32H7xx_HAL_Driver/Src/stm32h7xx_hal_cortex.o
 .debug_abbrev  0x00001d50      0x248 ./Drivers/STM32H7xx_HAL_Driver/Src/stm32h7xx_hal_dma.o
 .debug_abbrev  0x00001f98      0x288 ./Drivers/STM32H7xx_HAL_Driver/Src/stm32h7xx_hal_fdcan.o
 .debug_abbrev  0x00002220      0x205 ./Drivers/STM32H7xx_HAL_Driver/Src/stm32h7xx_hal_gpio.o
 .debug_abbrev  0x00002425      0x2dc ./Drivers/STM32H7xx_HAL_Driver/Src/stm32h7xx_hal_pcd.o
 .debug_abbrev  0x00002701      0x256 ./Drivers/STM32H7xx_HAL_Driver/Src/stm32h7xx_hal_pcd_ex.o
 .debug_abbrev  0x00002957      0x2a7 ./Drivers/STM32H7xx_HAL_Driver/Src/stm32h7xx_hal_pwr_ex.o
 .debug_abbrev  0x00002bfe      0x2c8 ./Drivers/STM32H7xx_HAL_Driver/Src/stm32h7xx_hal_rcc.o
 .debug_abbrev  0x00002ec6      0x269 ./Drivers/STM32H7xx_HAL_Driver/Src/stm32h7xx_hal_rcc_ex.o
 .debug_abbrev  0x0000312f      0x2ba ./Drivers/STM32H7xx_HAL_Driver/Src/stm32h7xx_hal_spi.o
 .debug_abbrev  0x000033e9      0x1f0 ./Drivers/STM32H7xx_HAL_Driver/Src/stm32h7xx_hal_sram.o
 .debug_abbrev  0x000035d9      0x276 ./Drivers/STM32H7xx_HAL_Driver/Src/stm32h7xx_hal_tim.o
 .debug_abbrev  0x0000384f      0x281 ./Drivers/STM32H7xx_HAL_Driver/Src/stm32h7xx_hal_tim_ex.o
 .debug_abbrev  0x00003ad0      0x1ac ./Drivers/STM32H7xx_HAL_Driver/Src/stm32h7xx_ll_fmc.o
 .debug_abbrev  0x00003c7c      0x2b2 ./Drivers/STM32H7xx_HAL_Driver/Src/stm32h7xx_ll_usb.o

.debug_aranges  0x00000000     0x1838
 .debug_aranges
                0x00000000       0x20 ./Core/Src/dma.o
 .debug_aranges
                0x00000020       0x30 ./Core/Src/fdcan.o
 .debug_aranges
                0x00000050       0x40 ./Core/Src/fmc.o
 .debug_aranges
                0x00000090       0x20 ./Core/Src/gpio.o
 .debug_aranges
                0x000000b0       0x40 ./Core/Src/main.o
 .debug_aranges
                0x000000f0       0x48 ./Core/Src/shiftLights.o
 .debug_aranges
                0x00000138       0x30 ./Core/Src/spi.o
 .debug_aranges
                0x00000168       0x20 ./Core/Src/stm32h7xx_hal_msp.o
 .debug_aranges
                0x00000188       0x68 ./Core/Src/stm32h7xx_it.o
 .debug_aranges
                0x000001f0       0x30 ./Core/Src/system_stm32h7xx.o
 .debug_aranges
                0x00000220       0x40 ./Core/Src/tim.o
 .debug_aranges
                0x00000260       0x30 ./Core/Src/usb_otg.o
 .debug_aranges
                0x00000290       0x28 ./Core/Startup/startup_stm32h743vitx.o
 .debug_aranges
                0x000002b8      0x198 ./Drivers/STM32H7xx_HAL_Driver/Src/stm32h7xx_hal.o
 .debug_aranges
                0x00000450      0x130 ./Drivers/STM32H7xx_HAL_Driver/Src/stm32h7xx_hal_cortex.o
 .debug_aranges
                0x00000580       0xa0 ./Drivers/STM32H7xx_HAL_Driver/Src/stm32h7xx_hal_dma.o
 .debug_aranges
                0x00000620      0x338 ./Drivers/STM32H7xx_HAL_Driver/Src/stm32h7xx_hal_fdcan.o
 .debug_aranges
                0x00000958       0x58 ./Drivers/STM32H7xx_HAL_Driver/Src/stm32h7xx_hal_gpio.o
 .debug_aranges
                0x000009b0      0x140 ./Drivers/STM32H7xx_HAL_Driver/Src/stm32h7xx_hal_pcd.o
 .debug_aranges
                0x00000af0       0x60 ./Drivers/STM32H7xx_HAL_Driver/Src/stm32h7xx_hal_pcd_ex.o
 .debug_aranges
                0x00000b50      0x158 ./Drivers/STM32H7xx_HAL_Driver/Src/stm32h7xx_hal_pwr_ex.o
 .debug_aranges
                0x00000ca8       0x88 ./Drivers/STM32H7xx_HAL_Driver/Src/stm32h7xx_hal_rcc.o
 .debug_aranges
                0x00000d30       0xf8 ./Drivers/STM32H7xx_HAL_Driver/Src/stm32h7xx_hal_rcc_ex.o
 .debug_aranges
                0x00000e28      0x1a8 ./Drivers/STM32H7xx_HAL_Driver/Src/stm32h7xx_hal_spi.o
 .debug_aranges
                0x00000fd0       0xb8 ./Drivers/STM32H7xx_HAL_Driver/Src/stm32h7xx_hal_sram.o
 .debug_aranges
                0x00001088      0x3e0 ./Drivers/STM32H7xx_HAL_Driver/Src/stm32h7xx_hal_tim.o
 .debug_aranges
                0x00001468      0x188 ./Drivers/STM32H7xx_HAL_Driver/Src/stm32h7xx_hal_tim_ex.o
 .debug_aranges
                0x000015f0       0xc8 ./Drivers/STM32H7xx_HAL_Driver/Src/stm32h7xx_ll_fmc.o
 .debug_aranges
                0x000016b8      0x180 ./Drivers/STM32H7xx_HAL_Driver/Src/stm32h7xx_ll_usb.o

.debug_rnglists
                0x00000000     0x12a1
 .debug_rnglists
                0x00000000       0x13 ./Core/Src/dma.o
 .debug_rnglists
                0x00000013       0x21 ./Core/Src/fdcan.o
 .debug_rnglists
                0x00000034       0x2d ./Core/Src/fmc.o
 .debug_rnglists
                0x00000061       0x14 ./Core/Src/gpio.o
 .debug_rnglists
                0x00000075       0x2e ./Core/Src/main.o
 .debug_rnglists
                0x000000a3       0x36 ./Core/Src/shiftLights.o
 .debug_rnglists
                0x000000d9       0x21 ./Core/Src/spi.o
 .debug_rnglists
                0x000000fa       0x13 ./Core/Src/stm32h7xx_hal_msp.o
 .debug_rnglists
                0x0000010d       0x49 ./Core/Src/stm32h7xx_it.o
 .debug_rnglists
                0x00000156       0x21 ./Core/Src/system_stm32h7xx.o
 .debug_rnglists
                0x00000177       0x2e ./Core/Src/tim.o
 .debug_rnglists
                0x000001a5       0x20 ./Core/Src/usb_otg.o
 .debug_rnglists
                0x000001c5       0x19 ./Core/Startup/startup_stm32h743vitx.o
 .debug_rnglists
                0x000001de      0x131 ./Drivers/STM32H7xx_HAL_Driver/Src/stm32h7xx_hal.o
 .debug_rnglists
                0x0000030f       0xe0 ./Drivers/STM32H7xx_HAL_Driver/Src/stm32h7xx_hal_cortex.o
 .debug_rnglists
                0x000003ef       0x82 ./Drivers/STM32H7xx_HAL_Driver/Src/stm32h7xx_hal_dma.o
 .debug_rnglists
                0x00000471      0x28b ./Drivers/STM32H7xx_HAL_Driver/Src/stm32h7xx_hal_fdcan.o
 .debug_rnglists
                0x000006fc       0x3f ./Drivers/STM32H7xx_HAL_Driver/Src/stm32h7xx_hal_gpio.o
 .debug_rnglists
                0x0000073b       0xf4 ./Drivers/STM32H7xx_HAL_Driver/Src/stm32h7xx_hal_pcd.o
 .debug_rnglists
                0x0000082f       0x45 ./Drivers/STM32H7xx_HAL_Driver/Src/stm32h7xx_hal_pcd_ex.o
 .debug_rnglists
                0x00000874      0x103 ./Drivers/STM32H7xx_HAL_Driver/Src/stm32h7xx_hal_pwr_ex.o
 .debug_rnglists
                0x00000977       0x68 ./Drivers/STM32H7xx_HAL_Driver/Src/stm32h7xx_hal_rcc.o
 .debug_rnglists
                0x000009df       0xc0 ./Drivers/STM32H7xx_HAL_Driver/Src/stm32h7xx_hal_rcc_ex.o
 .debug_rnglists
                0x00000a9f      0x148 ./Drivers/STM32H7xx_HAL_Driver/Src/stm32h7xx_hal_spi.o
 .debug_rnglists
                0x00000be7       0x8e ./Drivers/STM32H7xx_HAL_Driver/Src/stm32h7xx_hal_sram.o
 .debug_rnglists
                0x00000c75      0x32c ./Drivers/STM32H7xx_HAL_Driver/Src/stm32h7xx_hal_tim.o
 .debug_rnglists
                0x00000fa1      0x13f ./Drivers/STM32H7xx_HAL_Driver/Src/stm32h7xx_hal_tim_ex.o
 .debug_rnglists
                0x000010e0       0x95 ./Drivers/STM32H7xx_HAL_Driver/Src/stm32h7xx_ll_fmc.o
 .debug_rnglists
                0x00001175      0x12c ./Drivers/STM32H7xx_HAL_Driver/Src/stm32h7xx_ll_usb.o

.debug_macro    0x00000000     0x5afe
 .debug_macro   0x00000000      0x31a ./Core/Src/dma.o
 .debug_macro   0x0000031a      0x31a ./Core/Src/fdcan.o
 .debug_macro   0x00000634      0x31a ./Core/Src/fmc.o
 .debug_macro   0x0000094e      0x31a ./Core/Src/gpio.o
 .debug_macro   0x00000c68      0x3ec ./Core/Src/main.o
 .debug_macro   0x00001054       0x1c ./Core/Src/main.o
 .debug_macro   0x00001070       0x1c ./Core/Src/main.o
 .debug_macro   0x0000108c       0x10 ./Core/Src/main.o
 .debug_macro   0x0000109c       0x1c ./Core/Src/main.o
 .debug_macro   0x000010b8       0x16 ./Core/Src/main.o
 .debug_macro   0x000010ce      0x146 ./Core/Src/main.o
 .debug_macro   0x00001214       0x16 ./Core/Src/main.o
 .debug_macro   0x0000122a       0x16 ./Core/Src/main.o
 .debug_macro   0x00001240       0x29 ./Core/Src/main.o
 .debug_macro   0x00001269      0x319 ./Core/Src/shiftLights.o
 .debug_macro   0x00001582       0x9a ./Core/Src/shiftLights.o
 .debug_macro   0x0000161c       0x16 ./Core/Src/shiftLights.o
 .debug_macro   0x00001632      0x31a ./Core/Src/spi.o
 .debug_macro   0x0000194c      0x310 ./Core/Src/stm32h7xx_hal_msp.o
 .debug_macro   0x00001c5c      0x31a ./Core/Src/stm32h7xx_it.o
 .debug_macro   0x00001f76      0x301 ./Core/Src/system_stm32h7xx.o
 .debug_macro   0x00002277      0x31a ./Core/Src/tim.o
 .debug_macro   0x00002591      0x31a ./Core/Src/usb_otg.o
 .debug_macro   0x000028ab      0x32b ./Drivers/STM32H7xx_HAL_Driver/Src/stm32h7xx_hal.o
 .debug_macro   0x00002bd6      0x301 ./Drivers/STM32H7xx_HAL_Driver/Src/stm32h7xx_hal_cortex.o
 .debug_macro   0x00002ed7      0x355 ./Drivers/STM32H7xx_HAL_Driver/Src/stm32h7xx_hal_dma.o
 .debug_macro   0x0000322c      0x405 ./Drivers/STM32H7xx_HAL_Driver/Src/stm32h7xx_hal_fdcan.o
 .debug_macro   0x00003631      0x308 ./Drivers/STM32H7xx_HAL_Driver/Src/stm32h7xx_hal_gpio.o
 .debug_macro   0x00003939      0x30d ./Drivers/STM32H7xx_HAL_Driver/Src/stm32h7xx_hal_pcd.o
 .debug_macro   0x00003c46      0x301 ./Drivers/STM32H7xx_HAL_Driver/Src/stm32h7xx_hal_pcd_ex.o
 .debug_macro   0x00003f47      0x33a ./Drivers/STM32H7xx_HAL_Driver/Src/stm32h7xx_hal_pwr_ex.o
 .debug_macro   0x00004281      0x325 ./Drivers/STM32H7xx_HAL_Driver/Src/stm32h7xx_hal_rcc.o
 .debug_macro   0x000045a6      0x31f ./Drivers/STM32H7xx_HAL_Driver/Src/stm32h7xx_hal_rcc_ex.o
 .debug_macro   0x000048c5      0x309 ./Drivers/STM32H7xx_HAL_Driver/Src/stm32h7xx_hal_spi.o
 .debug_macro   0x00004bce      0x301 ./Drivers/STM32H7xx_HAL_Driver/Src/stm32h7xx_hal_sram.o
 .debug_macro   0x00004ecf      0x302 ./Drivers/STM32H7xx_HAL_Driver/Src/stm32h7xx_hal_tim.o
 .debug_macro   0x000051d1      0x301 ./Drivers/STM32H7xx_HAL_Driver/Src/stm32h7xx_hal_tim_ex.o
 .debug_macro   0x000054d2      0x32b ./Drivers/STM32H7xx_HAL_Driver/Src/stm32h7xx_ll_fmc.o
 .debug_macro   0x000057fd      0x301 ./Drivers/STM32H7xx_HAL_Driver/Src/stm32h7xx_ll_usb.o

.debug_line     0x00000000    0x221dd
 .debug_line    0x00000000      0x97f ./Core/Src/dma.o
 .debug_line    0x0000097f      0xa20 ./Core/Src/fdcan.o
 .debug_line    0x0000139f      0xa8a ./Core/Src/fmc.o
 .debug_line    0x00001e29      0x9e3 ./Core/Src/gpio.o
 .debug_line    0x0000280c      0xd22 ./Core/Src/main.o
 .debug_line    0x0000352e      0xc69 ./Core/Src/shiftLights.o
 .debug_line    0x00004197      0xa50 ./Core/Src/spi.o
 .debug_line    0x00004be7      0x982 ./Core/Src/stm32h7xx_hal_msp.o
 .debug_line    0x00005569      0xa4a ./Core/Src/stm32h7xx_it.o
 .debug_line    0x00005fb3      0xb8b ./Core/Src/system_stm32h7xx.o
 .debug_line    0x00006b3e      0xafb ./Core/Src/tim.o
 .debug_line    0x00007639      0xa11 ./Core/Src/usb_otg.o
 .debug_line    0x0000804a       0x7b ./Core/Startup/startup_stm32h743vitx.o
 .debug_line    0x000080c5      0xf5e ./Drivers/STM32H7xx_HAL_Driver/Src/stm32h7xx_hal.o
 .debug_line    0x00009023      0xf41 ./Drivers/STM32H7xx_HAL_Driver/Src/stm32h7xx_hal_cortex.o
 .debug_line    0x00009f64     0x28db ./Drivers/STM32H7xx_HAL_Driver/Src/stm32h7xx_hal_dma.o
 .debug_line    0x0000c83f     0x2a04 ./Drivers/STM32H7xx_HAL_Driver/Src/stm32h7xx_hal_fdcan.o
 .debug_line    0x0000f243      0xdf4 ./Drivers/STM32H7xx_HAL_Driver/Src/stm32h7xx_hal_gpio.o
 .debug_line    0x00010037     0x16cc ./Drivers/STM32H7xx_HAL_Driver/Src/stm32h7xx_hal_pcd.o
 .debug_line    0x00011703      0xb89 ./Drivers/STM32H7xx_HAL_Driver/Src/stm32h7xx_hal_pcd_ex.o
 .debug_line    0x0001228c     0x10df ./Drivers/STM32H7xx_HAL_Driver/Src/stm32h7xx_hal_pwr_ex.o
 .debug_line    0x0001336b     0x1602 ./Drivers/STM32H7xx_HAL_Driver/Src/stm32h7xx_hal_rcc.o
 .debug_line    0x0001496d     0x1f0e ./Drivers/STM32H7xx_HAL_Driver/Src/stm32h7xx_hal_rcc_ex.o
 .debug_line    0x0001687b     0x2336 ./Drivers/STM32H7xx_HAL_Driver/Src/stm32h7xx_hal_spi.o
 .debug_line    0x00018bb1      0xe6f ./Drivers/STM32H7xx_HAL_Driver/Src/stm32h7xx_hal_sram.o
 .debug_line    0x00019a20     0x4133 ./Drivers/STM32H7xx_HAL_Driver/Src/stm32h7xx_hal_tim.o
 .debug_line    0x0001db53     0x1e21 ./Drivers/STM32H7xx_HAL_Driver/Src/stm32h7xx_hal_tim_ex.o
 .debug_line    0x0001f974      0xd83 ./Drivers/STM32H7xx_HAL_Driver/Src/stm32h7xx_ll_fmc.o
 .debug_line    0x000206f7     0x1ae6 ./Drivers/STM32H7xx_HAL_Driver/Src/stm32h7xx_ll_usb.o

.debug_str      0x00000000   0x171ccc
 .debug_str     0x00000000   0x171ccc ./Core/Src/dma.o
                             0x168343 (size before relaxing)
 .debug_str     0x00171ccc   0x1680eb ./Core/Src/fdcan.o
 .debug_str     0x00171ccc   0x1681df ./Core/Src/fmc.o
 .debug_str     0x00171ccc   0x167bc2 ./Core/Src/gpio.o
 .debug_str     0x00171ccc   0x1693a1 ./Core/Src/main.o
 .debug_str     0x00171ccc   0x168249 ./Core/Src/shiftLights.o
 .debug_str     0x00171ccc   0x16856b ./Core/Src/spi.o
 .debug_str     0x00171ccc   0x167af7 ./Core/Src/stm32h7xx_hal_msp.o
 .debug_str     0x00171ccc   0x167cb2 ./Core/Src/stm32h7xx_it.o
 .debug_str     0x00171ccc   0x167c5d ./Core/Src/system_stm32h7xx.o
 .debug_str     0x00171ccc   0x168469 ./Core/Src/tim.o
 .debug_str     0x00171ccc   0x1683fb ./Core/Src/usb_otg.o
 .debug_str     0x00171ccc       0x83 ./Core/Startup/startup_stm32h743vitx.o
 .debug_str     0x00171ccc   0x168b2d ./Drivers/STM32H7xx_HAL_Driver/Src/stm32h7xx_hal.o
 .debug_str     0x00171ccc   0x16856f ./Drivers/STM32H7xx_HAL_Driver/Src/stm32h7xx_hal_cortex.o
 .debug_str     0x00171ccc   0x168351 ./Drivers/STM32H7xx_HAL_Driver/Src/stm32h7xx_hal_dma.o
 .debug_str     0x00171ccc   0x1699d4 ./Drivers/STM32H7xx_HAL_Driver/Src/stm32h7xx_hal_fdcan.o
 .debug_str     0x00171ccc   0x167bce ./Drivers/STM32H7xx_HAL_Driver/Src/stm32h7xx_hal_gpio.o
 .debug_str     0x00171ccc   0x168382 ./Drivers/STM32H7xx_HAL_Driver/Src/stm32h7xx_hal_pcd.o
 .debug_str     0x00171ccc   0x167d20 ./Drivers/STM32H7xx_HAL_Driver/Src/stm32h7xx_hal_pcd_ex.o
 .debug_str     0x00171ccc   0x168096 ./Drivers/STM32H7xx_HAL_Driver/Src/stm32h7xx_hal_pwr_ex.o
 .debug_str     0x00171ccc   0x167fb2 ./Drivers/STM32H7xx_HAL_Driver/Src/stm32h7xx_hal_rcc.o
 .debug_str     0x00171ccc   0x168493 ./Drivers/STM32H7xx_HAL_Driver/Src/stm32h7xx_hal_rcc_ex.o
 .debug_str     0x00171ccc   0x1682d6 ./Drivers/STM32H7xx_HAL_Driver/Src/stm32h7xx_hal_spi.o
 .debug_str     0x00171ccc   0x167f3d ./Drivers/STM32H7xx_HAL_Driver/Src/stm32h7xx_hal_sram.o
 .debug_str     0x00171ccc   0x168d51 ./Drivers/STM32H7xx_HAL_Driver/Src/stm32h7xx_hal_tim.o
 .debug_str     0x00171ccc   0x168679 ./Drivers/STM32H7xx_HAL_Driver/Src/stm32h7xx_hal_tim_ex.o
 .debug_str     0x00171ccc   0x16814c ./Drivers/STM32H7xx_HAL_Driver/Src/stm32h7xx_ll_fmc.o
 .debug_str     0x00171ccc   0x16801f ./Drivers/STM32H7xx_HAL_Driver/Src/stm32h7xx_ll_usb.o

.comment        0x00000000       0x43
 .comment       0x00000000       0x43 ./Core/Src/dma.o
                                 0x44 (size before relaxing)
 .comment       0x00000043       0x44 ./Core/Src/fdcan.o
 .comment       0x00000043       0x44 ./Core/Src/fmc.o
 .comment       0x00000043       0x44 ./Core/Src/gpio.o
 .comment       0x00000043       0x44 ./Core/Src/main.o
 .comment       0x00000043       0x44 ./Core/Src/shiftLights.o
 .comment       0x00000043       0x44 ./Core/Src/spi.o
 .comment       0x00000043       0x44 ./Core/Src/stm32h7xx_hal_msp.o
 .comment       0x00000043       0x44 ./Core/Src/stm32h7xx_it.o
 .comment       0x00000043       0x44 ./Core/Src/system_stm32h7xx.o
 .comment       0x00000043       0x44 ./Core/Src/tim.o
 .comment       0x00000043       0x44 ./Core/Src/usb_otg.o
 .comment       0x00000043       0x44 ./Drivers/STM32H7xx_HAL_Driver/Src/stm32h7xx_hal.o
 .comment       0x00000043       0x44 ./Drivers/STM32H7xx_HAL_Driver/Src/stm32h7xx_hal_cortex.o
 .comment       0x00000043       0x44 ./Drivers/STM32H7xx_HAL_Driver/Src/stm32h7xx_hal_dma.o
 .comment       0x00000043       0x44 ./Drivers/STM32H7xx_HAL_Driver/Src/stm32h7xx_hal_fdcan.o
 .comment       0x00000043       0x44 ./Drivers/STM32H7xx_HAL_Driver/Src/stm32h7xx_hal_gpio.o
 .comment       0x00000043       0x44 ./Drivers/STM32H7xx_HAL_Driver/Src/stm32h7xx_hal_pcd.o
 .comment       0x00000043       0x44 ./Drivers/STM32H7xx_HAL_Driver/Src/stm32h7xx_hal_pcd_ex.o
 .comment       0x00000043       0x44 ./Drivers/STM32H7xx_HAL_Driver/Src/stm32h7xx_hal_pwr_ex.o
 .comment       0x00000043       0x44 ./Drivers/STM32H7xx_HAL_Driver/Src/stm32h7xx_hal_rcc.o
 .comment       0x00000043       0x44 ./Drivers/STM32H7xx_HAL_Driver/Src/stm32h7xx_hal_rcc_ex.o
 .comment       0x00000043       0x44 ./Drivers/STM32H7xx_HAL_Driver/Src/stm32h7xx_hal_spi.o
 .comment       0x00000043       0x44 ./Drivers/STM32H7xx_HAL_Driver/Src/stm32h7xx_hal_sram.o
 .comment       0x00000043       0x44 ./Drivers/STM32H7xx_HAL_Driver/Src/stm32h7xx_hal_tim.o
 .comment       0x00000043       0x44 ./Drivers/STM32H7xx_HAL_Driver/Src/stm32h7xx_hal_tim_ex.o
 .comment       0x00000043       0x44 ./Drivers/STM32H7xx_HAL_Driver/Src/stm32h7xx_ll_fmc.o
 .comment       0x00000043       0x44 ./Drivers/STM32H7xx_HAL_Driver/Src/stm32h7xx_ll_usb.o

.debug_frame    0x00000000     0x60a4
 .debug_frame   0x00000000       0x34 ./Core/Src/dma.o
 .debug_frame   0x00000034       0x74 ./Core/Src/fdcan.o
 .debug_frame   0x000000a8       0xbc ./Core/Src/fmc.o
 .debug_frame   0x00000164       0x34 ./Core/Src/gpio.o
 .debug_frame   0x00000198       0xb8 ./Core/Src/main.o
 .debug_frame   0x00000250       0xf0 ./Core/Src/shiftLights.o
 .debug_frame   0x00000340       0x78 ./Core/Src/spi.o
 .debug_frame   0x000003b8       0x34 ./Core/Src/stm32h7xx_hal_msp.o
 .debug_frame   0x000003ec      0x114 ./Core/Src/stm32h7xx_it.o
 .debug_frame   0x00000500       0x60 ./Core/Src/system_stm32h7xx.o
 .debug_frame   0x00000560       0xc4 ./Core/Src/tim.o
 .debug_frame   0x00000624       0x78 ./Core/Src/usb_otg.o
 .debug_frame   0x0000069c      0x5e8 ./Drivers/STM32H7xx_HAL_Driver/Src/stm32h7xx_hal.o
 .debug_frame   0x00000c84      0x4b8 ./Drivers/STM32H7xx_HAL_Driver/Src/stm32h7xx_hal_cortex.o
 .debug_frame   0x0000113c      0x290 ./Drivers/STM32H7xx_HAL_Driver/Src/stm32h7xx_hal_dma.o
 .debug_frame   0x000013cc      0xe2c ./Drivers/STM32H7xx_HAL_Driver/Src/stm32h7xx_hal_fdcan.o
 .debug_frame   0x000021f8      0x130 ./Drivers/STM32H7xx_HAL_Driver/Src/stm32h7xx_hal_gpio.o
 .debug_frame   0x00002328      0x550 ./Drivers/STM32H7xx_HAL_Driver/Src/stm32h7xx_hal_pcd.o
 .debug_frame   0x00002878      0x154 ./Drivers/STM32H7xx_HAL_Driver/Src/stm32h7xx_hal_pcd_ex.o
 .debug_frame   0x000029cc      0x500 ./Drivers/STM32H7xx_HAL_Driver/Src/stm32h7xx_hal_pwr_ex.o
 .debug_frame   0x00002ecc      0x1e4 ./Drivers/STM32H7xx_HAL_Driver/Src/stm32h7xx_hal_rcc.o
 .debug_frame   0x000030b0      0x3d4 ./Drivers/STM32H7xx_HAL_Driver/Src/stm32h7xx_hal_rcc_ex.o
 .debug_frame   0x00003484      0x73c ./Drivers/STM32H7xx_HAL_Driver/Src/stm32h7xx_hal_spi.o
 .debug_frame   0x00003bc0      0x2e8 ./Drivers/STM32H7xx_HAL_Driver/Src/stm32h7xx_hal_sram.o
 .debug_frame   0x00003ea8     0x1144 ./Drivers/STM32H7xx_HAL_Driver/Src/stm32h7xx_hal_tim.o
 .debug_frame   0x00004fec      0x690 ./Drivers/STM32H7xx_HAL_Driver/Src/stm32h7xx_hal_tim_ex.o
 .debug_frame   0x0000567c      0x328 ./Drivers/STM32H7xx_HAL_Driver/Src/stm32h7xx_ll_fmc.o
 .debug_frame   0x000059a4      0x68c ./Drivers/STM32H7xx_HAL_Driver/Src/stm32h7xx_ll_usb.o
 .debug_frame   0x00006030       0x20 C:/ST/STM32CubeIDE_1.17.0/STM32CubeIDE/plugins/com.st.stm32cube.ide.mcu.externaltools.gnu-tools-for-stm32.14.3.rel1.win32_1.0.100.202602081740/tools/bin/../lib/gcc/arm-none-eabi/14.3.1/../../../../arm-none-eabi/lib/thumb/v7e-m+dp/hard\libc_nano.a(libc_a-memset.o)
 .debug_frame   0x00006050       0x2c C:/ST/STM32CubeIDE_1.17.0/STM32CubeIDE/plugins/com.st.stm32cube.ide.mcu.externaltools.gnu-tools-for-stm32.14.3.rel1.win32_1.0.100.202602081740/tools/bin/../lib/gcc/arm-none-eabi/14.3.1/../../../../arm-none-eabi/lib/thumb/v7e-m+dp/hard\libc_nano.a(libc_a-init.o)
 .debug_frame   0x0000607c       0x28 C:/ST/STM32CubeIDE_1.17.0/STM32CubeIDE/plugins/com.st.stm32cube.ide.mcu.externaltools.gnu-tools-for-stm32.14.3.rel1.win32_1.0.100.202602081740/tools/bin/../lib/gcc/arm-none-eabi/14.3.1/../../../../arm-none-eabi/lib/thumb/v7e-m+dp/hard\libc_nano.a(libc_a-memcpy-stub.o)

.debug_line_str
                0x00000000       0x67
 .debug_line_str
                0x00000000       0x67 ./Core/Startup/startup_stm32h743vitx.o
