../Drivers/CMSIS/Include/core_cm7.h:2165:34:__NVIC_SystemReset	4	static,ignoring_inline_asm
..\Core\Src\main.c:108:6:HAL_GPIO_EXTI_Callback	24	static
..\Core\Src\main.c:132:6:HAL_TIM_PeriodElapsedCallback	16	static
..\Core\Src\main.c:146:6:HAL_FDCAN_RxFifo0Callback	16	static
..\Core\Src\main.c:160:6:updateMainData	8	static
..\Core\Src\main.c:165:5:checkShift	4	static
..\Core\Src\main.c:180:5:main	80	static,ignoring_inline_asm
..\Core\Src\main.c:306:6:SystemClock_Config	120	static
..\Core\Src\main.c:367:6:PeriphCommonClock_Config	200	static
..\Core\Src\main.c:395:13:MX_DMA2D_Init	8	static
..\Core\Src\main.c:424:13:MX_FDCAN2_Init	8	static
..\Core\Src\main.c:477:13:MX_IWDG1_Init	8	static
..\Core\Src\main.c:506:13:MX_TIM2_Init	64	static
..\Core\Src\main.c:565:13:MX_TIM15_Init	40	static
..\Core\Src\main.c:609:13:MX_DMA_Init	16	static
..\Core\Src\main.c:623:13:MX_FMC_Init	40	static
..\Core\Src\main.c:681:13:MX_GPIO_Init	56	static
..\Core\Src\main.c:775:6:MPU_Config	24	static
..\Core\Src\main.c:812:6:Error_Handler	4	static,ignoring_inline_asm
