../Core/Src/stm32h7xx_hal_msp.c:65:6:HAL_MspInit	16	static
../Core/Src/stm32h7xx_hal_msp.c:87:6:HAL_FDCAN_MspInit	240	static
../Core/Src/stm32h7xx_hal_msp.c:143:6:HAL_FDCAN_MspDeInit	16	static
../Core/Src/stm32h7xx_hal_msp.c:172:6:HAL_SPI_MspInit	248	static
../Core/Src/stm32h7xx_hal_msp.c:237:6:HAL_SPI_MspDeInit	16	static
../Core/Src/stm32h7xx_hal_msp.c:269:6:HAL_TIM_PWM_MspInit	24	static
../Core/Src/stm32h7xx_hal_msp.c:286:6:HAL_TIM_MspPostInit	40	static
../Core/Src/stm32h7xx_hal_msp.c:318:6:HAL_TIM_PWM_MspDeInit	16	static
../Core/Src/stm32h7xx_hal_msp.c:340:6:HAL_PCD_MspInit	240	static
../Core/Src/stm32h7xx_hal_msp.c:391:6:HAL_PCD_MspDeInit	16	static
../Core/Src/stm32h7xx_hal_msp.c:416:13:HAL_FMC_MspInit	232	static
../Core/Src/stm32h7xx_hal_msp.c:491:6:HAL_SRAM_MspInit	16	static
../Core/Src/stm32h7xx_hal_msp.c:503:13:HAL_FMC_MspDeInit	8	static
../Core/Src/stm32h7xx_hal_msp.c:551:6:HAL_SRAM_MspDeInit	16	static
