..\Core\Src\stm32h7xx_hal_msp.c:65:6:HAL_MspInit	16	static
..\Core\Src\stm32h7xx_hal_msp.c:89:6:HAL_DMA2D_MspInit	24	static
..\Core\Src\stm32h7xx_hal_msp.c:112:6:HAL_DMA2D_MspDeInit	16	static
..\Core\Src\stm32h7xx_hal_msp.c:134:6:HAL_FDCAN_MspInit	48	static
..\Core\Src\stm32h7xx_hal_msp.c:174:6:HAL_FDCAN_MspDeInit	16	static
..\Core\Src\stm32h7xx_hal_msp.c:205:6:HAL_TIM_Base_MspInit	24	static
..\Core\Src\stm32h7xx_hal_msp.c:255:6:HAL_TIM_MspPostInit	40	static
..\Core\Src\stm32h7xx_hal_msp.c:287:6:HAL_TIM_Base_MspDeInit	16	static
..\Core\Src\stm32h7xx_hal_msp.c:322:13:HAL_FMC_MspInit	32	static
..\Core\Src\stm32h7xx_hal_msp.c:387:6:HAL_SRAM_MspInit	16	static
..\Core\Src\stm32h7xx_hal_msp.c:399:13:HAL_FMC_MspDeInit	8	static
..\Core\Src\stm32h7xx_hal_msp.c:447:6:HAL_SRAM_MspDeInit	16	static
