../Core/Src/Drivers/ili9486.c:272:6:ili9486_Init	16	static
../Core/Src/Drivers/ili9486.c:329:6:ili9486_DisplayOn	16	static
../Core/Src/Drivers/ili9486.c:341:6:ili9486_DisplayOff	16	static
../Core/Src/Drivers/ili9486.c:353:10:ili9486_GetLcdPixelWidth	4	static
../Core/Src/Drivers/ili9486.c:364:10:ili9486_GetLcdPixelHeight	4	static
../Core/Src/Drivers/ili9486.c:375:10:ili9486_ReadID	24	static
../Core/Src/Drivers/ili9486.c:395:6:ili9486_SetCursor	24	static
../Core/Src/Drivers/ili9486.c:408:6:ili9486_WritePixel	24	static
../Core/Src/Drivers/ili9486.c:426:10:ili9486_ReadPixel	32	static
../Core/Src/Drivers/ili9486.c:448:6:ili9486_SetDisplayWindow	32	static
../Core/Src/Drivers/ili9486.c:463:6:ili9486_DrawHLine	32	static
../Core/Src/Drivers/ili9486.c:482:6:ili9486_DrawVLine	32	static
../Core/Src/Drivers/ili9486.c:502:6:ili9486_FillRect	32	static
../Core/Src/Drivers/ili9486.c:522:6:ili9486_DrawBitmap	32	static
../Core/Src/Drivers/ili9486.c:557:6:ili9486_DrawRGBImage	32	static
../Core/Src/Drivers/ili9486.c:579:6:ili9486_ReadRGBImage	32	static
../Core/Src/Drivers/ili9486.c:598:6:ili9486_Scroll	24	static
../Core/Src/Drivers/ili9486.c:670:6:ili9486_UserCommand	32	static
