../Core/Src/Drivers/ili9488.c:285:6:ili9488_Init	16	static
../Core/Src/Drivers/ili9488.c:344:6:ili9488_DisplayOn	16	static
../Core/Src/Drivers/ili9488.c:356:6:ili9488_DisplayOff	16	static
../Core/Src/Drivers/ili9488.c:368:10:ili9488_GetLcdPixelWidth	4	static
../Core/Src/Drivers/ili9488.c:379:10:ili9488_GetLcdPixelHeight	4	static
../Core/Src/Drivers/ili9488.c:390:10:ili9488_ReadID	24	static
../Core/Src/Drivers/ili9488.c:409:6:ili9488_SetCursor	24	static
../Core/Src/Drivers/ili9488.c:422:6:ili9488_WritePixel	24	static
../Core/Src/Drivers/ili9488.c:439:10:ili9488_ReadPixel	32	static
../Core/Src/Drivers/ili9488.c:461:6:ili9488_SetDisplayWindow	32	static
../Core/Src/Drivers/ili9488.c:478:6:ili9488_DrawHLine	32	static
../Core/Src/Drivers/ili9488.c:497:6:ili9488_DrawVLine	32	static
../Core/Src/Drivers/ili9488.c:517:6:ili9488_FillRect	32	static
../Core/Src/Drivers/ili9488.c:537:6:ili9488_DrawBitmap	32	static
../Core/Src/Drivers/ili9488.c:576:6:ili9488_DrawRGBImage	32	static
../Core/Src/Drivers/ili9488.c:598:6:ili9488_ReadRGBImage	32	static
../Core/Src/Drivers/ili9488.c:617:6:ili9488_Scroll	24	static
../Core/Src/Drivers/ili9488.c:689:6:ili9488_UserCommand	32	static
