../Core/Src/Drivers/stm32_adafruit_lcd.c:124:9:BSP_LCD_Init	16	static
../Core/Src/Drivers/stm32_adafruit_lcd.c:155:10:BSP_LCD_GetXSize	8	static
../Core/Src/Drivers/stm32_adafruit_lcd.c:165:10:BSP_LCD_GetYSize	8	static
../Core/Src/Drivers/stm32_adafruit_lcd.c:175:10:BSP_LCD_GetTextColor	4	static
../Core/Src/Drivers/stm32_adafruit_lcd.c:185:10:BSP_LCD_GetBackColor	4	static
../Core/Src/Drivers/stm32_adafruit_lcd.c:195:6:BSP_LCD_SetTextColor	16	static
../Core/Src/Drivers/stm32_adafruit_lcd.c:205:6:BSP_LCD_SetBackColor	16	static
../Core/Src/Drivers/stm32_adafruit_lcd.c:215:6:BSP_LCD_SetFont	16	static
../Core/Src/Drivers/stm32_adafruit_lcd.c:225:8:BSP_LCD_GetFont	4	static
../Core/Src/Drivers/stm32_adafruit_lcd.c:235:6:BSP_LCD_Clear	32	static
../Core/Src/Drivers/stm32_adafruit_lcd.c:249:6:BSP_LCD_ClearStringLine	32	static
../Core/Src/Drivers/stm32_adafruit_lcd.c:269:6:BSP_LCD_DisplayChar	16	static
../Core/Src/Drivers/stm32_adafruit_lcd.c:288:6:BSP_LCD_DisplayStringOnMultilayerChar	88	static
../Core/Src/Drivers/stm32_adafruit_lcd.c:407:6:BSP_LCD_DisplayStringAt	48	static
../Core/Src/Drivers/stm32_adafruit_lcd.c:468:6:BSP_LCD_DisplayStringAtLine	16	static
../Core/Src/Drivers/stm32_adafruit_lcd.c:480:6:BSP_LCD_DrawPixel	16	static
../Core/Src/Drivers/stm32_adafruit_lcd.c:492:6:BSP_LCD_DrawHLine	24	static
../Core/Src/Drivers/stm32_adafruit_lcd.c:504:6:BSP_LCD_DrawVLine	24	static
../Core/Src/Drivers/stm32_adafruit_lcd.c:517:6:BSP_LCD_DrawLine	56	static
../Core/Src/Drivers/stm32_adafruit_lcd.c:592:6:BSP_LCD_DrawRect	24	static
../Core/Src/Drivers/stm32_adafruit_lcd.c:610:6:BSP_LCD_DrawCircle	32	static
../Core/Src/Drivers/stm32_adafruit_lcd.c:650:6:BSP_LCD_DrawPolygon	32	static
../Core/Src/Drivers/stm32_adafruit_lcd.c:678:6:BSP_LCD_DrawEllipse	56	static
../Core/Src/Drivers/stm32_adafruit_lcd.c:711:6:BSP_LCD_DrawBitmap	24	static
../Core/Src/Drivers/stm32_adafruit_lcd.c:735:6:BSP_LCD_FillRect	32	static
../Core/Src/Drivers/stm32_adafruit_lcd.c:747:6:BSP_LCD_FillCircle	32	static
../Core/Src/Drivers/stm32_adafruit_lcd.c:794:6:BSP_LCD_FillPolygon	64	static
../Core/Src/Drivers/stm32_adafruit_lcd.c:862:6:BSP_LCD_FillEllipse	56	static
../Core/Src/Drivers/stm32_adafruit_lcd.c:893:6:BSP_LCD_DisplayOn	8	static
../Core/Src/Drivers/stm32_adafruit_lcd.c:903:6:BSP_LCD_DisplayOff	8	static
../Core/Src/Drivers/stm32_adafruit_lcd.c:919:13:DrawChar	56	static
../Core/Src/Drivers/stm32_adafruit_lcd.c:979:6:BSP_LCD_FillTriangle	72	static
../Core/Src/Drivers/stm32_adafruit_lcd.c:1068:13:SetDisplayWindow	24	static
../Core/Src/Drivers/stm32_adafruit_lcd.c:1078:10:BSP_LCD_ReadID	8	static
../Core/Src/Drivers/stm32_adafruit_lcd.c:1089:10:BSP_LCD_ReadPixel	16	static
../Core/Src/Drivers/stm32_adafruit_lcd.c:1103:6:BSP_LCD_DrawRGB16Image	32	static
../Core/Src/Drivers/stm32_adafruit_lcd.c:1117:6:BSP_LCD_ReadRGB16Image	32	static
../Core/Src/Drivers/stm32_adafruit_lcd.c:1129:6:BSP_LCD_Scroll	16	static
../Core/Src/Drivers/stm32_adafruit_lcd.c:1141:6:BSP_LCD_DataWrite8	32	static
../Core/Src/Drivers/stm32_adafruit_lcd.c:1145:6:BSP_LCD_DataWrite16	32	static
../Core/Src/Drivers/stm32_adafruit_lcd.c:1149:6:BSP_LCD_DataRead8	32	static
../Core/Src/Drivers/stm32_adafruit_lcd.c:1153:6:BSP_LCD_DataRead16	32	static
