../Core/Src/Drivers/stm32_adafruit_lcd.c:124:9:BSP_LCD_Init	16	static
../Core/Src/Drivers/stm32_adafruit_lcd.c:151:10:BSP_LCD_GetXSize	8	static
../Core/Src/Drivers/stm32_adafruit_lcd.c:161:10:BSP_LCD_GetYSize	8	static
../Core/Src/Drivers/stm32_adafruit_lcd.c:171:10:BSP_LCD_GetTextColor	4	static
../Core/Src/Drivers/stm32_adafruit_lcd.c:181:10:BSP_LCD_GetBackColor	4	static
../Core/Src/Drivers/stm32_adafruit_lcd.c:191:6:BSP_LCD_SetTextColor	16	static
../Core/Src/Drivers/stm32_adafruit_lcd.c:201:6:BSP_LCD_SetBackColor	16	static
../Core/Src/Drivers/stm32_adafruit_lcd.c:211:6:BSP_LCD_SetFont	16	static
../Core/Src/Drivers/stm32_adafruit_lcd.c:221:8:BSP_LCD_GetFont	4	static
../Core/Src/Drivers/stm32_adafruit_lcd.c:231:6:BSP_LCD_Clear	32	static
../Core/Src/Drivers/stm32_adafruit_lcd.c:245:6:BSP_LCD_ClearStringLine	32	static
../Core/Src/Drivers/stm32_adafruit_lcd.c:265:6:BSP_LCD_DisplayChar	16	static
../Core/Src/Drivers/stm32_adafruit_lcd.c:284:6:BSP_LCD_DisplayStringOnMultilayerChar	88	static
../Core/Src/Drivers/stm32_adafruit_lcd.c:403:6:BSP_LCD_DisplayStringAt	48	static
../Core/Src/Drivers/stm32_adafruit_lcd.c:464:6:BSP_LCD_DisplayStringAtLine	16	static
../Core/Src/Drivers/stm32_adafruit_lcd.c:476:6:BSP_LCD_DrawPixel	16	static
../Core/Src/Drivers/stm32_adafruit_lcd.c:488:6:BSP_LCD_DrawHLine	24	static
../Core/Src/Drivers/stm32_adafruit_lcd.c:500:6:BSP_LCD_DrawVLine	24	static
../Core/Src/Drivers/stm32_adafruit_lcd.c:513:6:BSP_LCD_DrawLine	56	static
../Core/Src/Drivers/stm32_adafruit_lcd.c:588:6:BSP_LCD_DrawRect	24	static
../Core/Src/Drivers/stm32_adafruit_lcd.c:606:6:BSP_LCD_DrawCircle	32	static
../Core/Src/Drivers/stm32_adafruit_lcd.c:646:6:BSP_LCD_DrawPolygon	32	static
../Core/Src/Drivers/stm32_adafruit_lcd.c:674:6:BSP_LCD_DrawEllipse	56	static
../Core/Src/Drivers/stm32_adafruit_lcd.c:707:6:BSP_LCD_DrawBitmap	24	static
../Core/Src/Drivers/stm32_adafruit_lcd.c:731:6:BSP_LCD_FillRect	32	static
../Core/Src/Drivers/stm32_adafruit_lcd.c:743:6:BSP_LCD_FillCircle	32	static
../Core/Src/Drivers/stm32_adafruit_lcd.c:790:6:BSP_LCD_FillPolygon	64	static
../Core/Src/Drivers/stm32_adafruit_lcd.c:858:6:BSP_LCD_FillEllipse	56	static
../Core/Src/Drivers/stm32_adafruit_lcd.c:889:6:BSP_LCD_DisplayOn	8	static
../Core/Src/Drivers/stm32_adafruit_lcd.c:899:6:BSP_LCD_DisplayOff	8	static
../Core/Src/Drivers/stm32_adafruit_lcd.c:915:13:DrawChar	56	static
../Core/Src/Drivers/stm32_adafruit_lcd.c:975:6:BSP_LCD_FillTriangle	72	static
../Core/Src/Drivers/stm32_adafruit_lcd.c:1064:13:SetDisplayWindow	24	static
../Core/Src/Drivers/stm32_adafruit_lcd.c:1074:10:BSP_LCD_ReadID	8	static
../Core/Src/Drivers/stm32_adafruit_lcd.c:1085:10:BSP_LCD_ReadPixel	16	static
../Core/Src/Drivers/stm32_adafruit_lcd.c:1099:6:BSP_LCD_DrawRGB16Image	32	static
../Core/Src/Drivers/stm32_adafruit_lcd.c:1113:6:BSP_LCD_ReadRGB16Image	32	static
../Core/Src/Drivers/stm32_adafruit_lcd.c:1125:6:BSP_LCD_Scroll	16	static
../Core/Src/Drivers/stm32_adafruit_lcd.c:1137:6:BSP_LCD_DataWrite8	32	static
../Core/Src/Drivers/stm32_adafruit_lcd.c:1141:6:BSP_LCD_DataWrite16	32	static
../Core/Src/Drivers/stm32_adafruit_lcd.c:1145:6:BSP_LCD_DataRead8	32	static
../Core/Src/Drivers/stm32_adafruit_lcd.c:1149:6:BSP_LCD_DataRead16	32	static
