..\Core\Src\fmc-display\lcd_io.c:18:6:commandAndData	32	static
..\Core\Src\fmc-display\lcd_io.c:28:6:transmitRepeatedData	24	static
..\Core\Src\fmc-display\lcd_io.c:34:6:transmitSingleData	16	static
..\Core\Src\fmc-display\lcd_io.c:38:6:LCD_FILL_DMA2D	56	static,ignoring_inline_asm
..\Core\Src\fmc-display\lcd_io.c:48:6:LCD_CLEAR_DMA2D	40	static,ignoring_inline_asm
..\Core\Src\fmc-display\lcd_io.c:57:6:LCD_DRAW_POINT	16	static
..\Core\Src\fmc-display\lcd_io.c:61:6:displayOn	8	static
..\Core\Src\fmc-display\lcd_io.c:65:6:displayOff	8	static
..\Core\Src\fmc-display\lcd_io.c:69:6:resetScreen	8	static
..\Core\Src\fmc-display\lcd_io.c:78:6:initializeScreen	112	static
