..\Core\Src\fmc-display\lcd_io.c:17:6:commandAndData	32	static
..\Core\Src\fmc-display\lcd_io.c:27:6:transmitRepeatedData	24	static
..\Core\Src\fmc-display\lcd_io.c:33:6:transmitSingleData	16	static
..\Core\Src\fmc-display\lcd_io.c:37:6:LCD_FILL_DMA2D	56	static,ignoring_inline_asm
..\Core\Src\fmc-display\lcd_io.c:47:6:LCD_CLEAR_DMA2D	40	static,ignoring_inline_asm
..\Core\Src\fmc-display\lcd_io.c:56:6:LCD_DRAW_POINT	16	static
..\Core\Src\fmc-display\lcd_io.c:60:6:displayOn	8	static
..\Core\Src\fmc-display\lcd_io.c:64:6:displayOff	8	static
..\Core\Src\fmc-display\lcd_io.c:68:6:resetScreen	8	static
..\Core\Src\fmc-display\lcd_io.c:77:6:initializeScreen	112	static
