..\Core\Src\fmc-display\rpiDisplayShapes.c:19:6:modifySpace	40	static
..\Core\Src\fmc-display\rpiDisplayShapes.c:30:6:fillArea	32	static
..\Core\Src\fmc-display\rpiDisplayShapes.c:35:6:drawHLine	32	static
..\Core\Src\fmc-display\rpiDisplayShapes.c:39:6:drawVLine	32	static
..\Core\Src\fmc-display\rpiDisplayShapes.c:43:6:drawPoint	16	static
..\Core\Src\fmc-display\rpiDisplayShapes.c:48:6:drawPointIntoFramebuffer	24	static
..\Core\Src\fmc-display\rpiDisplayShapes.c:54:6:getRectCenter	24	static
..\Core\Src\fmc-display\rpiDisplayShapes.c:59:6:drawRectangleFilled	32	static
..\Core\Src\fmc-display\rpiDisplayShapes.c:66:6:drawRectangleFilledIntoFramebuffer	32	static
..\Core\Src\fmc-display\rpiDisplayShapes.c:81:6:drawRectangleOutline	24	static
..\Core\Src\fmc-display\rpiDisplayShapes.c:91:6:drawRectangleOutlineIntoFramebuffer	32	static
..\Core\Src\fmc-display\rpiDisplayShapes.c:113:6:getEllipseCorner	24	static
..\Core\Src\fmc-display\rpiDisplayShapes.c:128:5:checkPointInEllipse	40	static
..\Core\Src\fmc-display\rpiDisplayShapes.c:138:6:drawEllipseFilled	72	static
..\Core\Src\fmc-display\rpiDisplayShapes.c:155:6:drawEllipseFilledIntoFramebuffer	64	static
..\Core\Src\fmc-display\rpiDisplayShapes.c:175:6:drawEllipseOutline	64	static
..\Core\Src\fmc-display\rpiDisplayShapes.c:198:6:drawEllipseOutlineIntoFramebuffer	64	static
..\Core\Src\fmc-display\rpiDisplayShapes.c:220:6:getStringCenter	40	static
..\Core\Src\fmc-display\rpiDisplayShapes.c:233:6:getStringLeft	40	static
..\Core\Src\fmc-display\rpiDisplayShapes.c:246:10:drawChar	48	static
..\Core\Src\fmc-display\rpiDisplayShapes.c:271:10:getCharXadv	24	static
..\Core\Src\fmc-display\rpiDisplayShapes.c:276:10:drawCharIntoFramebuffer	56	static
..\Core\Src\fmc-display\rpiDisplayShapes.c:308:9:drawString	40	static
..\Core\Src\fmc-display\rpiDisplayShapes.c:321:10:drawStringIntoFramebuffer	64	static
