..\Core\Src\fmc-display\rpiDisplayShapes.c:20:6:modifySpace	40	static
..\Core\Src\fmc-display\rpiDisplayShapes.c:31:6:fillArea	32	static
..\Core\Src\fmc-display\rpiDisplayShapes.c:36:6:drawHLine	32	static
..\Core\Src\fmc-display\rpiDisplayShapes.c:40:6:drawVLine	32	static
..\Core\Src\fmc-display\rpiDisplayShapes.c:44:6:drawPoint	16	static
..\Core\Src\fmc-display\rpiDisplayShapes.c:49:6:drawPointIntoFramebuffer	24	static
..\Core\Src\fmc-display\rpiDisplayShapes.c:55:6:getRectCenter	24	static
..\Core\Src\fmc-display\rpiDisplayShapes.c:60:6:drawRectangleFilled	32	static
..\Core\Src\fmc-display\rpiDisplayShapes.c:67:6:drawRectangleFilledIntoFramebuffer	32	static
..\Core\Src\fmc-display\rpiDisplayShapes.c:82:6:drawRectangleOutline	24	static
..\Core\Src\fmc-display\rpiDisplayShapes.c:92:6:drawRectangleOutlineIntoFramebuffer	32	static
..\Core\Src\fmc-display\rpiDisplayShapes.c:114:6:getEllipseCorner	24	static
..\Core\Src\fmc-display\rpiDisplayShapes.c:129:5:checkPointInEllipse	40	static
..\Core\Src\fmc-display\rpiDisplayShapes.c:139:6:drawEllipseFilled	72	static
..\Core\Src\fmc-display\rpiDisplayShapes.c:156:6:drawEllipseFilledIntoFramebuffer	64	static
..\Core\Src\fmc-display\rpiDisplayShapes.c:176:6:drawEllipseOutline	64	static
..\Core\Src\fmc-display\rpiDisplayShapes.c:199:6:drawEllipseOutlineIntoFramebuffer	64	static
..\Core\Src\fmc-display\rpiDisplayShapes.c:221:6:getStringCenter	40	static
..\Core\Src\fmc-display\rpiDisplayShapes.c:234:6:getStringLeft	40	static
..\Core\Src\fmc-display\rpiDisplayShapes.c:247:10:drawChar	48	static
..\Core\Src\fmc-display\rpiDisplayShapes.c:272:10:getCharXadv	24	static
..\Core\Src\fmc-display\rpiDisplayShapes.c:277:10:drawCharIntoFramebuffer	56	static
..\Core\Src\fmc-display\rpiDisplayShapes.c:309:9:drawString	40	static
..\Core\Src\fmc-display\rpiDisplayShapes.c:322:10:drawStringIntoFramebuffer	64	static
