..\Core\Src\fmc-display\rpiSceneBuilderUser.cpp:48:6:void changebackground(uint16_t)	32	static
..\Core\Src\fmc-display\rpiSceneBuilderUser.cpp:52:6:void setrpmdata(char*)	32	static
..\Core\Src\fmc-display\rpiSceneBuilderUser.cpp:58:6:void settempdata(char*)	32	static
..\Core\Src\fmc-display\rpiSceneBuilderUser.cpp:65:6:void setgeardata(char*)	32	static
..\Core\Src\fmc-display\rpiSceneBuilderUser.cpp:71:6:void setbattdata(char*)	32	static
..\Core\Src\fmc-display\rpiSceneBuilderUser.cpp:77:6:void setspeeddata(char*)	32	static
..\Core\Src\fmc-display\rpiSceneBuilderUser.cpp:83:6:void domainscreen()	8	static
..\Core\Src\fmc-display\rpiSceneBuilderUser.cpp:88:6:void dosplashscene()	8	static
..\Core\Src\fmc-display\rpiSceneBuilderUser.cpp:91:1:void __static_initialization_and_destruction_0()	32	static
..\Core\Src\fmc-display\rpiSceneBuilderUser.cpp:91:1:cpp)	8	static
