C:\ST\STM32CubeIDE_1.17.0\STM32CubeIDE\plugins\com.st.stm32cube.ide.mcu.externaltools.gnu-tools-for-stm32.14.3.rel1.win32_1.0.100.202602081740\tools\arm-none-eabi\include\c++\14.3.1\arm-none-eabi\thumb\v7e-m+dp\hard\bits\gthr-default.h:229:1:int __gthread_key_delete(__gthread_key_t)	16	static
..\Core\Src\fmc-display\rpiSceneBuilderUser.cpp:61:6:void changebackground(uint16_t)	32	static
..\Core\Src\fmc-display\rpiSceneBuilderUser.cpp:65:6:void setrpmdata(char*)	32	static
..\Core\Src\fmc-display\rpiSceneBuilderUser.cpp:71:6:void settempdata(char*)	32	static
..\Core\Src\fmc-display\rpiSceneBuilderUser.cpp:78:6:void setgeardata(char*)	32	static
..\Core\Src\fmc-display\rpiSceneBuilderUser.cpp:84:6:void setbattdata(char*)	32	static
..\Core\Src\fmc-display\rpiSceneBuilderUser.cpp:90:6:void setspeeddata(char*)	32	static
..\Core\Src\fmc-display\rpiSceneBuilderUser.cpp:96:6:void domainscreen()	8	static
..\Core\Src\fmc-display\rpiSceneBuilderUser.cpp:101:6:void dodatascreen()	8	static
..\Core\Src\fmc-display\rpiSceneBuilderUser.cpp:106:6:void dosplashscene()	8	static
..\Core\Src\fmc-display\rpiSceneBuilderUser.cpp:111:6:void initdatascreen()	56	static
..\Core\Src\fmc-display\rpiSceneBuilderUser.cpp:132:1:void __static_initialization_and_destruction_0()	32	static
..\Core\Src\fmc-display\rpiSceneBuilderUser.cpp:132:1:cpp)	8	static
